[Licensing::Module] Trying to connect to existing licensing client channel...
Built from '6000.4/staging' branch; Version is '6000.4.8f1 (f8b72d3d7343) revision 16299821'; Using compiler version '194234433'; Build Type 'Release'
[Licensing::IpcConnector] Successfully connected to: "LicenseClient-sdziu" at "2026-05-28T08:43:14.1946257Z"
OS: 'Windows 11  (10.0.26200) Core' Language: 'en' Physical Memory: 16076 MB
BatchMode: 1, IsHumanControllingUs: 0, StartBugReporterOnCrash: 0, Is64bit: 1
System  architecture: x64
Process architecture: x64
Date: 2026-05-28T08:43:14Z

COMMAND LINE ARGUMENTS:
C:\Program Files\Unity\Hub\Editor\6000.4.8f1\Editor\Unity.exe
-adb2
-batchMode
-noUpm
-name
AssetImportWorker3
-projectPath
C:/Users/sdziu/my_documents/0_repositories/whoops
-logFile
Logs/AssetImportWorker3.log
-srvPort
56663
-licensingIpc
LicenseClient-sdziu
-force-d3d12
-job-worker-count
7
-background-job-worker-count
8
-gc-helper-count
1
-name
AssetImport
Successfully changed project path to: C:/Users/sdziu/my_documents/0_repositories/whoops
C:/Users/sdziu/my_documents/0_repositories/whoops
[UnityMemory] Configuration Parameters - Can be set up in boot.config
    "memorysetup-temp-allocator-size-gi-baking-worker=262144"
    "memorysetup-temp-allocator-size-gi-baking-worker=262144"
    "memorysetup-temp-allocator-size-gi-baking-worker=262144"
    "memorysetup-temp-allocator-size-gi-baking-worker=262144"
    "memorysetup-temp-allocator-size-gi-baking-worker=262144"
    "memorysetup-temp-allocator-size-nav-mesh-worker=65536"
    "memorysetup-temp-allocator-size-audio-worker=65536"
    "memorysetup-temp-allocator-size-cloud-worker=32768"
    "memorysetup-temp-allocator-size-gfx=262144"
    "memorysetup-temp-allocator-size-preload-manager=33554432"
    "memorysetup-temp-allocator-size-job-worker=262144"
    "memorysetup-temp-allocator-size-background-worker=32768"
    "memorysetup-allocator-temp-initial-block-size-main=262144"
    "memorysetup-allocator-temp-initial-block-size-worker=262144"
    "memorysetup-bucket-allocator-granularity=16"
    "memorysetup-bucket-allocator-bucket-count=8"
    "memorysetup-bucket-allocator-block-size=33554432"
    "memorysetup-bucket-allocator-block-count=8"
    "memorysetup-main-allocator-block-size=16777216"
    "memorysetup-thread-allocator-block-size=16777216"
    "memorysetup-gfx-main-allocator-block-size=16777216"
    "memorysetup-gfx-thread-allocator-block-size=16777216"
    "memorysetup-cache-allocator-block-size=4194304"
    "memorysetup-typetree-allocator-block-size=2097152"
    "memorysetup-profiler-bucket-allocator-granularity=16"
    "memorysetup-profiler-bucket-allocator-bucket-count=8"
    "memorysetup-profiler-bucket-allocator-block-size=33554432"
    "memorysetup-profiler-bucket-allocator-block-count=8"
    "memorysetup-profiler-allocator-block-size=16777216"
    "memorysetup-profiler-editor-allocator-block-size=1048576"
    "memorysetup-temp-allocator-size-main=16777216"
    "memorysetup-job-temp-allocator-block-size=2097152"
    "memorysetup-job-temp-allocator-block-size-background=1048576"
    "memorysetup-job-temp-allocator-reduction-small-platforms=262144"
Player connection [25908]  Target information:

Player connection [25908]  * "[IP] 26.197.100.150 [Port] 0 [Flags] 2 [Guid] 3052246162 [EditorId] 3052246162 [Version] 1048832 [Id] WindowsEditor(7,DESKTOP-BMK0IR6) [Debug] 1 [PackageName] WindowsEditor [ProjectName] Editor" 

Player connection [25908]  * "[IP] 172.29.64.1 [Port] 0 [Flags] 2 [Guid] 3052246162 [EditorId] 3052246162 [Version] 1048832 [Id] WindowsEditor(7,DESKTOP-BMK0IR6) [Debug] 1 [PackageName] WindowsEditor [ProjectName] Editor" 

Player connection [25908]  * "[IP] 10.82.133.89 [Port] 0 [Flags] 2 [Guid] 3052246162 [EditorId] 3052246162 [Version] 1048832 [Id] WindowsEditor(7,DESKTOP-BMK0IR6) [Debug] 1 [PackageName] WindowsEditor [ProjectName] Editor" 

Player connection [25908]  * "[IP] 192.168.1.102 [Port] 0 [Flags] 2 [Guid] 3052246162 [EditorId] 3052246162 [Version] 1048832 [Id] WindowsEditor(7,DESKTOP-BMK0IR6) [Debug] 1 [PackageName] WindowsEditor [ProjectName] Editor" 

Player connection [25908] Host joined multi-casting on [225.0.0.222:54997]...
Player connection [25908] Host joined alternative multi-casting on [225.0.0.222:34997]...
JobSystem: Creating JobQueue using job-worker-count value 7
Input System module state changed to: Initialized.
[Physics::Module] Initialized fallback backend.
[Physics::Module] Id: 0xdecafbad
Library Redirect Path: Library/
[Physics::Module] Selected backend.
[Physics::Module] Name: PhysX
[Physics::Module] Id: 0xf2b8ea05
[Physics::Module] SDK Version: 4.1.2
[Physics::Module] Integration Version: 1.0.0
[Physics::Module] Threading Mode: Multi-Threaded
Refreshing native plugins compatible for Editor in 9.75 ms, found 5 plugins.
Initialize engine version: 6000.4.8f1 (f8b72d3d7343)
[Subsystems] Discovering subsystems at path C:/Program Files/Unity/Hub/Editor/6000.4.8f1/Editor/Data/Resources/UnitySubsystems
[Subsystems] Discovering subsystems at path C:/Users/sdziu/my_documents/0_repositories/whoops/Assets
Forcing GfxDevice: Direct3D 12
GfxDevice: creating device client; kGfxThreadingModeNonThreaded
d3d12: failed to query info queue interface (0x80004002).
Direct3D:
    Version:         Direct3D 12 [level 12.1]
    Renderer:        Intel(R) UHD Graphics (ID=0xa7a8)
    Vendor:          Intel
    VRAM:            8038 MB
    App VRAM Budget: 7380 MB
    Driver:          32.0.101.7076
    Unified Memory Architecture
    Cache Coherent UMA
Initialize mono
Mono path[0] = 'C:/Program Files/Unity/Hub/Editor/6000.4.8f1/Editor/Data/Managed'
Mono path[1] = 'C:/Program Files/Unity/Hub/Editor/6000.4.8f1/Editor/Data/MonoBleedingEdge/lib/mono/unityjit-win32'
Mono config path = 'C:/Program Files/Unity/Hub/Editor/6000.4.8f1/Editor/Data/MonoBleedingEdge/etc'
Using monoOptions --debugger-agent=transport=dt_socket,embedding=1,server=y,suspend=n,address=127.0.0.1:56516
CodeReloadManager initialized
Begin MonoManager ReloadAssembly
Registering precompiled unity dll's ...
Register platform support module: C:/Program Files/Unity/Hub/Editor/6000.4.8f1/Editor/Data/PlaybackEngines/WindowsStandaloneSupport/UnityEditor.WindowsStandalone.Extensions.dll
Registered in 0.004383 seconds.
[Licensing::Client] Error: HandshakeResponse reported an error:
	ResponseCode: 505
	ResponseStatus: Unsupported protocol version '1.18.1'.
[Licensing::Module] Error: Failed to handshake to channel: "LicenseClient-sdziu"
[Licensing::IpcConnector] LicenseClient-sdziu channel disconnected successfully.
[Licensing::IpcConnector] Successfully connected to: "LicenseClient-sdziu-6000.4.8" at "2026-05-28T08:43:16.9927568Z"
[Licensing::Client] Code 10 while verifying Licensing Client signature (process Id: 29356, path: "C:/Program Files/Unity/Hub/Editor/6000.4.8f1/Editor/Data/Resources/Licensing/Client/Unity.Licensing.Client.exe")
[Licensing::Module] LicensingClient has failed validation; ignoring
[Licensing::Client] Handshaking with LicensingClient:
  Version:                 1.18.1+9fbee8e
  Session Id:              fb0d81eda8f54348b8c4cc37d0f103d4
  Correlation Id:          88cd22dc8076f3b7d0539632499c5694
  External correlation Id: 6674906877034081844
  Machine Id:              Q6Vl5DVYSTnyzT9cj0suQkgA2P4=
[Licensing::Module] Successfully connected to LicensingClient on channel: "LicenseClient-sdziu-6000.4.8" (connect: 0.00s, validation: 0.00s, handshake: 0.02s)
[Licensing::IpcConnector] Successfully connected to: "LicenseClient-sdziu-6000.4.8-notifications" at "2026-05-28T08:43:17.0154114Z"
[Licensing::Module] Licensing Background thread has ended after 2.82s
Native extension for WindowsStandalone target not found
Package Manager log level set to [2]
[Package Manager] Failed to launch server process. Reason: Unity was launched with the -noUpm command-line argument
[Package Manager] Unable to send message (not connected to server process).
[Package Manager] Cannot connect to Unity Package Manager local server
ScheduleIndexationOnStartup MainProcess:False IndexOnStartup:True
Mono: successfully reloaded assembly
- Finished resetting the current domain, in  0.978 seconds
Domain Reload Profiling: 2310ms
	BeginReloadAssembly (405ms)
	RebuildCommonClasses (110ms)
	RebuildNativeTypeToScriptingClass (37ms)
	initialDomainReloadingComplete (193ms)
	LoadAllAssembliesAndSetupDomain (584ms)
		LoadAssemblies (395ms)
		AnalyzeDomain (559ms)
			TypeCache.Refresh (556ms)
				TypeCache.ScanAssembly (511ms)
	FinalizeReload (981ms)
		SetupLoadedEditorAssemblies (0ms)
			InitializePlatformSupportModulesInManaged (141ms)
			BeforeProcessingInitializeOnLoad (217ms)
			ProcessInitializeOnLoadAttributes (253ms)
			ProcessInitializeOnLoadMethodAttributes (199ms)
========================================================================
Worker process is ready to serve import requests
Import Worker Mode flag is 0x00
Begin MonoManager ReloadAssembly
[Licensing::Client] Successfully resolved entitlement details
[Licensing::Module] License group:
  Id: 10170887667645-UnityPersXXXX
  Product: Unity Personal
  Type: Assigned
  Expiration: Unlimited
Assembly Assembly-CSharp-Editor-firstpass.dll at Library/ScriptAssemblies/Assembly-CSharp-Editor-firstpass.dll not valid. Loading of assembly skipped.
Assembly Assembly-CSharp-firstpass.dll at Library/ScriptAssemblies/Assembly-CSharp-firstpass.dll not valid. Loading of assembly skipped.
Assembly DocCodeExamples.dll at Library/ScriptAssemblies/DocCodeExamples.dll not valid. Loading of assembly skipped.
Assembly TestNewCustomAssembly.dll at Library/ScriptAssemblies/TestNewCustomAssembly.dll not valid. Loading of assembly skipped.
Assembly Unity.2D.Animation.EditorTests.dll at Library/ScriptAssemblies/Unity.2D.Animation.EditorTests.dll not valid. Loading of assembly skipped.
Assembly Unity.2D.Aseprite.EditorTests.dll at Library/ScriptAssemblies/Unity.2D.Aseprite.EditorTests.dll not valid. Loading of assembly skipped.
Assembly Unity.2D.Common.EditorTests.dll at Library/ScriptAssemblies/Unity.2D.Common.EditorTests.dll not valid. Loading of assembly skipped.
Assembly Unity.2D.PixelPerfect.Editor.Tests.dll at Library/ScriptAssemblies/Unity.2D.PixelPerfect.Editor.Tests.dll not valid. Loading of assembly skipped.
Assembly Unity.2D.Psdimporter.EditorTests.dll at Library/ScriptAssemblies/Unity.2D.Psdimporter.EditorTests.dll not valid. Loading of assembly skipped.
Assembly Unity.2D.Sprite.Package.EditorTests.dll at Library/ScriptAssemblies/Unity.2D.Sprite.Package.EditorTests.dll not valid. Loading of assembly skipped.
Assembly Unity.2D.SpriteShape.EditorTests.dll at Library/ScriptAssemblies/Unity.2D.SpriteShape.EditorTests.dll not valid. Loading of assembly skipped.
Assembly Unity.2D.Tilemap.Package.EditorTests.dll at Library/ScriptAssemblies/Unity.2D.Tilemap.Package.EditorTests.dll not valid. Loading of assembly skipped.
Assembly Unity.Collections.BurstCompatibilityGen.dll at Library/ScriptAssemblies/Unity.Collections.BurstCompatibilityGen.dll not valid. Loading of assembly skipped.
Assembly Unity.Collections.DocCodeSamples.dll at Library/ScriptAssemblies/Unity.Collections.DocCodeSamples.dll not valid. Loading of assembly skipped.
Assembly Unity.Collections.PerformanceTests.dll at Library/ScriptAssemblies/Unity.Collections.PerformanceTests.dll not valid. Loading of assembly skipped.
Assembly Unity.Collections.Tests.dll at Library/ScriptAssemblies/Unity.Collections.Tests.dll not valid. Loading of assembly skipped.
Assembly Unity.Collections.Tests.Playmode.dll at Library/ScriptAssemblies/Unity.Collections.Tests.Playmode.dll not valid. Loading of assembly skipped.
Assembly Unity.InputSystem.IntegrationTests.dll at Library/ScriptAssemblies/Unity.InputSystem.IntegrationTests.dll not valid. Loading of assembly skipped.
Assembly Unity.Mathematics.Tests.dll at Library/ScriptAssemblies/Unity.Mathematics.Tests.dll not valid. Loading of assembly skipped.
Assembly Unity.Multiplayer.Center.Editor.Tests.dll at Library/ScriptAssemblies/Unity.Multiplayer.Center.Editor.Tests.dll not valid. Loading of assembly skipped.
Assembly Unity.Multiplayer.Center.Tests.dll at Library/ScriptAssemblies/Unity.Multiplayer.Center.Tests.dll not valid. Loading of assembly skipped.
Assembly Unity.Nuget.Mono-Cecil.dll at Library/ScriptAssemblies/Unity.Nuget.Mono-Cecil.dll not valid. Loading of assembly skipped.
Assembly Unity.PathTracing.Editor.Tests.dll at Library/ScriptAssemblies/Unity.PathTracing.Editor.Tests.dll not valid. Loading of assembly skipped.
Assembly Unity.PathTracing.Runtime.Tests.dll at Library/ScriptAssemblies/Unity.PathTracing.Runtime.Tests.dll not valid. Loading of assembly skipped.
Assembly Unity.RenderPipelines.Core.Editor.Tests.dll at Library/ScriptAssemblies/Unity.RenderPipelines.Core.Editor.Tests.dll not valid. Loading of assembly skipped.
Assembly Unity.RenderPipelines.Core.Runtime.Tests.dll at Library/ScriptAssemblies/Unity.RenderPipelines.Core.Runtime.Tests.dll not valid. Loading of assembly skipped.
Assembly Unity.RenderPipelines.Universal.Config.Editor.Tests.dll at Library/ScriptAssemblies/Unity.RenderPipelines.Universal.Config.Editor.Tests.dll not valid. Loading of assembly skipped.
Assembly Unity.RenderPipelines.Universal.Editor.Tests.dll at Library/ScriptAssemblies/Unity.RenderPipelines.Universal.Editor.Tests.dll not valid. Loading of assembly skipped.
Assembly Unity.RenderPipelines.Universal.Runtime.Tests.dll at Library/ScriptAssemblies/Unity.RenderPipelines.Universal.Runtime.Tests.dll not valid. Loading of assembly skipped.
Assembly Unity.Searcher.EditorTests.dll at Library/ScriptAssemblies/Unity.Searcher.EditorTests.dll not valid. Loading of assembly skipped.
Assembly Unity.ShaderGraph.Editor.Tests.dll at Library/ScriptAssemblies/Unity.ShaderGraph.Editor.Tests.dll not valid. Loading of assembly skipped.
Assembly Unity.TextMeshPro.Editor.Tests.dll at Library/ScriptAssemblies/Unity.TextMeshPro.Editor.Tests.dll not valid. Loading of assembly skipped.
Assembly Unity.TextMeshPro.Tests.dll at Library/ScriptAssemblies/Unity.TextMeshPro.Tests.dll not valid. Loading of assembly skipped.
Assembly Unity.UnifiedRayTracing.Editor.Tests.dll at Library/ScriptAssemblies/Unity.UnifiedRayTracing.Editor.Tests.dll not valid. Loading of assembly skipped.
Assembly UnityEditor.UI.Common.Tests.dll at Library/ScriptAssemblies/UnityEditor.UI.Common.Tests.dll not valid. Loading of assembly skipped.
Assembly UnityEditor.UI.EditorTests.dll at Library/ScriptAssemblies/UnityEditor.UI.EditorTests.dll not valid. Loading of assembly skipped.
Assembly UnityEngine.UI.Tests.dll at Library/ScriptAssemblies/UnityEngine.UI.Tests.dll not valid. Loading of assembly skipped.
Symbol file LoadedFromMemory is not a mono symbol file
Refreshing native plugins compatible for Editor in 16.93 ms, found 5 plugins.
Native extension for WindowsStandalone target not found
[Package Manager] Failed to launch server process. Reason: Unity was launched with the -noUpm command-line argument
[Package Manager] Unable to send message (not connected to server process).
[Package Manager] Cannot connect to Unity Package Manager local server
Refreshing native plugins compatible for Editor in 8.36 ms, found 5 plugins.
[Package Manager] Failed to launch server process. Reason: Unity was launched with the -noUpm command-line argument
[Package Manager] Unable to send message (not connected to server process).
[Package Manager] Cannot connect to Unity Package Manager local server
ScheduleIndexationOnStartup MainProcess:False IndexOnStartup:True
Mono: successfully reloaded assembly
- Finished resetting the current domain, in  1.789 seconds
Domain Reload Profiling: 3762ms
	BeginReloadAssembly (379ms)
		DisableScriptedObjects (10ms)
		CreateAndSetChildDomain (59ms)
	RebuildCommonClasses (78ms)
	RebuildNativeTypeToScriptingClass (31ms)
	initialDomainReloadingComplete (154ms)
	LoadAllAssembliesAndSetupDomain (1330ms)
		LoadAssemblies (890ms)
		AnalyzeDomain (639ms)
			TypeCache.Refresh (447ms)
				TypeCache.ScanAssembly (413ms)
			BuildScriptInfoCaches (165ms)
			ResolveRequiredComponents (23ms)
	FinalizeReload (1790ms)
		SetupLoadedEditorAssemblies (0ms)
			InitializePlatformSupportModulesInManaged (4ms)
			BeforeProcessingInitializeOnLoad (324ms)
			ProcessInitializeOnLoadAttributes (753ms)
			ProcessInitializeOnLoadMethodAttributes (334ms)
			AfterProcessingInitializeOnLoad (11ms)
		AwakeInstancesAfterBackupRestoration (12ms)
Launched and connected shader compiler UnityShaderCompiler.exe after 0.04 seconds
Refreshing native plugins compatible for Editor in 7.79 ms, found 5 plugins.
Unloading 24 Unused Serialized files (Serialized files now loaded: 0)
Unloading 7417 unused Assets / (5.4 MB). Loaded Objects now: 8244.
Memory consumption went from 167.5 MB to 162.1 MB.
Total: 16.466400 ms (FindLiveObjects: 2.643500 ms CreateObjectMapping: 0.719800 ms MarkObjects: 9.081700 ms  DeleteObjects: 4.016800 ms)

========================================================================
Received Import Request.
  Time since last request: 1176239.182041 seconds.
  path: Assets/TextMesh Pro/Examples & Extras/Scenes/18 - ScrollRect & Masking & Layout.unity
  importAddress: Guid(03f9d74cec8e4b94a29d2dfd177c821b) Importer(2089858483,b0f066a214c2f5e87bad3c948f4d605d)
Start importing Assets/TextMesh Pro/Examples & Extras/Scenes/18 - ScrollRect & Masking & Layout.unity using Guid(03f9d74cec8e4b94a29d2dfd177c821b) Importer(2089858483,b0f066a214c2f5e87bad3c948f4d605d) (ScriptedImporter) -> (Import Result ID: 'db163a6b13e2496949f51baa569862be') in 0.1812062 seconds [static and dynamic dependencies]. Details - ImportResultOutputID=ae398350ab6755ab880c8588f686c1a0 DependenciesID=1aac972f254c0639a26d870b04bbd383 StaticDependenciesID=b9e5404fd366481ef73e657d3d7a6fd7 
Number of updated asset objects reloaded before import = 0Number of asset objects unloaded after import = 1

========================================================================
Received Import Request.
  Time since last request: 0.000042 seconds.
  path: Assets/YandexGame/ScriptsYG/YandexGame.cs
  importAddress: Guid(404d6214ebdd58d43a94c7ed650dc2f1) Importer(2089858483,b0f066a214c2f5e87bad3c948f4d605d)
Start importing Assets/YandexGame/ScriptsYG/YandexGame.cs using Guid(404d6214ebdd58d43a94c7ed650dc2f1) Importer(2089858483,b0f066a214c2f5e87bad3c948f4d605d) (ScriptedImporter) -> (Import Result ID: 'c05212faa4496dd80f31d0e95277c88a') in 0.0564326 seconds [static and dynamic dependencies]. Details - ImportResultOutputID=83ba8cfdae5d52fb6875ab010de236f6 DependenciesID=403534b4b47324d83f6e5f6d0f4f3b4a StaticDependenciesID=83000c607b7f649adf7da8dafae42ab1 
Number of updated asset objects reloaded before import = 0Number of asset objects unloaded after import = 0

========================================================================
Received Import Request.
  Time since last request: 0.000039 seconds.
  path: Assets/Animation/Barber/Idle/Barber.png
  importAddress: Guid(50323c14a5132e040ad6910ec9e6be6e) Importer(2089858483,b0f066a214c2f5e87bad3c948f4d605d)
Start importing Assets/Animation/Barber/Idle/Barber.png using Guid(50323c14a5132e040ad6910ec9e6be6e) Importer(2089858483,b0f066a214c2f5e87bad3c948f4d605d) (ScriptedImporter) -> (Import Result ID: 'c6fc7d3c99a3f30b4584c7be741668e9') in 0.1285581 seconds [static and dynamic dependencies]. Details - ImportResultOutputID=344b2db95fdf09b2c843fcbc052fb155 DependenciesID=73183cb964b235f32bab661dbdc8f3e3 StaticDependenciesID=e96f3510d9397710df38fcd3e715d4e1 
Number of updated asset objects reloaded before import = 0Number of asset objects unloaded after import = 3

========================================================================
Received Import Request.
  Time since last request: 0.000034 seconds.
  path: Assets/YandexGame/Third-Party Notices.txt
  importAddress: Guid(fc4bfab6e54579742919652139a338e0) Importer(2089858483,b0f066a214c2f5e87bad3c948f4d605d)
Start importing Assets/YandexGame/Third-Party Notices.txt using Guid(fc4bfab6e54579742919652139a338e0) Importer(2089858483,b0f066a214c2f5e87bad3c948f4d605d) (ScriptedImporter) -> (Import Result ID: '3ee32f5f9ebb9daa231a9fed9c8b2a17') in 0.0494131 seconds [static and dynamic dependencies]. Details - ImportResultOutputID=74aea8f97a9e77986f463c5bf7370005 DependenciesID=e7c46aaa4dac25380913d7f7cdf64ec4 StaticDependenciesID=e63f86b0bd96dc78fbd5c3bb1a2f8c86 
Number of updated asset objects reloaded before import = 0Number of asset objects unloaded after import = 1

========================================================================
Received Import Request.
  Time since last request: 0.000047 seconds.
  path: Assets/Resources/AnswerButton.prefab
  importAddress: Guid(a7543cd0186eaee4cb486f264a29781f) Importer(2089858483,b0f066a214c2f5e87bad3c948f4d605d)
Start importing Assets/Resources/AnswerButton.prefab using Guid(a7543cd0186eaee4cb486f264a29781f) Importer(2089858483,b0f066a214c2f5e87bad3c948f4d605d) (ScriptedImporter) -> (Import Result ID: '31b9bb586e4f75a527b027a68fb79139') in 0.2255953 seconds [static and dynamic dependencies]. Details - ImportResultOutputID=8e50e2fbe2d3efbdb908a108c5730684 DependenciesID=5ebf1dc78f5a7b8a8a79521a303d9aaf StaticDependenciesID=e868e39242fd853f2bb00d4e2f8b69e0 
Number of updated asset objects reloaded before import = 0Number of asset objects unloaded after import = 20

========================================================================
Received Import Request.
  Time since last request: 0.000039 seconds.
  path: Assets/TextMesh Pro/Examples & Extras/Scripts/SkewTextExample.cs
  importAddress: Guid(d412675cfb3441efa3bf8dcd9b7624dc) Importer(2089858483,b0f066a214c2f5e87bad3c948f4d605d)
Start importing Assets/TextMesh Pro/Examples & Extras/Scripts/SkewTextExample.cs using Guid(d412675cfb3441efa3bf8dcd9b7624dc) Importer(2089858483,b0f066a214c2f5e87bad3c948f4d605d) (ScriptedImporter) -> (Import Result ID: 'd95026f8ec65094b8fa33db26db9729c') in 0.031545 seconds [static and dynamic dependencies]. Details - ImportResultOutputID=62f381cc9948308e29e6aa30e6ea2eee DependenciesID=191ba9866f61c6c9863f289b5948c006 StaticDependenciesID=aafd9f31dcf99c11166ac84bbe1b4a8a 
Number of updated asset objects reloaded before import = 0Number of asset objects unloaded after import = 0

========================================================================
Received Import Request.
  Time since last request: 0.000053 seconds.
  path: Assets/TextMesh Pro/Examples & Extras/Scripts/Benchmark04.cs
  importAddress: Guid(dc20866c0d5e413ab7559440e15333ae) Importer(2089858483,b0f066a214c2f5e87bad3c948f4d605d)
Start importing Assets/TextMesh Pro/Examples & Extras/Scripts/Benchmark04.cs using Guid(dc20866c0d5e413ab7559440e15333ae) Importer(2089858483,b0f066a214c2f5e87bad3c948f4d605d) (ScriptedImporter) -> (Import Result ID: '591e9445881f4bde6c7e1b5add9aebfe') in 0.0292048 seconds [static and dynamic dependencies]. Details - ImportResultOutputID=30df41a026d44092b14983aa36c418d3 DependenciesID=cd1295b5e5ec3ef90394e2f49ea23861 StaticDependenciesID=9a563d88ba0223390ffeed17e569a4bc 
Number of updated asset objects reloaded before import = 0Number of asset objects unloaded after import = 0

========================================================================
Received Import Request.
  Time since last request: 0.000028 seconds.
  path: Assets/DropAction.cs
  importAddress: Guid(7107430314d725349a70dbbd765f989d) Importer(2089858483,b0f066a214c2f5e87bad3c948f4d605d)
Start importing Assets/DropAction.cs using Guid(7107430314d725349a70dbbd765f989d) Importer(2089858483,b0f066a214c2f5e87bad3c948f4d605d) (ScriptedImporter) -> (Import Result ID: '3e1bf8b35a7d1e83074c9bb656824dbb') in 0.0257497 seconds [static and dynamic dependencies]. Details - ImportResultOutputID=852adb079f804f855c612af698c8f29d DependenciesID=f696f63eab0425fad1b04aad548c6ffd StaticDependenciesID=31ca7ca6edd91cf76fc8244df07540de 
Number of updated asset objects reloaded before import = 0Number of asset objects unloaded after import = 0

========================================================================
Received Import Request.
  Time since last request: 0.000027 seconds.
  path: Assets/YandexGame/Example/Scripts/SaverTest.cs
  importAddress: Guid(92f7f975d78c4f74f8d4ebb4c4d715fa) Importer(2089858483,b0f066a214c2f5e87bad3c948f4d605d)
Start importing Assets/YandexGame/Example/Scripts/SaverTest.cs using Guid(92f7f975d78c4f74f8d4ebb4c4d715fa) Importer(2089858483,b0f066a214c2f5e87bad3c948f4d605d) (ScriptedImporter) -> (Import Result ID: 'c02cc523b5ccb6fd3a6136d71fcd1cc2') in 0.0239812 seconds [static and dynamic dependencies]. Details - ImportResultOutputID=9595aac4a585c76e2943ba28703be25a DependenciesID=b582f2c800480eea2927173983260e22 StaticDependenciesID=0eb143c4f694ef159ab66bb432a96bd2 
Number of updated asset objects reloaded before import = 0Number of asset objects unloaded after import = 0

========================================================================
Received Import Request.
  Time since last request: 0.000053 seconds.
  path: Assets/YandexGame/Example/Scripts/RewardedAd.cs
  importAddress: Guid(32d6301ad6c0c014383de7dc9c37f337) Importer(2089858483,b0f066a214c2f5e87bad3c948f4d605d)
Start importing Assets/YandexGame/Example/Scripts/RewardedAd.cs using Guid(32d6301ad6c0c014383de7dc9c37f337) Importer(2089858483,b0f066a214c2f5e87bad3c948f4d605d) (ScriptedImporter) -> (Import Result ID: 'afd811efe4124282326dd7bb4073a555') in 0.0273156 seconds [static and dynamic dependencies]. Details - ImportResultOutputID=24615b88fbeaa6c003015ce1eac42592 DependenciesID=36668bd50d663de50a5fd1366a9a912d StaticDependenciesID=fa2b644cff2e6ef738c3e11e116e59d5 
Number of updated asset objects reloaded before import = 0Number of asset objects unloaded after import = 0

========================================================================
Received Import Request.
  Time since last request: 0.000030 seconds.
  path: Assets/TextMesh Pro/Examples & Extras/Scenes/28 - HDRP Shader Example.unity
  importAddress: Guid(eea2b7206368b444e84fbec4ec32b64a) Importer(2089858483,b0f066a214c2f5e87bad3c948f4d605d)
Start importing Assets/TextMesh Pro/Examples & Extras/Scenes/28 - HDRP Shader Example.unity using Guid(eea2b7206368b444e84fbec4ec32b64a) Importer(2089858483,b0f066a214c2f5e87bad3c948f4d605d) (ScriptedImporter) -> (Import Result ID: 'b26234a6879375d995c61663ff892852') in 0.0539054 seconds [static and dynamic dependencies]. Details - ImportResultOutputID=b6cd11bb8db93fff9be3108f5f31dc37 DependenciesID=4474da916d2eb083078f6b239a4118a0 StaticDependenciesID=8be08d874b5130e65f1ff9a0df16511c 
Number of updated asset objects reloaded before import = 0Number of asset objects unloaded after import = 1

========================================================================
Received Import Request.
  Time since last request: 0.000034 seconds.
  path: Assets/TextMesh Pro/Sprites/EmojiOne.png
  importAddress: Guid(dffef66376be4fa480fb02b19edbe903) Importer(2089858483,b0f066a214c2f5e87bad3c948f4d605d)
Start importing Assets/TextMesh Pro/Sprites/EmojiOne.png using Guid(dffef66376be4fa480fb02b19edbe903) Importer(2089858483,b0f066a214c2f5e87bad3c948f4d605d) (ScriptedImporter) -> (Import Result ID: '3f402a82419f51e7f8acf3097254621a') in 0.0404248 seconds [static and dynamic dependencies]. Details - ImportResultOutputID=f3a520b495af75f6d208aa4815591c6c DependenciesID=426b4634d457f299288072cddcbcffb6 StaticDependenciesID=72754c583f55259311be80a50c410947 
Number of updated asset objects reloaded before import = 0Number of asset objects unloaded after import = 1

========================================================================
Received Import Request.
  Time since last request: 0.000046 seconds.
  path: Assets/YandexGame/ScriptsYG/Editor/CreateYandexGameEditor.cs
  importAddress: Guid(6b79d62e3e8af294e95683c03e2eb5fd) Importer(2089858483,b0f066a214c2f5e87bad3c948f4d605d)
Start importing Assets/YandexGame/ScriptsYG/Editor/CreateYandexGameEditor.cs using Guid(6b79d62e3e8af294e95683c03e2eb5fd) Importer(2089858483,b0f066a214c2f5e87bad3c948f4d605d) (ScriptedImporter) -> (Import Result ID: '4880ad1b471575a8114dfde6c1584f80') in 0.0239438 seconds [static and dynamic dependencies]. Details - ImportResultOutputID=db15559876617bf163ac1fa0b8bde53c DependenciesID=be418364628e737dc02022d90085660a StaticDependenciesID=2fcb1a2c37c8e114b4b8130a42d8ce14 
Number of updated asset objects reloaded before import = 0Number of asset objects unloaded after import = 0

========================================================================
Received Import Request.
  Time since last request: 0.000036 seconds.
  path: Assets/YandexGame/ScriptsYG/Initialization/InitYGAttribute.cs
  importAddress: Guid(162d6a9797796ef4ea7bc013aea8f557) Importer(2089858483,b0f066a214c2f5e87bad3c948f4d605d)
Start importing Assets/YandexGame/ScriptsYG/Initialization/InitYGAttribute.cs using Guid(162d6a9797796ef4ea7bc013aea8f557) Importer(2089858483,b0f066a214c2f5e87bad3c948f4d605d) (ScriptedImporter) -> (Import Result ID: 'c698222353752e99dd2b58ab8a6bd358') in 0.0290391 seconds [static and dynamic dependencies]. Details - ImportResultOutputID=3db54ca66df7916b02199c1b732c0e25 DependenciesID=da506cf6f030dfa5ed1581fa61680c7b StaticDependenciesID=b311c8d19bda0e17f8499b64f5f666fd 
Number of updated asset objects reloaded before import = 0Number of asset objects unloaded after import = 0

========================================================================
Received Import Request.
  Time since last request: 0.000035 seconds.
  path: Assets/TextMesh Pro/Examples & Extras/Scripts/CameraController.cs
  importAddress: Guid(2d687537154440a3913a9a3c7977978c) Importer(2089858483,b0f066a214c2f5e87bad3c948f4d605d)
Start importing Assets/TextMesh Pro/Examples & Extras/Scripts/CameraController.cs using Guid(2d687537154440a3913a9a3c7977978c) Importer(2089858483,b0f066a214c2f5e87bad3c948f4d605d) (ScriptedImporter) -> (Import Result ID: '6d430567c800b46eeb20a7f9b0cada5e') in 0.0304107 seconds [static and dynamic dependencies]. Details - ImportResultOutputID=c6bcedf591981298fed479f5e0af2240 DependenciesID=f3a4056423a0bd4748737bcdd72845be StaticDependenciesID=b36a3a13c5394907432796e653e3f53f 
Number of updated asset objects reloaded before import = 0Number of asset objects unloaded after import = 0

========================================================================
Received Import Request.
  Time since last request: 0.000048 seconds.
  path: Assets/TextMesh Pro/Examples & Extras/Scripts/TMP_ExampleScript_01.cs
  importAddress: Guid(6f2c5b59b6874405865e2616e4ec276a) Importer(2089858483,b0f066a214c2f5e87bad3c948f4d605d)
Start importing Assets/TextMesh Pro/Examples & Extras/Scripts/TMP_ExampleScript_01.cs using Guid(6f2c5b59b6874405865e2616e4ec276a) Importer(2089858483,b0f066a214c2f5e87bad3c948f4d605d) (ScriptedImporter) -> (Import Result ID: '9c7b9f35db3d3631e35841640d71791e') in 0.0303339 seconds [static and dynamic dependencies]. Details - ImportResultOutputID=f31c0ebead3e5a8f1fe691765f28907b DependenciesID=64f0639a25bed05472ffc471938ca5bb StaticDependenciesID=66e3c76775df87b3936a35efb871e89c 
Number of updated asset objects reloaded before import = 0Number of asset objects unloaded after import = 0

========================================================================
Received Import Request.
  Time since last request: 0.000027 seconds.
  path: Assets/TextMesh Pro/Examples & Extras/Scripts/VertexColorCycler.cs
  importAddress: Guid(91b8ba3d52e041fab2d0e0f169855539) Importer(2089858483,b0f066a214c2f5e87bad3c948f4d605d)
Start importing Assets/TextMesh Pro/Examples & Extras/Scripts/VertexColorCycler.cs using Guid(91b8ba3d52e041fab2d0e0f169855539) Importer(2089858483,b0f066a214c2f5e87bad3c948f4d605d) (ScriptedImporter) -> (Import Result ID: '50677872d2090bc10aade2d30cfde61c') in 0.0298315 seconds [static and dynamic dependencies]. Details - ImportResultOutputID=102bccc4694cab11f0464c127edc209b DependenciesID=93bc73866901c19262ecbcffffd1d82e StaticDependenciesID=7e8acb7d800c85a2de306c482345e735 
Number of updated asset objects reloaded before import = 0Number of asset objects unloaded after import = 0

========================================================================
Received Import Request.
  Time since last request: 0.000029 seconds.
  path: Assets/YandexGame/ScriptsYG/UnityToolbag-main/Notices.txt
  importAddress: Guid(cc6e38c4bf37af648bb6cebdc6fec015) Importer(2089858483,b0f066a214c2f5e87bad3c948f4d605d)
Start importing Assets/YandexGame/ScriptsYG/UnityToolbag-main/Notices.txt using Guid(cc6e38c4bf37af648bb6cebdc6fec015) Importer(2089858483,b0f066a214c2f5e87bad3c948f4d605d) (ScriptedImporter) -> (Import Result ID: 'a12834f56355e8ef3969d0dd2b91c1c6') in 0.0468012 seconds [static and dynamic dependencies]. Details - ImportResultOutputID=0ffb4488274a73ddcf2c799a148a32cf DependenciesID=7a83262c0bc56cef8380c9d57f3627a1 StaticDependenciesID=78e6d32519363e2ae10002e1e29f0282 
Number of updated asset objects reloaded before import = 0Number of asset objects unloaded after import = 1

========================================================================
Received Import Request.
  Time since last request: 0.000043 seconds.
  path: Assets/TextMesh Pro/Examples & Extras/Resources/Color Gradient Presets/Light to Dark Green - Vertical.asset
  importAddress: Guid(5cf8ae092ca54931b443bec5148f3c59) Importer(2089858483,b0f066a214c2f5e87bad3c948f4d605d)
Start importing Assets/TextMesh Pro/Examples & Extras/Resources/Color Gradient Presets/Light to Dark Green - Vertical.asset using Guid(5cf8ae092ca54931b443bec5148f3c59) Importer(2089858483,b0f066a214c2f5e87bad3c948f4d605d) (ScriptedImporter) -> (Import Result ID: '84dbadb469182c5d0556c6947e62fc14') in 0.1321604 seconds [static and dynamic dependencies]. Details - ImportResultOutputID=6d8ff56312e82b9fa9dc3230ccebf866 DependenciesID=fcecba78e3b2dc465912ac37c9cb9b90 StaticDependenciesID=ec8bc7d1ca3b5b045c9eea7d64795ab7 
Number of updated asset objects reloaded before import = 0Number of asset objects unloaded after import = 1

========================================================================
Received Import Request.
  Time since last request: 0.000032 seconds.
  path: Assets/TextMesh Pro/Examples & Extras/Scripts/ShaderPropAnimator.cs
  importAddress: Guid(2787a46a4dc848c1b4b7b9307b614bfd) Importer(2089858483,b0f066a214c2f5e87bad3c948f4d605d)
Start importing Assets/TextMesh Pro/Examples & Extras/Scripts/ShaderPropAnimator.cs using Guid(2787a46a4dc848c1b4b7b9307b614bfd) Importer(2089858483,b0f066a214c2f5e87bad3c948f4d605d) (ScriptedImporter) -> (Import Result ID: '630df2ea7a97dbab75bfd468af12af88') in 0.0641358 seconds [static and dynamic dependencies]. Details - ImportResultOutputID=b21fb566ac48e3c1667afc5b4684b435 DependenciesID=b5f078037c3c487b4d401303951bd1fd StaticDependenciesID=98869a4e4e20d75afa35689aaad0dcfe 
Number of updated asset objects reloaded before import = 0Number of asset objects unloaded after import = 0

========================================================================
Received Import Request.
  Time since last request: 0.000050 seconds.
  path: Assets/TextMesh Pro/Examples & Extras/Resources/Fonts & Materials/Bangers SDF Logo - URP.mat
  importAddress: Guid(6751ce1a4611b3940812c13a6847d94f) Importer(2089858483,b0f066a214c2f5e87bad3c948f4d605d)
Start importing Assets/TextMesh Pro/Examples & Extras/Resources/Fonts & Materials/Bangers SDF Logo - URP.mat using Guid(6751ce1a4611b3940812c13a6847d94f) Importer(2089858483,b0f066a214c2f5e87bad3c948f4d605d) (ScriptedImporter) -> (Import Result ID: '45da2eebf82fe3f42a89704c9b6a3f96') in 0.0943174 seconds [static and dynamic dependencies]. Details - ImportResultOutputID=b86772010f017ffb79a7d07f48f10990 DependenciesID=98c89bd394c8f496171b88398dba7725 StaticDependenciesID=ee4213d7e2b7ce91adcb71cfcd0a9dd6 
Number of updated asset objects reloaded before import = 0Number of asset objects unloaded after import = 5

========================================================================
Received Import Request.
  Time since last request: 0.000033 seconds.
  path: Assets/TextMesh Pro/Examples & Extras/Resources/Fonts & Materials/Anton SDF - Outline.mat
  importAddress: Guid(a00013af81304728b2be1f4309ee2433) Importer(2089858483,b0f066a214c2f5e87bad3c948f4d605d)
Start importing Assets/TextMesh Pro/Examples & Extras/Resources/Fonts & Materials/Anton SDF - Outline.mat using Guid(a00013af81304728b2be1f4309ee2433) Importer(2089858483,b0f066a214c2f5e87bad3c948f4d605d) (ScriptedImporter) -> (Import Result ID: 'ad77ff77ec3f2d3984897665321e96d2') in 0.1071037 seconds [static and dynamic dependencies]. Details - ImportResultOutputID=298aaa0cab1f911fb15bc8cb3aab4ca2 DependenciesID=560141bf6fbb14661385ac49828dd89f StaticDependenciesID=a1225ab7b50711cc478edcaaea5b9903 
Number of updated asset objects reloaded before import = 0Number of asset objects unloaded after import = 2

========================================================================
Received Import Request.
  Time since last request: 0.000043 seconds.
  path: Assets/YandexGame/Prefabs/Payments/Payments Catalog.prefab
  importAddress: Guid(b97c083bfad292a4d893ffbfdf23208f) Importer(2089858483,b0f066a214c2f5e87bad3c948f4d605d)
Start importing Assets/YandexGame/Prefabs/Payments/Payments Catalog.prefab using Guid(b97c083bfad292a4d893ffbfdf23208f) Importer(2089858483,b0f066a214c2f5e87bad3c948f4d605d) (ScriptedImporter) -> (Import Result ID: '560067fcb1f4d0eba4c4ce3caec95a9b') in 0.126789 seconds [static and dynamic dependencies]. Details - ImportResultOutputID=7fa4fa7db7589aa36a901cc0c14990b1 DependenciesID=d41d4d1f05232f71e7083208163a0d47 StaticDependenciesID=ff47c92ccb6a2e5efde88edcc58317ed 
Number of updated asset objects reloaded before import = 0Number of asset objects unloaded after import = 68

========================================================================
Received Import Request.
  Time since last request: 0.000054 seconds.
  path: Assets/TextMesh Pro/Examples & Extras/Resources/Fonts & Materials/Roboto-Bold SDF - Drop Shadow.mat
  importAddress: Guid(b246c4190f4e46ec9352fe15a7b09ce0) Importer(2089858483,b0f066a214c2f5e87bad3c948f4d605d)
Start importing Assets/TextMesh Pro/Examples & Extras/Resources/Fonts & Materials/Roboto-Bold SDF - Drop Shadow.mat using Guid(b246c4190f4e46ec9352fe15a7b09ce0) Importer(2089858483,b0f066a214c2f5e87bad3c948f4d605d) (ScriptedImporter) -> (Import Result ID: '777eef4b0e8024cbae8f50141ed02567') in 0.0889821 seconds [static and dynamic dependencies]. Details - ImportResultOutputID=5ee2dfa81f87503c71e83f1315bd5acb DependenciesID=4e90034ce0a8f584c40bca0974c6b73f StaticDependenciesID=1f7819d08b9d97a7ede0332930c651d2 
Number of updated asset objects reloaded before import = 0Number of asset objects unloaded after import = 2

========================================================================
Received Import Request.
  Time since last request: 0.000032 seconds.
  path: Assets/YandexGame/DebuggingMode/Scripts/DebuggingModeYG.cs
  importAddress: Guid(1941e6397309e694fa3dec609cd36544) Importer(2089858483,b0f066a214c2f5e87bad3c948f4d605d)
Start importing Assets/YandexGame/DebuggingMode/Scripts/DebuggingModeYG.cs using Guid(1941e6397309e694fa3dec609cd36544) Importer(2089858483,b0f066a214c2f5e87bad3c948f4d605d) (ScriptedImporter) -> (Import Result ID: '82f899df156379e073a25a1791160081') in 0.0365411 seconds [static and dynamic dependencies]. Details - ImportResultOutputID=68bf026908ebc6fd02521ba0222e0fb7 DependenciesID=d85772a87a2110a7105cc0289dcfa8ff StaticDependenciesID=5a76d5eed3a52d9fc9d83d4f824242a5 
Number of updated asset objects reloaded before import = 0Number of asset objects unloaded after import = 0

========================================================================
Received Import Request.
  Time since last request: 0.000075 seconds.
  path: Assets/TextMesh Pro/Examples & Extras/Scenes/28 - HDRP Shader Example/Sky and Fog Volume Profile.asset
  importAddress: Guid(83ba2e375bed45f48bce43e5a5f7c88a) Importer(2089858483,b0f066a214c2f5e87bad3c948f4d605d)
Start importing Assets/TextMesh Pro/Examples & Extras/Scenes/28 - HDRP Shader Example/Sky and Fog Volume Profile.asset using Guid(83ba2e375bed45f48bce43e5a5f7c88a) Importer(2089858483,b0f066a214c2f5e87bad3c948f4d605d) (ScriptedImporter) -> (Import Result ID: 'a6d90a516b5973a18de7dd74f3168ff1') in 0.0707682 seconds [static and dynamic dependencies]. Details - ImportResultOutputID=923345f85311a5bb3ca7a5561b6ee3a1 DependenciesID=9a6019987988fe6aa3c5e8d0136dacb2 StaticDependenciesID=00c07708b688970bf3662d169d166f3b 
Number of updated asset objects reloaded before import = 0Number of asset objects unloaded after import = 2

========================================================================
Received Import Request.
  Time since last request: 0.000055 seconds.
  path: Assets/YandexGame/Example/Scripts/NewResultLBExample.cs
  importAddress: Guid(77da4e298b787504f9a35fe14840b10a) Importer(2089858483,b0f066a214c2f5e87bad3c948f4d605d)
Start importing Assets/YandexGame/Example/Scripts/NewResultLBExample.cs using Guid(77da4e298b787504f9a35fe14840b10a) Importer(2089858483,b0f066a214c2f5e87bad3c948f4d605d) (ScriptedImporter) -> (Import Result ID: '1de4e65fca38511a881fe4a343653d1a') in 0.0355283 seconds [static and dynamic dependencies]. Details - ImportResultOutputID=bc2b01338c9a732c84710f6f74148e8b DependenciesID=e276a91aa57f8cc52faf7880791407f4 StaticDependenciesID=3235629fafa8c91db27f958b43523188 
Number of updated asset objects reloaded before import = 0Number of asset objects unloaded after import = 0

========================================================================
Received Import Request.
  Time since last request: 0.000031 seconds.
  path: Assets/YandexGame/Prefabs/Leaderboards/Simple LB Example.prefab
  importAddress: Guid(7e8446452335d9046a7294bf503167e3) Importer(2089858483,b0f066a214c2f5e87bad3c948f4d605d)
Start importing Assets/YandexGame/Prefabs/Leaderboards/Simple LB Example.prefab using Guid(7e8446452335d9046a7294bf503167e3) Importer(2089858483,b0f066a214c2f5e87bad3c948f4d605d) (ScriptedImporter) -> (Import Result ID: '412175bba3c610e7b16b034128ddbe20') in 0.2069399 seconds [static and dynamic dependencies]. Details - ImportResultOutputID=a078d60c713f1538cc6d6bf31d838508 DependenciesID=f596aeab2c79b69dd954eacd040d2a39 StaticDependenciesID=c2a5e685bbf002d7f692334a2d36ca9f 
Number of updated asset objects reloaded before import = 0Number of asset objects unloaded after import = 13

========================================================================
Received Import Request.
  Time since last request: 0.000038 seconds.
  path: Assets/YandexGame/ScriptsYG/GameReadyAPI/Plugins/GameReadyAPI.jslib
  importAddress: Guid(357ae29480fcc144293d927269bda9e5) Importer(2089858483,b0f066a214c2f5e87bad3c948f4d605d)
Start importing Assets/YandexGame/ScriptsYG/GameReadyAPI/Plugins/GameReadyAPI.jslib using Guid(357ae29480fcc144293d927269bda9e5) Importer(2089858483,b0f066a214c2f5e87bad3c948f4d605d) (ScriptedImporter) -> (Import Result ID: '0a1f660a9ad346ea299524902bc0e7f1') in 0.0369107 seconds [static and dynamic dependencies]. Details - ImportResultOutputID=1d47cb0ec140ac6d15ea731700c93151 DependenciesID=da60cd13c068b5775253a3c84959b3f7 StaticDependenciesID=a3baf38b318a5f709b45232a38672aa2 
Number of updated asset objects reloaded before import = 0Number of asset objects unloaded after import = 0

========================================================================
Received Import Request.
  Time since last request: 0.000046 seconds.
  path: Assets/YandexGame/ScriptsYG/Editor/PostProcessBuild/ArchivingBuild.cs
  importAddress: Guid(8ae2063ae9af1c0418943542136f4ff1) Importer(2089858483,b0f066a214c2f5e87bad3c948f4d605d)
Start importing Assets/YandexGame/ScriptsYG/Editor/PostProcessBuild/ArchivingBuild.cs using Guid(8ae2063ae9af1c0418943542136f4ff1) Importer(2089858483,b0f066a214c2f5e87bad3c948f4d605d) (ScriptedImporter) -> (Import Result ID: '75f13fe87eb4021fd200f3d22429a1d4') in 0.0321466 seconds [static and dynamic dependencies]. Details - ImportResultOutputID=d3019e9fb10ac0dff767efdc68bf6971 DependenciesID=9c71a7a7accba395e8cb649ffa1273ce StaticDependenciesID=70fa087adba3531146b3c097460277a8 
Number of updated asset objects reloaded before import = 0Number of asset objects unloaded after import = 0

========================================================================
Received Import Request.
  Time since last request: 0.000039 seconds.
  path: Assets/YandexGame/ScriptsYG/Editor/Utils/PackageDownloader.cs
  importAddress: Guid(655bfd4b0cf3a3b49b9476e8909dc16d) Importer(2089858483,b0f066a214c2f5e87bad3c948f4d605d)
Start importing Assets/YandexGame/ScriptsYG/Editor/Utils/PackageDownloader.cs using Guid(655bfd4b0cf3a3b49b9476e8909dc16d) Importer(2089858483,b0f066a214c2f5e87bad3c948f4d605d) (ScriptedImporter) -> (Import Result ID: '62170a77747fdeb0c41ba988ebe2767b') in 0.0315236 seconds [static and dynamic dependencies]. Details - ImportResultOutputID=b1a3c5f42039237483523f2a0681ca18 DependenciesID=66b9957749e3b0540c4622ad9b74f018 StaticDependenciesID=2b51727d3a3292d042674bf779eb1a68 
Number of updated asset objects reloaded before import = 0Number of asset objects unloaded after import = 0

========================================================================
Received Import Request.
  Time since last request: 0.000035 seconds.
  path: Assets/YandexGame/ScriptsYG/Language/Plugins/Language.jslib
  importAddress: Guid(c540b6da6a8891b46b7ff378ce3967b2) Importer(2089858483,b0f066a214c2f5e87bad3c948f4d605d)
Start importing Assets/YandexGame/ScriptsYG/Language/Plugins/Language.jslib using Guid(c540b6da6a8891b46b7ff378ce3967b2) Importer(2089858483,b0f066a214c2f5e87bad3c948f4d605d) (ScriptedImporter) -> (Import Result ID: '2223cc868564503e4a9fb0ca68d5080b') in 0.0306291 seconds [static and dynamic dependencies]. Details - ImportResultOutputID=c61fe40047864a7848a99378bb3719a8 DependenciesID=844ec6a012c6a31e003eb5df74b9d05d StaticDependenciesID=df887ee8ce899cee4105b02c07e7351b 
Number of updated asset objects reloaded before import = 0Number of asset objects unloaded after import = 0

========================================================================
Received Import Request.
  Time since last request: 0.000047 seconds.
  path: Assets/YandexGame/ScriptsYG/Language/Editor/TranslationTableEditorWindow.cs
  importAddress: Guid(ddad681fdebeeff45b49cc46dc9b2487) Importer(2089858483,b0f066a214c2f5e87bad3c948f4d605d)
Start importing Assets/YandexGame/ScriptsYG/Language/Editor/TranslationTableEditorWindow.cs using Guid(ddad681fdebeeff45b49cc46dc9b2487) Importer(2089858483,b0f066a214c2f5e87bad3c948f4d605d) (ScriptedImporter) -> (Import Result ID: '5574b8a6abb2593d653975ce03adffa2') in 0.0339978 seconds [static and dynamic dependencies]. Details - ImportResultOutputID=34c39c5361bf7e251fa9e3a22f7c40b4 DependenciesID=c5982fc217030738337b65c55e8ae8d1 StaticDependenciesID=29568cd77d70f580f1cc6121a66a8093 
Number of updated asset objects reloaded before import = 0Number of asset objects unloaded after import = 0

========================================================================
Received Import Request.
  Time since last request: 0.000029 seconds.
  path: Assets/YandexGame/ScriptsYG/Payments/Editor/Payments_build.cs
  importAddress: Guid(544803c8d26197347aa342bbb9950cde) Importer(2089858483,b0f066a214c2f5e87bad3c948f4d605d)
Start importing Assets/YandexGame/ScriptsYG/Payments/Editor/Payments_build.cs using Guid(544803c8d26197347aa342bbb9950cde) Importer(2089858483,b0f066a214c2f5e87bad3c948f4d605d) (ScriptedImporter) -> (Import Result ID: '48d051edc7b1107cd6216053e7387439') in 0.0336145 seconds [static and dynamic dependencies]. Details - ImportResultOutputID=4aeddcf801a8d60309c4d677e9b4039a DependenciesID=b5e0ea3b2b95281c9cc0f907e6e4b005 StaticDependenciesID=01a3ba03142c09235e5ec53788a5e336 
Number of updated asset objects reloaded before import = 0Number of asset objects unloaded after import = 0

========================================================================
Received Import Request.
  Time since last request: 0.000034 seconds.
  path: Assets/TextMesh Pro/Examples & Extras/Textures/Floor Tiles 1 - diffuse.jpg
  importAddress: Guid(85ac55597b97403c82fc6601a93cf241) Importer(2089858483,b0f066a214c2f5e87bad3c948f4d605d)
Start importing Assets/TextMesh Pro/Examples & Extras/Textures/Floor Tiles 1 - diffuse.jpg using Guid(85ac55597b97403c82fc6601a93cf241) Importer(2089858483,b0f066a214c2f5e87bad3c948f4d605d) (ScriptedImporter) -> (Import Result ID: 'f6b3c38e2509d06a5af1d4798f9d393f') in 0.0368241 seconds [static and dynamic dependencies]. Details - ImportResultOutputID=8c0cf6962e7e0b154e0bb05d30fdadc1 DependenciesID=b343bb853a72716a7c1f96626280e749 StaticDependenciesID=5f1991778f75e25d4d1ff75c52e23046 
Number of updated asset objects reloaded before import = 0Number of asset objects unloaded after import = 1

========================================================================
Received Import Request.
  Time since last request: 0.000049 seconds.
  path: Assets/YandexGame/ScriptsYG/Payments/InternalScripts/UtilsPayments.cs
  importAddress: Guid(8d61aae4ecb681b489f1ed236e2e6753) Importer(2089858483,b0f066a214c2f5e87bad3c948f4d605d)
Start importing Assets/YandexGame/ScriptsYG/Payments/InternalScripts/UtilsPayments.cs using Guid(8d61aae4ecb681b489f1ed236e2e6753) Importer(2089858483,b0f066a214c2f5e87bad3c948f4d605d) (ScriptedImporter) -> (Import Result ID: 'a2805ae9721ad6ba9dd22420330aa06b') in 0.0271962 seconds [static and dynamic dependencies]. Details - ImportResultOutputID=d93abb21a5850494b75b92438fae9345 DependenciesID=872c29128c6a3df15f3228f6598097b0 StaticDependenciesID=5bc5cc5767a551969d2ec1dabbbabf0b 
Number of updated asset objects reloaded before import = 0Number of asset objects unloaded after import = 0

========================================================================
Received Import Request.
  Time since last request: 0.000029 seconds.
  path: Assets/YandexGame/ScriptsYG/Storage/Plugins/CloudStorage.jslib
  importAddress: Guid(f493b425868e7fb47badc1c13c76a337) Importer(2089858483,b0f066a214c2f5e87bad3c948f4d605d)
Start importing Assets/YandexGame/ScriptsYG/Storage/Plugins/CloudStorage.jslib using Guid(f493b425868e7fb47badc1c13c76a337) Importer(2089858483,b0f066a214c2f5e87bad3c948f4d605d) (ScriptedImporter) -> (Import Result ID: '7d360bcb1b0f380fdace2d890820e1a6') in 0.0292241 seconds [static and dynamic dependencies]. Details - ImportResultOutputID=c2c4626e89f62970281f96f68040aaea DependenciesID=e4ee78130409aefbf701389d431cbf13 StaticDependenciesID=3a04bedf9748d6d4ec05b6a23df5f566 
Number of updated asset objects reloaded before import = 0Number of asset objects unloaded after import = 0

========================================================================
Received Import Request.
  Time since last request: 0.000031 seconds.
  path: Assets/YandexGame/ScriptsYG/YandexMetrica/Plugins/YandexMetricaPlugin.jslib
  importAddress: Guid(8d9e67e1e25e5454ca1340244ca566b2) Importer(2089858483,b0f066a214c2f5e87bad3c948f4d605d)
Start importing Assets/YandexGame/ScriptsYG/YandexMetrica/Plugins/YandexMetricaPlugin.jslib using Guid(8d9e67e1e25e5454ca1340244ca566b2) Importer(2089858483,b0f066a214c2f5e87bad3c948f4d605d) (ScriptedImporter) -> (Import Result ID: 'b2fcd90252227528af0ffc9c07b45dd0') in 0.0401823 seconds [static and dynamic dependencies]. Details - ImportResultOutputID=14fc5c9f39aa144bbf4e4ca86a4b1af7 DependenciesID=01c17491be5d9f789f86e60eb31d8931 StaticDependenciesID=5a4b5c468c9759f4da3a23111abd1245 
Number of updated asset objects reloaded before import = 0Number of asset objects unloaded after import = 0

========================================================================
Received Import Request.
  Time since last request: 0.000054 seconds.
  path: Assets/YandexGame/ScriptsYG/Storage/Editor/CloudStorage_build.cs
  importAddress: Guid(636544a8f3f9db342aa36c411cc32780) Importer(2089858483,b0f066a214c2f5e87bad3c948f4d605d)
Start importing Assets/YandexGame/ScriptsYG/Storage/Editor/CloudStorage_build.cs using Guid(636544a8f3f9db342aa36c411cc32780) Importer(2089858483,b0f066a214c2f5e87bad3c948f4d605d) (ScriptedImporter) -> (Import Result ID: '9c3ae7eb4adc6786836fe7ca7261a505') in 0.0302528 seconds [static and dynamic dependencies]. Details - ImportResultOutputID=c4c9155e505ce42fa7f090e91df5a58d DependenciesID=c37c664e49714c8f16c1ffe9a8a17f50 StaticDependenciesID=e12ef3e5a8751492c59b7a1c4db27ddb 
Number of updated asset objects reloaded before import = 0Number of asset objects unloaded after import = 0

========================================================================
Received Import Request.
  Time since last request: 0.000029 seconds.
  path: Assets/YandexGame/ScriptsYG/Editor/PostProcessBuild/ModifyIndexFile/SaveQuitGame.js
  importAddress: Guid(65bfac82b24146c4d825f2ef28c09b56) Importer(2089858483,b0f066a214c2f5e87bad3c948f4d605d)
Start importing Assets/YandexGame/ScriptsYG/Editor/PostProcessBuild/ModifyIndexFile/SaveQuitGame.js using Guid(65bfac82b24146c4d825f2ef28c09b56) Importer(2089858483,b0f066a214c2f5e87bad3c948f4d605d) (ScriptedImporter) -> (Import Result ID: '602e217cf9f3c599113fa03d502e77b3') in 0.0306131 seconds [static and dynamic dependencies]. Details - ImportResultOutputID=a8a302312765114bbbc3c8133846d3ef DependenciesID=02fbab4eade19ef692d3573e2b7e90d5 StaticDependenciesID=928f4e8d488bf46adcb8905e2c285b5b 
Number of updated asset objects reloaded before import = 0Number of asset objects unloaded after import = 1

========================================================================
Received Import Request.
  Time since last request: 0.000028 seconds.
  path: Assets/YandexGame/ScriptsYG/Language/Editor/AutoLocalizationMasseWindow.cs
  importAddress: Guid(cbb854df4e27ef84a9a96d25f94d80f6) Importer(2089858483,b0f066a214c2f5e87bad3c948f4d605d)
Start importing Assets/YandexGame/ScriptsYG/Language/Editor/AutoLocalizationMasseWindow.cs using Guid(cbb854df4e27ef84a9a96d25f94d80f6) Importer(2089858483,b0f066a214c2f5e87bad3c948f4d605d) (ScriptedImporter) -> (Import Result ID: 'd2813eec7b49052d4c26b397488d51d5') in 0.0390856 seconds [static and dynamic dependencies]. Details - ImportResultOutputID=775afe87dec5e7f3f235b206d78fa3bc DependenciesID=60a0d2aebf8d2761014c04066204c2c8 StaticDependenciesID=71fd3ff008d8a54ac8eb9dcbb1f468a0 
Number of updated asset objects reloaded before import = 0Number of asset objects unloaded after import = 0

========================================================================
Received Import Request.
  Time since last request: 0.000040 seconds.
  path: Assets/YandexGame/ScriptsYG/Language/Lang_yg.cs
  importAddress: Guid(4b33c4457e9d2634a9b2ef3687ba3c05) Importer(2089858483,b0f066a214c2f5e87bad3c948f4d605d)
Start importing Assets/YandexGame/ScriptsYG/Language/Lang_yg.cs using Guid(4b33c4457e9d2634a9b2ef3687ba3c05) Importer(2089858483,b0f066a214c2f5e87bad3c948f4d605d) (ScriptedImporter) -> (Import Result ID: '133a72c41836fd525fb27e2b6952b583') in 0.0288286 seconds [static and dynamic dependencies]. Details - ImportResultOutputID=a33ccef9f40f5ce6ddc6843660116acc DependenciesID=74fd80832511def09e55ca75626b6e36 StaticDependenciesID=8089569a4b51a8b83e8c3f8fc7d7902d 
Number of updated asset objects reloaded before import = 0Number of asset objects unloaded after import = 0

========================================================================
Received Import Request.
  Time since last request: 0.000026 seconds.
  path: Assets/TextMesh Pro/Examples & Extras/Scripts/TMP_TextEventHandler.cs
  importAddress: Guid(1312ae25639a4bae8e25ae223209cc50) Importer(2089858483,b0f066a214c2f5e87bad3c948f4d605d)
Start importing Assets/TextMesh Pro/Examples & Extras/Scripts/TMP_TextEventHandler.cs using Guid(1312ae25639a4bae8e25ae223209cc50) Importer(2089858483,b0f066a214c2f5e87bad3c948f4d605d) (ScriptedImporter) -> (Import Result ID: 'c1f76d214b4d83c59988527599a2e33b') in 0.0304815 seconds [static and dynamic dependencies]. Details - ImportResultOutputID=cf4d8519cdc8c620c72b9b373ed7ffa0 DependenciesID=95def2bde02cae1cd13783f7d4f21d24 StaticDependenciesID=2a3745f9d78747b8b7c0acb9c7a7ab37 
Number of updated asset objects reloaded before import = 0Number of asset objects unloaded after import = 0

========================================================================
Received Import Request.
  Time since last request: 0.000027 seconds.
  path: Assets/TextMesh Pro/Shaders/TMP_SDF-HDRP UNLIT.shadergraph
  importAddress: Guid(f63d574838ccfb44f84acc05fed0af48) Importer(2089858483,b0f066a214c2f5e87bad3c948f4d605d)
Start importing Assets/TextMesh Pro/Shaders/TMP_SDF-HDRP UNLIT.shadergraph using Guid(f63d574838ccfb44f84acc05fed0af48) Importer(2089858483,b0f066a214c2f5e87bad3c948f4d605d) (ScriptedImporter) -> (Import Result ID: 'a3db8232abc4ebaa79ed9a6105123a00') in 0.0537065 seconds [static and dynamic dependencies]. Details - ImportResultOutputID=74cefede3cd3d3fa7845b6733fc96ad9 DependenciesID=2b10a6fd4db3957d956488336134ef67 StaticDependenciesID=008f1acc3a3a56b0b8559fbc9f0c566b 
Number of updated asset objects reloaded before import = 0Number of asset objects unloaded after import = 3

========================================================================
Received Import Request.
  Time since last request: 0.000041 seconds.
  path: Assets/TextMesh Pro/Examples & Extras/Scripts/TMPro_InstructionOverlay.cs
  importAddress: Guid(c3c1afeda5e545e0b19add5373896d2e) Importer(2089858483,b0f066a214c2f5e87bad3c948f4d605d)
Start importing Assets/TextMesh Pro/Examples & Extras/Scripts/TMPro_InstructionOverlay.cs using Guid(c3c1afeda5e545e0b19add5373896d2e) Importer(2089858483,b0f066a214c2f5e87bad3c948f4d605d) (ScriptedImporter) -> (Import Result ID: '383f34f05c8d76072c62dd24c2620105') in 0.0305636 seconds [static and dynamic dependencies]. Details - ImportResultOutputID=0e79c952d385c00ee9a1d76e52d1b452 DependenciesID=01906293d1e94643a26298c14909ec1a StaticDependenciesID=6d0dcad56d6c47c3831d90763693f962 
Number of updated asset objects reloaded before import = 0Number of asset objects unloaded after import = 0

========================================================================
Received Import Request.
  Time since last request: 0.000025 seconds.
  path: Assets/WebGLTemplates/PluginYG/logo.png
  importAddress: Guid(6f4caa9335e88984cad712cb69df7ebb) Importer(2089858483,b0f066a214c2f5e87bad3c948f4d605d)
Start importing Assets/WebGLTemplates/PluginYG/logo.png using Guid(6f4caa9335e88984cad712cb69df7ebb) Importer(2089858483,b0f066a214c2f5e87bad3c948f4d605d) (ScriptedImporter) -> (Import Result ID: 'd68fea4ed72d1c2bef9132d489f38c46') in 0.0295567 seconds [static and dynamic dependencies]. Details - ImportResultOutputID=19032174f8f41cb4ec7710a3d21eb2c8 DependenciesID=7a3a2ef3411a89a757c95536ff85a6c3 StaticDependenciesID=d33f828f1c24a0780254f0625001da63 
Number of updated asset objects reloaded before import = 0Number of asset objects unloaded after import = 1

========================================================================
Received Import Request.
  Time since last request: 0.000029 seconds.
  path: Assets/TextMesh Pro/Shaders/TMP_SDF-Mobile-2-Pass.shader
  importAddress: Guid(0178fcb869bafef4690d177d31d17db8) Importer(2089858483,b0f066a214c2f5e87bad3c948f4d605d)
Start importing Assets/TextMesh Pro/Shaders/TMP_SDF-Mobile-2-Pass.shader using Guid(0178fcb869bafef4690d177d31d17db8) Importer(2089858483,b0f066a214c2f5e87bad3c948f4d605d) (ScriptedImporter) -> (Import Result ID: '077beba35a4fdcc9f05dadb25fcb5812') in 0.0265328 seconds [static and dynamic dependencies]. Details - ImportResultOutputID=f65190233cf3c7618ddb30bd140fcfdd DependenciesID=d1c71ed3e276b6c6cd13167baca13b3f StaticDependenciesID=9121a80a1e20ad10065941938061f954 
Number of updated asset objects reloaded before import = 0Number of asset objects unloaded after import = 1

========================================================================
Received Import Request.
  Time since last request: 0.000044 seconds.
  path: Assets/TextMesh Pro/Examples & Extras/Scripts/VertexZoom.cs
  importAddress: Guid(52ec835d14bd486f900952b77698b7eb) Importer(2089858483,b0f066a214c2f5e87bad3c948f4d605d)
Start importing Assets/TextMesh Pro/Examples & Extras/Scripts/VertexZoom.cs using Guid(52ec835d14bd486f900952b77698b7eb) Importer(2089858483,b0f066a214c2f5e87bad3c948f4d605d) (ScriptedImporter) -> (Import Result ID: '79ad88bc42aa9fbe421307f7fce87d6a') in 0.0277044 seconds [static and dynamic dependencies]. Details - ImportResultOutputID=f47e889089de3a860d81a34a9b9b2a76 DependenciesID=7811d83fc74bcd87509c9990125a6a67 StaticDependenciesID=6dbc842e7a0a27f3c2113ff91446c254 
Number of updated asset objects reloaded before import = 0Number of asset objects unloaded after import = 0

========================================================================
Received Import Request.
  Time since last request: 0.000027 seconds.
  path: Assets/Visuals/LockButtons/7.png
  importAddress: Guid(1d6ad5131af6f1d4bafb36be02d5c738) Importer(2089858483,b0f066a214c2f5e87bad3c948f4d605d)
Start importing Assets/Visuals/LockButtons/7.png using Guid(1d6ad5131af6f1d4bafb36be02d5c738) Importer(2089858483,b0f066a214c2f5e87bad3c948f4d605d) (ScriptedImporter) -> (Import Result ID: '2e8768e04cd4bd5444b31b6ae131c86e') in 0.0373751 seconds [static and dynamic dependencies]. Details - ImportResultOutputID=7f33ee764e7c820b225f5b4cb7257879 DependenciesID=db31b6c004d2252da6e964ab468e3d2c StaticDependenciesID=b7419c9792c055165026e6f0e0e8a017 
Number of updated asset objects reloaded before import = 0Number of asset objects unloaded after import = 3

========================================================================
Received Import Request.
  Time since last request: 0.000031 seconds.
  path: Assets/TextMesh Pro/Examples & Extras/Scenes/15 - Inline Graphics & Sprites.unity
  importAddress: Guid(e76e6c0f81964cbda3fe0b7d26ed8060) Importer(2089858483,b0f066a214c2f5e87bad3c948f4d605d)
Start importing Assets/TextMesh Pro/Examples & Extras/Scenes/15 - Inline Graphics & Sprites.unity using Guid(e76e6c0f81964cbda3fe0b7d26ed8060) Importer(2089858483,b0f066a214c2f5e87bad3c948f4d605d) (ScriptedImporter) -> (Import Result ID: 'e76daca7f9ab7c7228a155dd2b36387f') in 0.0520301 seconds [static and dynamic dependencies]. Details - ImportResultOutputID=9d6ac6a9fa4973b9fba889ef7e77ca17 DependenciesID=c42ded84413835bd9e6779c869b94a51 StaticDependenciesID=89c838c887de0d3a8c2d649352751d00 
Number of updated asset objects reloaded before import = 0Number of asset objects unloaded after import = 1

========================================================================
Received Import Request.
  Time since last request: 0.000048 seconds.
  path: Assets/YandexGame/ScriptsYG/GameReadyAPI/GRA_yg.cs
  importAddress: Guid(04f9300369bca8e4fb9985e7ab849925) Importer(2089858483,b0f066a214c2f5e87bad3c948f4d605d)
Start importing Assets/YandexGame/ScriptsYG/GameReadyAPI/GRA_yg.cs using Guid(04f9300369bca8e4fb9985e7ab849925) Importer(2089858483,b0f066a214c2f5e87bad3c948f4d605d) (ScriptedImporter) -> (Import Result ID: 'f25f629222894ecf7cb37952405b5f13') in 0.0301676 seconds [static and dynamic dependencies]. Details - ImportResultOutputID=e22d8ebfdfc94d4dfc366877719d1e1c DependenciesID=9e31bcea6c2c370adc7068c2103c2cac StaticDependenciesID=386015a88f7a60c0540fab9dba6e355e 
Number of updated asset objects reloaded before import = 0Number of asset objects unloaded after import = 0

========================================================================
Received Import Request.
  Time since last request: 0.000032 seconds.
  path: Assets/TextMesh Pro/Examples & Extras/Textures/Gradient Horizontal (Color).jpg
  importAddress: Guid(6eb184de103d4b3f812b38561065192f) Importer(2089858483,b0f066a214c2f5e87bad3c948f4d605d)
Start importing Assets/TextMesh Pro/Examples & Extras/Textures/Gradient Horizontal (Color).jpg using Guid(6eb184de103d4b3f812b38561065192f) Importer(2089858483,b0f066a214c2f5e87bad3c948f4d605d) (ScriptedImporter) -> (Import Result ID: 'c43a4bc01c13661cbcb7f7a1ff3caae6') in 0.0338487 seconds [static and dynamic dependencies]. Details - ImportResultOutputID=46bdcb9fbccfca66980e0791de8c5f32 DependenciesID=82d5958aa75dbda816e46190bd350394 StaticDependenciesID=e2f1dbcf4b68cf4227d3635544794bf1 
Number of updated asset objects reloaded before import = 0Number of asset objects unloaded after import = 1

========================================================================
Received Import Request.
  Time since last request: 0.000028 seconds.
  path: Assets/TextMesh Pro/Shaders/TMP_Bitmap-Mobile.shader
  importAddress: Guid(1e3b057af24249748ff873be7fafee47) Importer(2089858483,b0f066a214c2f5e87bad3c948f4d605d)
Start importing Assets/TextMesh Pro/Shaders/TMP_Bitmap-Mobile.shader using Guid(1e3b057af24249748ff873be7fafee47) Importer(2089858483,b0f066a214c2f5e87bad3c948f4d605d) (ScriptedImporter) -> (Import Result ID: '879151a897483812b4ce93173c0abfb2') in 0.0303411 seconds [static and dynamic dependencies]. Details - ImportResultOutputID=835f4d41c43c21fcaf17c7632ce95554 DependenciesID=8e0acce4ecc68cf062271dde58b71297 StaticDependenciesID=da0986976ce7c63446a412f72c47623b 
Number of updated asset objects reloaded before import = 0Number of asset objects unloaded after import = 1

========================================================================
Received Import Request.
  Time since last request: 0.000058 seconds.
  path: Assets/YandexGame/ScriptsYG/Authorization/Editor/Auth_js.js
  importAddress: Guid(81e09f5ba01320943938b74903ca2f82) Importer(2089858483,b0f066a214c2f5e87bad3c948f4d605d)
Start importing Assets/YandexGame/ScriptsYG/Authorization/Editor/Auth_js.js using Guid(81e09f5ba01320943938b74903ca2f82) Importer(2089858483,b0f066a214c2f5e87bad3c948f4d605d) (ScriptedImporter) -> (Import Result ID: 'd0de12d3a641da64faeb48389645d3b1') in 0.0256028 seconds [static and dynamic dependencies]. Details - ImportResultOutputID=3af0c1c3f4de85cafd446bbaa2d21030 DependenciesID=0669ef9287dc509b2d1b50e3a5bc9df1 StaticDependenciesID=14cbbd9045f62a2c17b84159fcffe479 
Number of updated asset objects reloaded before import = 0Number of asset objects unloaded after import = 1

========================================================================
Received Import Request.
  Time since last request: 0.000031 seconds.
  path: Assets/Visuals/McLangPoster_clean.png
  importAddress: Guid(399b804f030ad7945a54b6a568143c35) Importer(2089858483,b0f066a214c2f5e87bad3c948f4d605d)
Start importing Assets/Visuals/McLangPoster_clean.png using Guid(399b804f030ad7945a54b6a568143c35) Importer(2089858483,b0f066a214c2f5e87bad3c948f4d605d) (ScriptedImporter) -> (Import Result ID: 'e1bd7fe24088c3417192a4c79903be76') in 0.0357134 seconds [static and dynamic dependencies]. Details - ImportResultOutputID=394122ceab4d7bb7459f56a501f77fe9 DependenciesID=d809f07cec373651ba5040302fe34ae0 StaticDependenciesID=7250f7fdaaa7ab5aa176c6afcb0f0b32 
Number of updated asset objects reloaded before import = 0Number of asset objects unloaded after import = 3

========================================================================
Received Import Request.
  Time since last request: 0.000038 seconds.
  path: Assets/TextMesh Pro/Examples & Extras/Fonts/Electronic Highway Sign.TTF
  importAddress: Guid(8a2b9e2a607dd2143b58c44bc32410b4) Importer(2089858483,b0f066a214c2f5e87bad3c948f4d605d)
Start importing Assets/TextMesh Pro/Examples & Extras/Fonts/Electronic Highway Sign.TTF using Guid(8a2b9e2a607dd2143b58c44bc32410b4) Importer(2089858483,b0f066a214c2f5e87bad3c948f4d605d) (ScriptedImporter) -> (Import Result ID: 'fcfd779077fd3c4845d93a3d9a5e7eea') in 0.0377347 seconds [static and dynamic dependencies]. Details - ImportResultOutputID=c8abfa203eefb417d3fe0be828f74482 DependenciesID=f8f5e5b78420c54713b7a0c7689fa9f2 StaticDependenciesID=d6b85f70808bf0c76f0fd7bd124a28f6 
Number of updated asset objects reloaded before import = 0Number of asset objects unloaded after import = 3

========================================================================
Received Import Request.
  Time since last request: 0.000073 seconds.
  path: Assets/TextMesh Pro/Examples & Extras/Textures/Gradient Vertical (Color).jpg
  importAddress: Guid(03d0538de6e24c0f819bfc9ce084dfa9) Importer(2089858483,b0f066a214c2f5e87bad3c948f4d605d)
Start importing Assets/TextMesh Pro/Examples & Extras/Textures/Gradient Vertical (Color).jpg using Guid(03d0538de6e24c0f819bfc9ce084dfa9) Importer(2089858483,b0f066a214c2f5e87bad3c948f4d605d) (ScriptedImporter) -> (Import Result ID: '0cc29fdd36b44b7e79cf7ab1784aaaa3') in 0.0576665 seconds [static and dynamic dependencies]. Details - ImportResultOutputID=ca8c56265ac4044c79638c25111be5d5 DependenciesID=0da8bf0dedadd6a81f5c0cee04235728 StaticDependenciesID=d936174f0fdaa71c0582434134be1fd6 
Number of updated asset objects reloaded before import = 0Number of asset objects unloaded after import = 1

========================================================================
Received Import Request.
  Time since last request: 0.000027 seconds.
  path: Assets/AnswerGridControl.cs
  importAddress: Guid(2140f4af788ad9043b9b915263d28b56) Importer(2089858483,b0f066a214c2f5e87bad3c948f4d605d)
Start importing Assets/AnswerGridControl.cs using Guid(2140f4af788ad9043b9b915263d28b56) Importer(2089858483,b0f066a214c2f5e87bad3c948f4d605d) (ScriptedImporter) -> (Import Result ID: '35c8156fba90da1ca0f985d59a9feb6b') in 0.0264053 seconds [static and dynamic dependencies]. Details - ImportResultOutputID=3dbc47e61a9bb3e12595e8828e152c49 DependenciesID=260f377446cc6e7bf3882588c276088b StaticDependenciesID=62df5ba834fea001926a623bf77cb70f 
Number of updated asset objects reloaded before import = 0Number of asset objects unloaded after import = 0

========================================================================
Received Import Request.
  Time since last request: 0.000036 seconds.
  path: Assets/TextMesh Pro/Resources/TMP Settings.asset
  importAddress: Guid(3f5b5dff67a942289a9defa416b206f3) Importer(2089858483,b0f066a214c2f5e87bad3c948f4d605d)
Start importing Assets/TextMesh Pro/Resources/TMP Settings.asset using Guid(3f5b5dff67a942289a9defa416b206f3) Importer(2089858483,b0f066a214c2f5e87bad3c948f4d605d) (ScriptedImporter) -> (Import Result ID: 'b363b644dc6d2cf97c09bc1bb0e7a03d') in 0.0667864 seconds [static and dynamic dependencies]. Details - ImportResultOutputID=db8b906e3abc92b9ddecc7763516649b DependenciesID=b5054338cfdf3a89643046af83fb3312 StaticDependenciesID=d057ce33af59b6845b57213c9c8c65e2 
Number of updated asset objects reloaded before import = 0Number of asset objects unloaded after import = 15

========================================================================
Received Import Request.
  Time since last request: 0.000052 seconds.
  path: Assets/Portal.cs
  importAddress: Guid(26fe823ef7de3d84a822fb05f03eb45e) Importer(2089858483,b0f066a214c2f5e87bad3c948f4d605d)
Start importing Assets/Portal.cs using Guid(26fe823ef7de3d84a822fb05f03eb45e) Importer(2089858483,b0f066a214c2f5e87bad3c948f4d605d) (ScriptedImporter) -> (Import Result ID: 'be90d4d6c3f56b360e00065339262f38') in 0.0296773 seconds [static and dynamic dependencies]. Details - ImportResultOutputID=05aa6a2528f9f18e6c11a529560c217b DependenciesID=f1a3323eb19146c3143c4801e70bc9a9 StaticDependenciesID=b2aac61a0c6ad414ab8d40baf0be337b 
Number of updated asset objects reloaded before import = 0Number of asset objects unloaded after import = 0

========================================================================
Received Import Request.
  Time since last request: 0.000031 seconds.
  path: Assets/Visuals/LockButtons/2.png
  importAddress: Guid(b0ac22e24f2a17548b34c092af85a8db) Importer(2089858483,b0f066a214c2f5e87bad3c948f4d605d)
Start importing Assets/Visuals/LockButtons/2.png using Guid(b0ac22e24f2a17548b34c092af85a8db) Importer(2089858483,b0f066a214c2f5e87bad3c948f4d605d) (ScriptedImporter) -> (Import Result ID: '18933a7f7969fd65a9e1cab7102d049d') in 0.0383165 seconds [static and dynamic dependencies]. Details - ImportResultOutputID=114a7037cdf767be3642a7c0511d36f2 DependenciesID=2213634453b664a10031f27e572de5f0 StaticDependenciesID=7ef0cd2bd51a02e51363f9eaad55a635 
Number of updated asset objects reloaded before import = 0Number of asset objects unloaded after import = 3

========================================================================
Received Import Request.
  Time since last request: 0.000034 seconds.
  path: Assets/TextMesh Pro/Examples & Extras/Resources/Sprite Assets/DropCap Numbers.asset
  importAddress: Guid(14aa93acbb234d16aaef0e8b46814db6) Importer(2089858483,b0f066a214c2f5e87bad3c948f4d605d)
Start importing Assets/TextMesh Pro/Examples & Extras/Resources/Sprite Assets/DropCap Numbers.asset using Guid(14aa93acbb234d16aaef0e8b46814db6) Importer(2089858483,b0f066a214c2f5e87bad3c948f4d605d) (ScriptedImporter) -> (Import Result ID: '69ff3492009fa7032f7ce77ee518ef27') in 0.0602744 seconds [static and dynamic dependencies]. Details - ImportResultOutputID=f7c825a96ed4833e3c5e82b0c860a83e DependenciesID=672da58cb8961883a1bc868759b56838 StaticDependenciesID=bbde5d443f668f779a7e598feb7c8f79 
Number of updated asset objects reloaded before import = 0Number of asset objects unloaded after import = 3

Editor requested this worker to shutdown with reason: Scaling down because of idle timeout
AssetImportWorker is now disconnected from the server
Process exiting
Exiting without the bug reporter. Application will terminate with return code 0