[Licensing::Module] Trying to connect to existing licensing client channel...
Built from '6000.5/staging' branch; Version is '6000.5.8f1 (5cb7df797b7d) revision 6076383'; Using compiler version '194234433'; Build Type 'Release'
OS: 'Windows 11  (10.0.26200) Core' Language: 'en' Physical Memory: 16076 MB
[Licensing::IpcConnector] Successfully connected to: "LicenseClient-sdziu" at "2026-09-06T17:50:48.7038517Z"
BatchMode: 1, IsHumanControllingUs: 0, StartBugReporterOnCrash: 0, Is64bit: 1
System  architecture: x64
Process architecture: x64
Date: 2026-09-06T17:50:48Z

COMMAND LINE ARGUMENTS:
C:\Program Files\Unity\Hub\Editor\6000.5.8f1\Editor\Unity.exe
-adb2
-batchMode
-noUpm
-name
AssetImportWorkerHW2
-projectPath
C:/Users/sdziu/my_documents/0_repositories/whoops
-logFile
Logs/AssetImportWorkerHW2.log
-srvPort
59426
-parentPid
34460
-analyticsCloudUserId
10170887667645
-analyticsLocalProjectId
5df643b7b24d1094e8774a0986b243d0
-editorAnalyticsEnabled
1
-cbmEditorLicense
f1203b97d62c0d3e94570b45b91a6f55a4d71b1c
-cbmMachineId
Q6Vl5DVYSTnyzT9cj0suQkgA2P4=
-licensingIpc
LicenseClient-sdziu
-noDiagnosticSwitchPersistentStore
-job-worker-count
7
-background-job-worker-count
8
-asset-garbage-collectors
1
-force-d3d12
-name
AssetImport
Successfully changed project path to: C:/Users/sdziu/my_documents/0_repositories/whoops
C:/Users/sdziu/my_documents/0_repositories/whoops
[UnityMemory] Configuration Parameters - Can be set up in boot.config
    "memorysetup-temp-allocator-size-gi-baking-worker=262144"
    "memorysetup-temp-allocator-size-gi-baking-worker=262144"
    "memorysetup-temp-allocator-size-gi-baking-worker=262144"
    "memorysetup-temp-allocator-size-gi-baking-worker=262144"
    "memorysetup-temp-allocator-size-gi-baking-worker=262144"
    "memorysetup-temp-allocator-size-nav-mesh-worker=65536"
    "memorysetup-temp-allocator-size-audio-worker=65536"
    "memorysetup-temp-allocator-size-cloud-worker=32768"
    "memorysetup-temp-allocator-size-gfx=262144"
    "memorysetup-temp-allocator-size-preload-manager=33554432"
    "memorysetup-allocator-temp-initial-block-size-main=262144"
    "memorysetup-allocator-temp-initial-block-size-worker=262144"
    "memorysetup-temp-allocator-size-job-worker=262144"
    "memorysetup-temp-allocator-size-background-worker=32768"
    "memorysetup-bucket-allocator-granularity=16"
    "memorysetup-bucket-allocator-bucket-count=8"
    "memorysetup-bucket-allocator-block-size=33554432"
    "memorysetup-bucket-allocator-block-count=8"
    "memorysetup-main-allocator-block-size=16777216"
    "memorysetup-thread-allocator-block-size=16777216"
    "memorysetup-main-allocator-mimalloc-enabled=0"
    "memorysetup-gfx-main-allocator-block-size=16777216"
    "memorysetup-gfx-thread-allocator-block-size=16777216"
    "memorysetup-cache-allocator-block-size=4194304"
    "memorysetup-typetree-allocator-block-size=2097152"
    "memorysetup-profiler-bucket-allocator-granularity=16"
    "memorysetup-profiler-bucket-allocator-bucket-count=8"
    "memorysetup-profiler-bucket-allocator-block-size=33554432"
    "memorysetup-profiler-bucket-allocator-block-count=8"
    "memorysetup-profiler-allocator-block-size=16777216"
    "memorysetup-profiler-editor-allocator-block-size=1048576"
    "memorysetup-temp-allocator-size-main=16777216"
    "memorysetup-job-temp-allocator-block-size=2097152"
    "memorysetup-job-temp-allocator-block-size-background=1048576"
    "memorysetup-job-temp-allocator-reduction-small-platforms=262144"
Player connection [31920]  Target information:

Player connection [31920]  * "[IP] 26.197.100.150 [Port] 0 [Flags] 2 [Guid] 696921106 [EditorId] 696921106 [Version] 1048832 [Id] WindowsEditor(7,DESKTOP-BMK0IR6) [Debug] 1 [PackageName] WindowsEditor [ProjectName] Editor" 

Player connection [31920]  * "[IP] 192.168.1.104 [Port] 0 [Flags] 2 [Guid] 696921106 [EditorId] 696921106 [Version] 1048832 [Id] WindowsEditor(7,DESKTOP-BMK0IR6) [Debug] 1 [PackageName] WindowsEditor [ProjectName] Editor" 

Player connection [31920] Host joined multi-casting on [225.0.0.222:54997]...
Player connection [31920] Host joined alternative multi-casting on [225.0.0.222:34997]...
JobSystem: Creating JobQueue using job-worker-count value 7
Input System module state changed to: Initialized.
[Physics::Module] Initialized fallback backend.
[Physics::Module] Id: 0xdecafbad
Library Redirect Path: Library/
[Physics::Module] Selected backend.
[Physics::Module] Name: PhysX
[Physics::Module] Id: 0xf2b8ea05
[Physics::Module] SDK Version: 4.1.2
[Physics::Module] Integration Version: 1.0.0
[Physics::Module] Threading Mode: Multi-Threaded
Refreshing native plugins compatible for Editor in 21.85 ms, found 5 plugins.
Initialize engine version: 6000.5.8f1 (5cb7df797b7d)
[Subsystems] Discovering subsystems at path C:/Program Files/Unity/Hub/Editor/6000.5.8f1/Editor/Data/Resources/UnitySubsystems
[Subsystems] Discovering subsystems at path C:/Users/sdziu/my_documents/0_repositories/whoops/Assets
Forcing GfxDevice: Direct3D 12
GfxDevice: creating device client; kGfxThreadingModeNonThreaded
d3d12: failed to query info queue interface (0x80004002).
Direct3D:
    Version:         Direct3D 12 [level 12.1]
    Renderer:        Intel(R) UHD Graphics (ID=0xa7a8)
    Vendor:          Intel
    VRAM:            8038 MB
    App VRAM Budget: 7380 MB
    Driver:          32.0.101.7076
    Unified Memory Architecture
    Cache Coherent UMA
Initialize mono
Mono path[0] = 'C:/Program Files/Unity/Hub/Editor/6000.5.8f1/Editor/Data/Managed'
Mono path[1] = 'C:/Program Files/Unity/Hub/Editor/6000.5.8f1/Editor/Data/BCLExtensions/runtime/netstandard2.1'
Mono path[2] = 'C:/Program Files/Unity/Hub/Editor/6000.5.8f1/Editor/Data/MonoBleedingEdge/lib/mono/unityjit-win32'
Mono config path = 'C:/Program Files/Unity/Hub/Editor/6000.5.8f1/Editor/Data/MonoBleedingEdge/etc'
Using monoOptions --debugger-agent=transport=dt_socket,embedding=1,server=y,suspend=n,address=127.0.0.1:56532
CodeReloadManager initialized
Begin MonoManager ReloadAssembly
Registering precompiled unity dll's ...
Register platform support module: C:/Program Files/Unity/Hub/Editor/6000.5.8f1/Editor/Data/PlaybackEngines/WindowsStandaloneSupport/UnityEditor.WindowsStandalone.Extensions.dll
Registered in 0.003698 seconds.
[Licensing::Client] Error: HandshakeResponse reported an error:
	ResponseCode: 505
	ResponseStatus: Unsupported protocol version '1.18.1'.
[Licensing::Module] Error: Failed to handshake to channel: "LicenseClient-sdziu"
[Licensing::IpcConnector] LicenseClient-sdziu channel disconnected successfully.
[Licensing::IpcConnector] Successfully connected to: "LicenseClient-sdziu-6000.5.8" at "2026-09-06T17:50:51.6520617Z"
[Licensing::Client] Code 10 while verifying Licensing Client signature (process Id: 14576, path: "C:/Program Files/Unity/Hub/Editor/6000.5.8f1/Editor/Data/Resources/Licensing/Client/Unity.Licensing.Client.exe")
[Licensing::Module] LicensingClient has failed validation; ignoring
[Licensing::Client] Handshaking with LicensingClient:
  Version:                 1.18.1+9fbee8e
  Session Id:              4f02269df2b1468f80e73eb43e4116a2
  Correlation Id:          e7ef0c8fe455c9343f923b0dcf9f0310
  External correlation Id: 1923960421908597210
  Machine Id:              Q6Vl5DVYSTnyzT9cj0suQkgA2P4=
[Licensing::Module] Successfully connected to LicensingClient on channel: "LicenseClient-sdziu-6000.5.8" (connect: 0.00s, validation: 0.00s, handshake: 0.02s)
[Licensing::IpcConnector] Successfully connected to: "LicenseClient-sdziu-6000.5.8-notifications" at "2026-09-06T17:50:51.673787Z"
[Licensing::Module] Licensing Background thread has ended after 2.97s
Native extension for WindowsStandalone target not found
Package Manager log level set to [2]
[Package Manager] Failed to launch server process. Reason: Unity was launched with the -noUpm command-line argument
[Package Manager] Unable to send message (not connected to server process).
[Package Manager] Cannot connect to Unity Package Manager local server
ScheduleIndexationOnStartup MainProcess:False IndexOnStartup:True
Mono: successfully reloaded assembly
- Finished resetting the current domain, in  1.466 seconds
Domain Reload Profiling: 2830ms
	BeginReloadAssembly (386ms)
	RebuildCommonClasses (17ms)
	RebuildNativeTypeToScriptingClass (46ms)
	initialDomainReloadingComplete (147ms)
	LoadAllAssembliesAndSetupDomain (765ms)
		LoadAssemblies (376ms)
		AnalyzeDomain (560ms)
			TypeCache.Refresh (556ms)
				TypeCache.ScanAssembly (515ms)
	FinalizeReload (1469ms)
		SetupLoadedEditorAssemblies (0ms)
			InitializePlatformSupportModulesInManaged (6ms)
			BeforeProcessingInitializeOnLoad (245ms)
			ProcessInitializeOnLoadAttributes (295ms)
			ProcessInitializeOnLoadMethodAttributes (719ms)
Initializing Unity extensions:
[Licensing::Client] Successfully resolved entitlement details
[Licensing::Module] License group:
  Id: 10170887667645-UnityPersXXXX
  Product: Unity Personal
  Type: Assigned
  Expiration: Unlimited
========================================================================
Worker process is ready to serve import requests
Import Worker Mode flag is 0x00
Begin MonoManager ReloadAssembly
Symbol file LoadedFromMemory is not a mono symbol file
Refreshing native plugins compatible for Editor in 36.10 ms, found 5 plugins.
Native extension for WindowsStandalone target not found
[Package Manager] Failed to launch server process. Reason: Unity was launched with the -noUpm command-line argument
[Package Manager] Unable to send message (not connected to server process).
[Package Manager] Cannot connect to Unity Package Manager local server
Refreshing native plugins compatible for Editor in 39.53 ms, found 5 plugins.
[Package Manager] Failed to launch server process. Reason: Unity was launched with the -noUpm command-line argument
[Package Manager] Unable to send message (not connected to server process).
[Package Manager] Cannot connect to Unity Package Manager local server
ScheduleIndexationOnStartup MainProcess:False IndexOnStartup:True
Mono: successfully reloaded assembly
- Finished resetting the current domain, in  6.348 seconds
Domain Reload Profiling: 11900ms
	BeginReloadAssembly (531ms)
		DisableScriptedObjects (28ms)
		CreateAndSetChildDomain (85ms)
	RebuildCommonClasses (29ms)
	RebuildNativeTypeToScriptingClass (56ms)
	initialDomainReloadingComplete (191ms)
	LoadAllAssembliesAndSetupDomain (4728ms)
		LoadAssemblies (1333ms)
		AnalyzeDomain (2932ms)
			TypeCache.Refresh (1157ms)
				TypeCache.ScanAssembly (1050ms)
			BuildScriptInfoCaches (1711ms)
			ResolveRequiredComponents (51ms)
	FinalizeReload (6366ms)
		SetupLoadedEditorAssemblies (0ms)
			InitializePlatformSupportModulesInManaged (8ms)
			BeforeProcessingInitializeOnLoad (639ms)
			ProcessInitializeOnLoadAttributes (2367ms)
			ProcessInitializeOnLoadMethodAttributes (1617ms)
			AfterProcessingInitializeOnLoad (98ms)
			EditorAssembliesLoaded (3ms)
		AwakeInstancesAfterBackupRestoration (92ms)
AcceleratorClientConnectionCallback - disconnected - :0
Launched and connected shader compiler UnityShaderCompiler.exe after 0.09 seconds
Refreshing native plugins compatible for Editor in 26.09 ms, found 5 plugins.
Unloading 22 Unused Serialized files (Serialized files now loaded: 0)
Unloading 7510 unused Assets / (5.0 MB). Loaded Objects now: 8522.
Memory consumption went from 364.2 MB to 359.2 MB.
Total: 56.379600 ms (FindLiveObjects: 3.135900 ms CreateObjectMapping: 13.889700 ms MarkObjects: 23.612000 ms  DeleteObjects: 15.734300 ms)

========================================================================
Received Prepare
AcceleratorClientConnectionCallback - disconnected - :0
Curl error 3: URL rejected: Malformed input to a URL function
Refreshing native plugins compatible for Editor in 10.23 ms, found 5 plugins.
Unloading 22 Unused Serialized files (Serialized files now loaded: 0)
Unloading 7483 unused Assets / (5.9 MB). Loaded Objects now: 8522.
Memory consumption went from 361.4 MB to 355.5 MB.
Total: 19.678400 ms (FindLiveObjects: 1.297400 ms CreateObjectMapping: 4.727000 ms MarkObjects: 9.355600 ms  DeleteObjects: 4.295800 ms)

Prepare: number of updated asset objects reloaded= 0
========================================================================
Received Prepare
AcceleratorClientConnectionCallback - disconnected - :0
Begin MonoManager ReloadAssembly
Symbol file LoadedFromMemory is not a mono symbol file
Refreshing native plugins compatible for Editor in 4.93 ms, found 5 plugins.
Native extension for WindowsStandalone target not found
[Package Manager] Failed to launch server process. Reason: Unity was launched with the -noUpm command-line argument
[Package Manager] Unable to send message (not connected to server process).
[Package Manager] Cannot connect to Unity Package Manager local server
[Package Manager] Failed to launch server process. Reason: Unity was launched with the -noUpm command-line argument
[Package Manager] Unable to send message (not connected to server process).
[Package Manager] Cannot connect to Unity Package Manager local server
ScheduleIndexationOnStartup MainProcess:False IndexOnStartup:True
Mono: successfully reloaded assembly
- Finished resetting the current domain, in  1.548 seconds
Domain Reload Profiling: 3236ms
	BeginReloadAssembly (399ms)
		DisableScriptedObjects (32ms)
		CreateAndSetChildDomain (81ms)
	RebuildCommonClasses (16ms)
	RebuildNativeTypeToScriptingClass (33ms)
	initialDomainReloadingComplete (109ms)
	LoadAllAssembliesAndSetupDomain (1130ms)
		LoadAssemblies (660ms)
		AnalyzeDomain (406ms)
			TypeCache.Refresh (21ms)
				TypeCache.ScanAssembly (3ms)
			BuildScriptInfoCaches (371ms)
			ResolveRequiredComponents (10ms)
	FinalizeReload (1550ms)
		SetupLoadedEditorAssemblies (0ms)
			InitializePlatformSupportModulesInManaged (3ms)
			BeforeProcessingInitializeOnLoad (200ms)
			ProcessInitializeOnLoadAttributes (585ms)
			ProcessInitializeOnLoadMethodAttributes (285ms)
			AfterProcessingInitializeOnLoad (12ms)
		AwakeInstancesAfterBackupRestoration (44ms)
Refreshing native plugins compatible for Editor in 4.89 ms, found 5 plugins.
Unloading 22 Unused Serialized files (Serialized files now loaded: 0)
Unloading 7508 unused Assets / (6.9 MB). Loaded Objects now: 8526.
Memory consumption went from 355.3 MB to 348.3 MB.
Total: 18.595000 ms (FindLiveObjects: 1.009900 ms CreateObjectMapping: 4.441600 ms MarkObjects: 8.414500 ms  DeleteObjects: 4.727000 ms)

Prepare: number of updated asset objects reloaded= 0
========================================================================
Received Import Request.
  Time of request: 2026-09-06T17:52:19.1695009Z
  Time since last request: 1077563.77244509989396 seconds.
  importAddress: GUID: ccbafc6a4d5f14345a07a9a754b66168 - Path: Assets/Wax.cs - Importer: ScriptedImporter/UnityEditor.QuickSearchModule:UnityEditor.Search:ASIAI0B
Importing 'GUID: ccbafc6a4d5f14345a07a9a754b66168 - Path: Assets/Wax.cs - Importer: ScriptedImporter/UnityEditor.QuickSearchModule:UnityEditor.Search:ASIAI0B' with importer (ScriptedImporter : UnityEditor.QuickSearchModule:UnityEditor.Search:ASIAI0B)
Imported 'GUID: ccbafc6a4d5f14345a07a9a754b66168' -> (Import Result ID: '0fcb78caabbdd07781243d9c0d2ea053') in 0.183 seconds [static and dynamic dependencies]. Details - ImportResultOutputID=f72dfd554ff6727d1dcf0363584c9971 DependenciesID=7fb31044ab9f54020fe551c589dda35c StaticDependenciesID=cf14523963e563c71718ea9267dd36a0 
Number of updated asset objects reloaded before import = 0
Number of asset objects unloaded after import = 0
========================================================================
Received Prepare
AcceleratorClientConnectionCallback - disconnected - :0
Refreshing native plugins compatible for Editor in 8.69 ms, found 5 plugins.
Unloading 22 Unused Serialized files (Serialized files now loaded: 0)
Unloading 7484 unused Assets / (5.5 MB). Loaded Objects now: 8529.
Memory consumption went from 358.8 MB to 353.3 MB.
Total: 22.165500 ms (FindLiveObjects: 1.234200 ms CreateObjectMapping: 3.755700 ms MarkObjects: 11.980300 ms  DeleteObjects: 5.194000 ms)

Prepare: number of updated asset objects reloaded= 0
========================================================================
Received Import Request.
  Time of request: 2026-09-06T17:52:42.6951467Z
  Time since last request: 23.3187021 seconds.
  importAddress: GUID: 4333852da72057f4eb8b47ad2bb96a53 - Path: Assets/ChangeDialogueState.cs - Importer: ScriptedImporter/UnityEditor.QuickSearchModule:UnityEditor.Search:ASIAI0B
Importing 'GUID: 4333852da72057f4eb8b47ad2bb96a53 - Path: Assets/ChangeDialogueState.cs - Importer: ScriptedImporter/UnityEditor.QuickSearchModule:UnityEditor.Search:ASIAI0B' with importer (ScriptedImporter : UnityEditor.QuickSearchModule:UnityEditor.Search:ASIAI0B)
Imported 'GUID: 4333852da72057f4eb8b47ad2bb96a53' -> (Import Result ID: 'b72eeb863fbfedc2f9e066e06153dfef') in 0.014 seconds [static and dynamic dependencies]. Details - ImportResultOutputID=462882be209a36dd5b5d901e28d97eb2 DependenciesID=bf55f82c982c43ee6ad620ac9876fdec StaticDependenciesID=1aeda9e8f1ea71ccaefc0055a3ecd74b 
Number of updated asset objects reloaded before import = 0
Number of asset objects unloaded after import = 0
========================================================================
Received Import Request.
  Time of request: 2026-09-06T17:52:42.8282211Z
  Time since last request: 0.0942209 seconds.
  importAddress: GUID: 4333852da72057f4eb8b47ad2bb96a53 - Path: Assets/ChangeDialogueState.cs - Importer: PreviewImporter
Importing 'GUID: 4333852da72057f4eb8b47ad2bb96a53 - Path: Assets/ChangeDialogueState.cs - Importer: PreviewImporter' with importer (PreviewImporter)
Imported 'GUID: 4333852da72057f4eb8b47ad2bb96a53' -> (Import Result ID: 'fe641b848957407917ea1a3283855b77') in 0.005 seconds [static and dynamic dependencies]. Details - ImportResultOutputID=b9c7ea79c118b3af98bfe776ed3a5ddb DependenciesID=1a43c2a27cd2827e70b643722930950e StaticDependenciesID=ccffe0c1d4c9497bda6ee2c3509fcede 
Number of updated asset objects reloaded before import = 0
Number of asset objects unloaded after import = 0
========================================================================
Received Prepare
AcceleratorClientConnectionCallback - disconnected - :0
[Licensing::Client] Successfully resolved entitlement details
Begin MonoManager ReloadAssembly
Symbol file LoadedFromMemory is not a mono symbol file
Refreshing native plugins compatible for Editor in 40.44 ms, found 5 plugins.
Native extension for WindowsStandalone target not found
[Package Manager] Failed to launch server process. Reason: Unity was launched with the -noUpm command-line argument
[Package Manager] Unable to send message (not connected to server process).
[Package Manager] Cannot connect to Unity Package Manager local server
[Package Manager] Failed to launch server process. Reason: Unity was launched with the -noUpm command-line argument
[Package Manager] Unable to send message (not connected to server process).
[Package Manager] Cannot connect to Unity Package Manager local server
ScheduleIndexationOnStartup MainProcess:False IndexOnStartup:True
Mono: successfully reloaded assembly
- Finished resetting the current domain, in  5.016 seconds
Domain Reload Profiling: 9617ms
	BeginReloadAssembly (955ms)
		DisableScriptedObjects (84ms)
		CreateAndSetChildDomain (179ms)
	RebuildCommonClasses (33ms)
	RebuildNativeTypeToScriptingClass (59ms)
	initialDomainReloadingComplete (353ms)
	LoadAllAssembliesAndSetupDomain (3197ms)
		LoadAssemblies (1711ms)
		AnalyzeDomain (1158ms)
			TypeCache.Refresh (45ms)
				TypeCache.ScanAssembly (6ms)
			BuildScriptInfoCaches (1077ms)
			ResolveRequiredComponents (28ms)
	FinalizeReload (5021ms)
		SetupLoadedEditorAssemblies (0ms)
			InitializePlatformSupportModulesInManaged (8ms)
			BeforeProcessingInitializeOnLoad (611ms)
			ProcessInitializeOnLoadAttributes (1914ms)
			ProcessInitializeOnLoadMethodAttributes (805ms)
			AfterProcessingInitializeOnLoad (70ms)
		AwakeInstancesAfterBackupRestoration (149ms)
Refreshing native plugins compatible for Editor in 33.44 ms, found 5 plugins.
Unloading 22 Unused Serialized files (Serialized files now loaded: 0)
Unloading 7509 unused Assets / (5.8 MB). Loaded Objects now: 8532.
Memory consumption went from 354.7 MB to 348.9 MB.
Total: 56.194900 ms (FindLiveObjects: 3.086500 ms CreateObjectMapping: 15.009100 ms MarkObjects: 24.587200 ms  DeleteObjects: 13.509400 ms)

Prepare: number of updated asset objects reloaded= 0
========================================================================
Received Import Request.
  Time of request: 2026-09-06T17:53:24.5104205Z
  Time since last request: 41.6544627 seconds.
  importAddress: GUID: 4333852da72057f4eb8b47ad2bb96a53 - Path: Assets/ChangeDialogueState.cs - Importer: PreviewImporter
Importing 'GUID: 4333852da72057f4eb8b47ad2bb96a53 - Path: Assets/ChangeDialogueState.cs - Importer: PreviewImporter' with importer (PreviewImporter)
Imported 'GUID: 4333852da72057f4eb8b47ad2bb96a53' -> (Import Result ID: 'a522a5ee557b133e4aacf9254e242f88') in 0.010 seconds [static and dynamic dependencies]. Details - ImportResultOutputID=b9c7ea79c118b3af98bfe776ed3a5ddb DependenciesID=1a46ff1840d896ed0d6bdbd72a80e8d2 StaticDependenciesID=ccffe0c1d4c9497bda6ee2c3509fcede 
Number of updated asset objects reloaded before import = 0
Number of asset objects unloaded after import = 0
========================================================================
Received Prepare
AcceleratorClientConnectionCallback - disconnected - :0
Refreshing native plugins compatible for Editor in 11.72 ms, found 5 plugins.
Unloading 22 Unused Serialized files (Serialized files now loaded: 0)
Unloading 7484 unused Assets / (6.1 MB). Loaded Objects now: 8532.
Memory consumption went from 357.1 MB to 351.1 MB.
Total: 36.168300 ms (FindLiveObjects: 1.308000 ms CreateObjectMapping: 6.453900 ms MarkObjects: 20.349000 ms  DeleteObjects: 8.053700 ms)

Prepare: number of updated asset objects reloaded= 0
========================================================================
Received Import Request.
  Time of request: 2026-09-06T17:55:04.2646894Z
  Time since last request: 99.68966829999999 seconds.
  importAddress: GUID: 4333852da72057f4eb8b47ad2bb96a53 - Path: Assets/ChangeDialogueState.cs - Importer: PreviewImporter
Importing 'GUID: 4333852da72057f4eb8b47ad2bb96a53 - Path: Assets/ChangeDialogueState.cs - Importer: PreviewImporter' with importer (PreviewImporter)
Imported 'GUID: 4333852da72057f4eb8b47ad2bb96a53' -> (Import Result ID: '44b03f220d93230e575b4d1f62ec5a62') in 0.036 seconds [static and dynamic dependencies]. Details - ImportResultOutputID=b9c7ea79c118b3af98bfe776ed3a5ddb DependenciesID=ecaba5c66c67004bd93e09de80c71cac StaticDependenciesID=c5a7196a41e61a0dd859ffa977a7ab38 
Number of updated asset objects reloaded before import = 0
Number of asset objects unloaded after import = 0
========================================================================
Received Prepare
AcceleratorClientConnectionCallback - disconnected - :0
[Licensing::Client] Successfully resolved entitlement details
Begin MonoManager ReloadAssembly
Symbol file LoadedFromMemory is not a mono symbol file
Refreshing native plugins compatible for Editor in 21.81 ms, found 5 plugins.
Native extension for WindowsStandalone target not found
[Package Manager] Failed to launch server process. Reason: Unity was launched with the -noUpm command-line argument
[Package Manager] Unable to send message (not connected to server process).
[Package Manager] Cannot connect to Unity Package Manager local server
[Package Manager] Failed to launch server process. Reason: Unity was launched with the -noUpm command-line argument
[Package Manager] Unable to send message (not connected to server process).
[Package Manager] Cannot connect to Unity Package Manager local server
ScheduleIndexationOnStartup MainProcess:False IndexOnStartup:True
Mono: successfully reloaded assembly
- Finished resetting the current domain, in  1.765 seconds
Domain Reload Profiling: 6196ms
	BeginReloadAssembly (1086ms)
		DisableScriptedObjects (89ms)
		CreateAndSetChildDomain (189ms)
	RebuildCommonClasses (30ms)
	RebuildNativeTypeToScriptingClass (62ms)
	initialDomainReloadingComplete (351ms)
	LoadAllAssembliesAndSetupDomain (2900ms)
		LoadAssemblies (2052ms)
		AnalyzeDomain (846ms)
			TypeCache.Refresh (43ms)
				TypeCache.ScanAssembly (7ms)
			BuildScriptInfoCaches (778ms)
			ResolveRequiredComponents (19ms)
	FinalizeReload (1767ms)
		SetupLoadedEditorAssemblies (0ms)
			BeforeProcessingInitializeOnLoad (166ms)
			ProcessInitializeOnLoadAttributes (615ms)
			ProcessInitializeOnLoadMethodAttributes (273ms)
			AfterProcessingInitializeOnLoad (10ms)
		AwakeInstancesAfterBackupRestoration (50ms)
Refreshing native plugins compatible for Editor in 7.81 ms, found 5 plugins.
Unloading 22 Unused Serialized files (Serialized files now loaded: 0)
Unloading 7509 unused Assets / (5.5 MB). Loaded Objects now: 8535.
Memory consumption went from 360.6 MB to 355.1 MB.
Total: 16.165300 ms (FindLiveObjects: 0.953000 ms CreateObjectMapping: 3.921500 ms MarkObjects: 7.690000 ms  DeleteObjects: 3.599200 ms)

Prepare: number of updated asset objects reloaded= 0
========================================================================
Received Prepare
AcceleratorClientConnectionCallback - disconnected - :0
Refreshing native plugins compatible for Editor in 10.96 ms, found 5 plugins.
Unloading 22 Unused Serialized files (Serialized files now loaded: 0)
Unloading 7484 unused Assets / (6.7 MB). Loaded Objects now: 8535.
Memory consumption went from 363.0 MB to 356.3 MB.
Total: 37.205500 ms (FindLiveObjects: 2.012900 ms CreateObjectMapping: 7.093700 ms MarkObjects: 19.307700 ms  DeleteObjects: 8.787500 ms)

Prepare: number of updated asset objects reloaded= 0
========================================================================
Received Prepare
AcceleratorClientConnectionCallback - disconnected - :0
[Licensing::Client] Successfully resolved entitlement details
Begin MonoManager ReloadAssembly
Symbol file LoadedFromMemory is not a mono symbol file
Refreshing native plugins compatible for Editor in 8.01 ms, found 5 plugins.
Native extension for WindowsStandalone target not found
[Package Manager] Failed to launch server process. Reason: Unity was launched with the -noUpm command-line argument
[Package Manager] Unable to send message (not connected to server process).
[Package Manager] Cannot connect to Unity Package Manager local server
[Package Manager] Failed to launch server process. Reason: Unity was launched with the -noUpm command-line argument
[Package Manager] Unable to send message (not connected to server process).
[Package Manager] Cannot connect to Unity Package Manager local server
ScheduleIndexationOnStartup MainProcess:False IndexOnStartup:True
Mono: successfully reloaded assembly
- Finished resetting the current domain, in  1.601 seconds
Domain Reload Profiling: 5661ms
	BeginReloadAssembly (896ms)
		DisableScriptedObjects (71ms)
		CreateAndSetChildDomain (174ms)
	RebuildCommonClasses (35ms)
	RebuildNativeTypeToScriptingClass (75ms)
	initialDomainReloadingComplete (358ms)
	LoadAllAssembliesAndSetupDomain (2693ms)
		LoadAssemblies (1758ms)
		AnalyzeDomain (970ms)
			TypeCache.Refresh (48ms)
				TypeCache.ScanAssembly (7ms)
			BuildScriptInfoCaches (892ms)
			ResolveRequiredComponents (25ms)
	FinalizeReload (1603ms)
		SetupLoadedEditorAssemblies (0ms)
			InitializePlatformSupportModulesInManaged (3ms)
			BeforeProcessingInitializeOnLoad (180ms)
			ProcessInitializeOnLoadAttributes (600ms)
			ProcessInitializeOnLoadMethodAttributes (264ms)
			AfterProcessingInitializeOnLoad (15ms)
		AwakeInstancesAfterBackupRestoration (47ms)
Refreshing native plugins compatible for Editor in 6.08 ms, found 5 plugins.
Unloading 22 Unused Serialized files (Serialized files now loaded: 0)
Unloading 7509 unused Assets / (6.3 MB). Loaded Objects now: 8538.
Memory consumption went from 367.4 MB to 361.2 MB.
Total: 18.334700 ms (FindLiveObjects: 1.097100 ms CreateObjectMapping: 3.739500 ms MarkObjects: 8.456700 ms  DeleteObjects: 5.039600 ms)

Prepare: number of updated asset objects reloaded= 0
========================================================================
Received Prepare
AcceleratorClientConnectionCallback - disconnected - :0
Refreshing native plugins compatible for Editor in 8.18 ms, found 5 plugins.
Unloading 22 Unused Serialized files (Serialized files now loaded: 0)
Unloading 22 unused Assets / (2.6 MB). Loaded Objects now: 8538.
Memory consumption went from 364.4 MB to 361.8 MB.
Total: 12.484200 ms (FindLiveObjects: 0.741100 ms CreateObjectMapping: 1.459000 ms MarkObjects: 9.440400 ms  DeleteObjects: 0.842200 ms)

Prepare: number of updated asset objects reloaded= 0
========================================================================
Received Prepare
AcceleratorClientConnectionCallback - disconnected - :0
Begin MonoManager ReloadAssembly
Symbol file LoadedFromMemory is not a mono symbol file
Refreshing native plugins compatible for Editor in 8.16 ms, found 5 plugins.
Native extension for WindowsStandalone target not found
[Package Manager] Failed to launch server process. Reason: Unity was launched with the -noUpm command-line argument
[Package Manager] Unable to send message (not connected to server process).
[Package Manager] Cannot connect to Unity Package Manager local server
[Package Manager] Failed to launch server process. Reason: Unity was launched with the -noUpm command-line argument
[Package Manager] Unable to send message (not connected to server process).
[Package Manager] Cannot connect to Unity Package Manager local server
ScheduleIndexationOnStartup MainProcess:False IndexOnStartup:True
Mono: successfully reloaded assembly
- Finished resetting the current domain, in  1.655 seconds
Domain Reload Profiling: 2961ms
	BeginReloadAssembly (415ms)
		DisableScriptedObjects (27ms)
		CreateAndSetChildDomain (80ms)
	RebuildCommonClasses (19ms)
	RebuildNativeTypeToScriptingClass (41ms)
	initialDomainReloadingComplete (114ms)
	LoadAllAssembliesAndSetupDomain (716ms)
		LoadAssemblies (641ms)
		AnalyzeDomain (27ms)
			TypeCache.Refresh (11ms)
			ResolveRequiredComponents (9ms)
	FinalizeReload (1657ms)
		SetupLoadedEditorAssemblies (0ms)
			InitializePlatformSupportModulesInManaged (3ms)
			BeforeProcessingInitializeOnLoad (184ms)
			ProcessInitializeOnLoadAttributes (634ms)
			ProcessInitializeOnLoadMethodAttributes (279ms)
			AfterProcessingInitializeOnLoad (17ms)
		AwakeInstancesAfterBackupRestoration (55ms)
Refreshing native plugins compatible for Editor in 7.19 ms, found 5 plugins.
Unloading 22 Unused Serialized files (Serialized files now loaded: 0)
Unloading 7509 unused Assets / (5.4 MB). Loaded Objects now: 8541.
Memory consumption went from 373.1 MB to 367.8 MB.
Total: 17.199900 ms (FindLiveObjects: 0.869700 ms CreateObjectMapping: 3.611300 ms MarkObjects: 9.107700 ms  DeleteObjects: 3.609600 ms)

Prepare: number of updated asset objects reloaded= 0
========================================================================
Received Prepare
AcceleratorClientConnectionCallback - disconnected - :0
[Licensing::Client] Successfully resolved entitlement details
Begin MonoManager ReloadAssembly
Symbol file LoadedFromMemory is not a mono symbol file
Refreshing native plugins compatible for Editor in 6.98 ms, found 5 plugins.
Native extension for WindowsStandalone target not found
[Package Manager] Failed to launch server process. Reason: Unity was launched with the -noUpm command-line argument
[Package Manager] Unable to send message (not connected to server process).
[Package Manager] Cannot connect to Unity Package Manager local server
[Package Manager] Failed to launch server process. Reason: Unity was launched with the -noUpm command-line argument
[Package Manager] Unable to send message (not connected to server process).
[Package Manager] Cannot connect to Unity Package Manager local server
ScheduleIndexationOnStartup MainProcess:False IndexOnStartup:True
Mono: successfully reloaded assembly
- Finished resetting the current domain, in  1.516 seconds
Domain Reload Profiling: 2760ms
	BeginReloadAssembly (402ms)
		DisableScriptedObjects (38ms)
		CreateAndSetChildDomain (92ms)
	RebuildCommonClasses (17ms)
	RebuildNativeTypeToScriptingClass (24ms)
	initialDomainReloadingComplete (98ms)
	LoadAllAssembliesAndSetupDomain (700ms)
		LoadAssemblies (604ms)
		AnalyzeDomain (27ms)
			TypeCache.Refresh (12ms)
			ResolveRequiredComponents (9ms)
	FinalizeReload (1519ms)
		SetupLoadedEditorAssemblies (0ms)
			InitializePlatformSupportModulesInManaged (3ms)
			BeforeProcessingInitializeOnLoad (178ms)
			ProcessInitializeOnLoadAttributes (539ms)
			ProcessInitializeOnLoadMethodAttributes (275ms)
			AfterProcessingInitializeOnLoad (17ms)
		AwakeInstancesAfterBackupRestoration (62ms)
Refreshing native plugins compatible for Editor in 7.47 ms, found 5 plugins.
Unloading 22 Unused Serialized files (Serialized files now loaded: 0)
Unloading 7509 unused Assets / (5.9 MB). Loaded Objects now: 8544.
Memory consumption went from 375.6 MB to 369.7 MB.
Total: 19.256000 ms (FindLiveObjects: 0.934100 ms CreateObjectMapping: 4.382700 ms MarkObjects: 9.235000 ms  DeleteObjects: 4.702400 ms)

Prepare: number of updated asset objects reloaded= 0
