[Licensing::Module] Trying to connect to existing licensing client channel...
Built from '6000.5/staging' branch; Version is '6000.5.8f1 (5cb7df797b7d) revision 6076383'; Using compiler version '194234433'; Build Type 'Release'
[Licensing::IpcConnector] Successfully connected to: "LicenseClient-sdziu" at "2026-08-18T14:46:26.4872622Z"
OS: 'Windows 11  (10.0.26200) Core' Language: 'en' Physical Memory: 16076 MB
BatchMode: 0, IsHumanControllingUs: 1, StartBugReporterOnCrash: 1, Is64bit: 1
System  architecture: x64
Process architecture: x64
Date: 2026-08-18T14:46:26Z
[Licensing::Client] Error: HandshakeResponse reported an error:
	ResponseCode: 505
	ResponseStatus: Unsupported protocol version '1.18.1'.
[Licensing::Module] Error: Failed to handshake to channel: "LicenseClient-sdziu"
[Licensing::IpcConnector] LicenseClient-sdziu channel disconnected successfully.
[Licensing::IpcConnector] Channel LicenseClient-sdziu-6000.5.8 doesn't exist
[Licensing::Module] Successfully launched the LicensingClient (PId: 14492)

COMMAND LINE ARGUMENTS:
C:\Program Files\Unity\Hub\Editor\6000.5.8f1\Editor\Unity.exe
-projectpath
C:\Users\sdziu\my_documents\0_repositories\whoops
-acceptSoftwareTermsForThisRunOnly
-useHub
-hubIPC
-cloudEnvironment
production
-licensingIpc
LicenseClient-sdziu
-hubSessionId
8088cdb1-fbf6-479c-a0a7-ea05bc751605
-accessToken
MxS7rfPul-DozXf8ej2JKq242gbjbxplMvAYlylVdvI009f
Successfully changed project path to: C:\Users\sdziu\my_documents\0_repositories\whoops
C:/Users/sdziu/my_documents/0_repositories/whoops
[UnityMemory] Configuration Parameters - Can be set up in boot.config
    "memorysetup-temp-allocator-size-gi-baking-worker=262144"
    "memorysetup-temp-allocator-size-gi-baking-worker=262144"
    "memorysetup-temp-allocator-size-gi-baking-worker=262144"
    "memorysetup-temp-allocator-size-gi-baking-worker=262144"
    "memorysetup-temp-allocator-size-gi-baking-worker=262144"
    "memorysetup-temp-allocator-size-nav-mesh-worker=65536"
    "memorysetup-temp-allocator-size-audio-worker=65536"
    "memorysetup-temp-allocator-size-cloud-worker=32768"
    "memorysetup-temp-allocator-size-gfx=262144"
    "memorysetup-temp-allocator-size-preload-manager=33554432"
    "memorysetup-allocator-temp-initial-block-size-main=262144"
    "memorysetup-allocator-temp-initial-block-size-worker=262144"
    "memorysetup-temp-allocator-size-job-worker=262144"
    "memorysetup-temp-allocator-size-background-worker=32768"
    "memorysetup-bucket-allocator-granularity=16"
    "memorysetup-bucket-allocator-bucket-count=8"
    "memorysetup-bucket-allocator-block-size=33554432"
    "memorysetup-bucket-allocator-block-count=8"
    "memorysetup-main-allocator-block-size=16777216"
    "memorysetup-thread-allocator-block-size=16777216"
    "memorysetup-main-allocator-mimalloc-enabled=0"
    "memorysetup-gfx-main-allocator-block-size=16777216"
    "memorysetup-gfx-thread-allocator-block-size=16777216"
    "memorysetup-cache-allocator-block-size=4194304"
    "memorysetup-typetree-allocator-block-size=2097152"
    "memorysetup-profiler-bucket-allocator-granularity=16"
    "memorysetup-profiler-bucket-allocator-bucket-count=8"
    "memorysetup-profiler-bucket-allocator-block-size=33554432"
    "memorysetup-profiler-bucket-allocator-block-count=8"
    "memorysetup-profiler-allocator-block-size=16777216"
    "memorysetup-profiler-editor-allocator-block-size=1048576"
    "memorysetup-temp-allocator-size-main=16777216"
    "memorysetup-job-temp-allocator-block-size=2097152"
    "memorysetup-job-temp-allocator-block-size-background=1048576"
    "memorysetup-job-temp-allocator-reduction-small-platforms=262144"
Player connection [27792]  Target information:

Player connection [27792]  * "[IP] 26.197.100.150 [Port] 55504 [Flags] 2 [Guid] 4155102858 [EditorId] 4155102858 [Version] 1048832 [Id] WindowsEditor(7,DESKTOP-BMK0IR6) [Debug] 1 [PackageName] WindowsEditor [ProjectName] Editor" 

Player connection [27792]  * "[IP] 172.29.64.1 [Port] 55504 [Flags] 2 [Guid] 4155102858 [EditorId] 4155102858 [Version] 1048832 [Id] WindowsEditor(7,DESKTOP-BMK0IR6) [Debug] 1 [PackageName] WindowsEditor [ProjectName] Editor" 

Player connection [27792]  * "[IP] 10.102.194.127 [Port] 55504 [Flags] 2 [Guid] 4155102858 [EditorId] 4155102858 [Version] 1048832 [Id] WindowsEditor(7,DESKTOP-BMK0IR6) [Debug] 1 [PackageName] WindowsEditor [ProjectName] Editor" 

Player connection [27792]  * "[IP] 192.168.1.104 [Port] 55504 [Flags] 2 [Guid] 4155102858 [EditorId] 4155102858 [Version] 1048832 [Id] WindowsEditor(7,DESKTOP-BMK0IR6) [Debug] 1 [PackageName] WindowsEditor [ProjectName] Editor" 

Player connection [27792] Host joined multi-casting on [225.0.0.222:54997]...
Player connection [27792] Host joined alternative multi-casting on [225.0.0.222:34997]...
Input System module state changed to: Initialized.
[Physics::Module] Initialized fallback backend.
[Physics::Module] Id: 0xdecafbad
[Package Manager] Connected to IPC stream "Upm-27232" after 0.3 seconds.
[Licensing::Module] Licensing is not yet initialized.
[Licensing::IpcConnector] Successfully connected to: "LicenseClient-sdziu-6000.5.8" at "2026-08-18T14:46:33.9860765Z"
[Licensing::Client] Code 10 while verifying Licensing Client signature (process Id: 14492, path: "C:/Program Files/Unity/Hub/Editor/6000.5.8f1/Editor/Data/Resources/Licensing/Client/Unity.Licensing.Client.exe")
[Licensing::Module] LicensingClient has failed validation; ignoring
[Licensing::Client] Handshaking with LicensingClient:
  Version:                 1.18.1+9fbee8e
  Session Id:              a2e825abbf4a435db9edd558640c51b3
  Correlation Id:          ce22f8f84c0754223250e8a5ed409ebd
  External correlation Id: 539770359416399546
  Machine Id:              Q6Vl5DVYSTnyzT9cj0suQkgA2P4=
[Licensing::Module] Successfully connected to LicensingClient on channel: "LicenseClient-sdziu-6000.5.8" (connect: 6.56s, validation: 1.07s, handshake: 0.03s)
[Licensing::IpcConnector] Successfully connected to: "LicenseClient-sdziu-6000.5.8-notifications" at "2026-08-18T14:46:35.0824327Z"
[Licensing::Module] Connected to LicensingClient (PId: 14492, launch time: 0.03, total connection time: 7.65s)
[Licensing::Client] Successfully updated the access token
[Licensing::Module] Successfully updated the access token MxS7rfPul-...
[Licensing::Client] Successfully resolved entitlement details
[Licensing::Module] License group:
  Id: 10170887667645-UnityPersXXXX
  Product: Unity Personal
  Type: Assigned
  Expiration: Unlimited
[Licensing::Client] Successfully updated license, isAsync: True, time: 0.01
[Licensing::Client] Successfully resolved entitlement details
[Licensing::Module] Licensing Background thread has ended after 8.67s
[Licensing::Module] Licensing is initialized (took 6.16s).
[Licensing::Client] Successfully resolved entitlement details
Library Redirect Path: Library/
[Physics::Module] Selected backend.
[Physics::Module] Name: PhysX
[Physics::Module] Id: 0xf2b8ea05
[Physics::Module] SDK Version: 4.1.2
[Physics::Module] Integration Version: 1.0.0
[Physics::Module] Threading Mode: Multi-Threaded
Artifact Garbage Collection - Removed 1 unused hashed content files
Refreshing native plugins compatible for Editor in 105.32 ms, found 0 plugins.
Initialize engine version: 6000.5.8f1 (5cb7df797b7d)
[Subsystems] Discovering subsystems at path C:/Program Files/Unity/Hub/Editor/6000.5.8f1/Editor/Data/Resources/UnitySubsystems
[Subsystems] Discovering subsystems at path C:/Users/sdziu/my_documents/0_repositories/whoops/Assets
GfxDevice: creating device client; kGfxThreadingModeThreaded
Direct3D:
    Version:  Direct3D 11.0 [level 11.1]
    Renderer: Intel(R) UHD Graphics (ID=0xa7a8)
    Vendor:   Intel
    VRAM:     8038 MB
    Driver:   32.0.101.7076
Initialize mono
Mono path[0] = 'C:/Program Files/Unity/Hub/Editor/6000.5.8f1/Editor/Data/Managed'
Mono path[1] = 'C:/Program Files/Unity/Hub/Editor/6000.5.8f1/Editor/Data/BCLExtensions/runtime/netstandard2.1'
Mono path[2] = 'C:/Program Files/Unity/Hub/Editor/6000.5.8f1/Editor/Data/MonoBleedingEdge/lib/mono/unityjit-win32'
Mono config path = 'C:/Program Files/Unity/Hub/Editor/6000.5.8f1/Editor/Data/MonoBleedingEdge/etc'
Using monoOptions --debugger-agent=transport=dt_socket,embedding=1,server=y,suspend=n,address=127.0.0.1:56232
CodeReloadManager initialized
ImportWorker Server TCP listen port: 0
AcceleratorClientConnectionCallback - disconnected - :0
Begin MonoManager ReloadAssembly
Registering precompiled unity dll's ...
Register platform support module: C:/Program Files/Unity/Hub/Editor/6000.5.8f1/Editor/Data/PlaybackEngines/WindowsStandaloneSupport/UnityEditor.WindowsStandalone.Extensions.dll
Registered in 0.671902 seconds.
Native extension for WindowsStandalone target not found
Package Manager log level set to [2]
ScheduleIndexationOnStartup MainProcess:False IndexOnStartup:True
Mono: successfully reloaded assembly
- Finished resetting the current domain, in  1.515 seconds
Domain Reload Profiling: 6079ms
	BeginReloadAssembly (421ms)
		CreateAndSetChildDomain (8ms)
	RebuildCommonClasses (6ms)
	RebuildNativeTypeToScriptingClass (292ms)
	initialDomainReloadingComplete (1042ms)
	LoadAllAssembliesAndSetupDomain (2803ms)
		LoadAssemblies (423ms)
		AnalyzeDomain (2719ms)
			TypeCache.Refresh (2717ms)
				TypeCache.ScanAssembly (2142ms)
	FinalizeReload (1516ms)
		SetupLoadedEditorAssemblies (0ms)
			BeforeProcessingInitializeOnLoad (74ms)
			ProcessInitializeOnLoadAttributes (105ms)
			ProcessInitializeOnLoadMethodAttributes (1281ms)
[Licensing::Client] Successfully resolved entitlement details
Application.AssetDatabase Initial Refresh Start
[Package Manager] Restoring resolved packages state from cache
[Licensing::Client] Successfully resolved entitlement details
[Package Manager] Registered 68 packages:
  Packages from [https://packages.unity.com]:
    com.unity.collab-proxy@2.13.5 (location: C:\Users\sdziu\my_documents\0_repositories\whoops\Library\PackageCache\com.unity.collab-proxy@120d77864ebc)
    com.unity.ide.rider@3.0.40 (location: C:\Users\sdziu\my_documents\0_repositories\whoops\Library\PackageCache\com.unity.ide.rider@e4950c6d131b)
    com.unity.ide.visualstudio@2.0.27 (location: C:\Users\sdziu\my_documents\0_repositories\whoops\Library\PackageCache\com.unity.ide.visualstudio@dc1ddd4f09b6)
    com.unity.inputsystem@1.20.0 (location: C:\Users\sdziu\my_documents\0_repositories\whoops\Library\PackageCache\com.unity.inputsystem@7a4e1a2a8194)
    com.unity.nuget.newtonsoft-json@3.2.2 (location: C:\Users\sdziu\my_documents\0_repositories\whoops\Library\PackageCache\com.unity.nuget.newtonsoft-json@4dfd81071c64)
    com.unity.timeline@1.8.12 (location: C:\Users\sdziu\my_documents\0_repositories\whoops\Library\PackageCache\com.unity.timeline@8cd8509afae5)
    com.unity.visualscripting@1.9.12 (location: C:\Users\sdziu\my_documents\0_repositories\whoops\Library\PackageCache\com.unity.visualscripting@4edfcc09512f)
    com.unity.2d.animation@15.1.0 (location: C:\Users\sdziu\my_documents\0_repositories\whoops\Library\PackageCache\com.unity.2d.animation@6d5a363ae647)
    com.unity.2d.pixel-perfect@6.0.0 (location: C:\Users\sdziu\my_documents\0_repositories\whoops\Library\PackageCache\com.unity.2d.pixel-perfect@a860cb24a0cc)
    com.unity.2d.psdimporter@14.0.3 (location: C:\Users\sdziu\my_documents\0_repositories\whoops\Library\PackageCache\com.unity.2d.psdimporter@5d82044f9e43)
    com.unity.2d.spriteshape@15.0.3 (location: C:\Users\sdziu\my_documents\0_repositories\whoops\Library\PackageCache\com.unity.2d.spriteshape@fcb7ec61a58b)
    com.unity.2d.tilemap.extras@8.0.3 (location: C:\Users\sdziu\my_documents\0_repositories\whoops\Library\PackageCache\com.unity.2d.tilemap.extras@a80140457adc)
    com.unity.2d.aseprite@5.0.3 (location: C:\Users\sdziu\my_documents\0_repositories\whoops\Library\PackageCache\com.unity.2d.aseprite@d13865913efa)
    com.unity.2d.tooling@3.0.1 (location: C:\Users\sdziu\my_documents\0_repositories\whoops\Library\PackageCache\com.unity.2d.tooling@6f06ffb033c0)
    com.unity.searcher@4.9.5 (location: C:\Users\sdziu\my_documents\0_repositories\whoops\Library\PackageCache\com.unity.searcher@a463122f2c00)
    com.unity.burst@1.8.30 (location: C:\Users\sdziu\my_documents\0_repositories\whoops\Library\PackageCache\com.unity.burst@2f3d916873ea)
    com.unity.2d.common@14.0.1 (location: C:\Users\sdziu\my_documents\0_repositories\whoops\Library\PackageCache\com.unity.2d.common@73badf92ba8b)
    com.unity.nuget.mono-cecil@1.11.6 (location: C:\Users\sdziu\my_documents\0_repositories\whoops\Library\PackageCache\com.unity.nuget.mono-cecil@ecb9724e46ff)
    com.unity.test-framework.performance@3.5.0 (location: C:\Users\sdziu\my_documents\0_repositories\whoops\Library\PackageCache\com.unity.test-framework.performance@8b56083ec0f0)
  Built-in packages:
    com.unity.feature.2d@2.0.2 (location: C:\Users\sdziu\my_documents\0_repositories\whoops\Library\PackageCache\com.unity.feature.2d@11724ae7e5b5)
    com.unity.multiplayer.center@1.0.1 (location: C:\Users\sdziu\my_documents\0_repositories\whoops\Library\PackageCache\com.unity.multiplayer.center@b860850997d0)
    com.unity.render-pipelines.universal@17.5.0 (location: C:\Users\sdziu\my_documents\0_repositories\whoops\Library\PackageCache\com.unity.render-pipelines.universal@73b4c4ff130e)
    com.unity.test-framework@1.7.0 (location: C:\Users\sdziu\my_documents\0_repositories\whoops\Library\PackageCache\com.unity.test-framework@1405238725ab)
    com.unity.ugui@2.5.0 (location: C:\Users\sdziu\my_documents\0_repositories\whoops\Library\PackageCache\com.unity.ugui@1c4864518158)
    com.unity.modules.accessibility@1.0.0 (location: C:\Users\sdziu\my_documents\0_repositories\whoops\Library\PackageCache\com.unity.modules.accessibility)
    com.unity.modules.adaptiveperformance@1.0.0 (location: C:\Users\sdziu\my_documents\0_repositories\whoops\Library\PackageCache\com.unity.modules.adaptiveperformance)
    com.unity.modules.ai@1.0.0 (location: C:\Users\sdziu\my_documents\0_repositories\whoops\Library\PackageCache\com.unity.modules.ai)
    com.unity.modules.androidjni@1.0.0 (location: C:\Users\sdziu\my_documents\0_repositories\whoops\Library\PackageCache\com.unity.modules.androidjni)
    com.unity.modules.animation@1.0.0 (location: C:\Users\sdziu\my_documents\0_repositories\whoops\Library\PackageCache\com.unity.modules.animation)
    com.unity.modules.assetbundle@1.0.0 (location: C:\Users\sdziu\my_documents\0_repositories\whoops\Library\PackageCache\com.unity.modules.assetbundle)
    com.unity.modules.audio@1.0.0 (location: C:\Users\sdziu\my_documents\0_repositories\whoops\Library\PackageCache\com.unity.modules.audio)
    com.unity.modules.cloth@1.0.0 (location: C:\Users\sdziu\my_documents\0_repositories\whoops\Library\PackageCache\com.unity.modules.cloth)
    com.unity.modules.director@1.0.0 (location: C:\Users\sdziu\my_documents\0_repositories\whoops\Library\PackageCache\com.unity.modules.director)
    com.unity.modules.imageconversion@1.0.0 (location: C:\Users\sdziu\my_documents\0_repositories\whoops\Library\PackageCache\com.unity.modules.imageconversion)
    com.unity.modules.imgui@1.0.0 (location: C:\Users\sdziu\my_documents\0_repositories\whoops\Library\PackageCache\com.unity.modules.imgui)
    com.unity.modules.jsonserialize@1.0.0 (location: C:\Users\sdziu\my_documents\0_repositories\whoops\Library\PackageCache\com.unity.modules.jsonserialize)
    com.unity.modules.particlesystem@1.0.0 (location: C:\Users\sdziu\my_documents\0_repositories\whoops\Library\PackageCache\com.unity.modules.particlesystem)
    com.unity.modules.physics@1.0.0 (location: C:\Users\sdziu\my_documents\0_repositories\whoops\Library\PackageCache\com.unity.modules.physics)
    com.unity.modules.physics2d@1.0.0 (location: C:\Users\sdziu\my_documents\0_repositories\whoops\Library\PackageCache\com.unity.modules.physics2d)
    com.unity.modules.physicscore2d@1.0.0 (location: C:\Users\sdziu\my_documents\0_repositories\whoops\Library\PackageCache\com.unity.modules.physicscore2d)
    com.unity.modules.screencapture@1.0.0 (location: C:\Users\sdziu\my_documents\0_repositories\whoops\Library\PackageCache\com.unity.modules.screencapture)
    com.unity.modules.terrain@1.0.0 (location: C:\Users\sdziu\my_documents\0_repositories\whoops\Library\PackageCache\com.unity.modules.terrain)
    com.unity.modules.terrainphysics@1.0.0 (location: C:\Users\sdziu\my_documents\0_repositories\whoops\Library\PackageCache\com.unity.modules.terrainphysics)
    com.unity.modules.tilemap@1.0.0 (location: C:\Users\sdziu\my_documents\0_repositories\whoops\Library\PackageCache\com.unity.modules.tilemap)
    com.unity.modules.ui@1.0.0 (location: C:\Users\sdziu\my_documents\0_repositories\whoops\Library\PackageCache\com.unity.modules.ui)
    com.unity.modules.uielements@1.0.0 (location: C:\Users\sdziu\my_documents\0_repositories\whoops\Library\PackageCache\com.unity.modules.uielements)
    com.unity.modules.umbra@1.0.0 (location: C:\Users\sdziu\my_documents\0_repositories\whoops\Library\PackageCache\com.unity.modules.umbra)
    com.unity.modules.unityanalytics@1.0.0 (location: C:\Users\sdziu\my_documents\0_repositories\whoops\Library\PackageCache\com.unity.modules.unityanalytics)
    com.unity.modules.unitywebrequest@1.0.0 (location: C:\Users\sdziu\my_documents\0_repositories\whoops\Library\PackageCache\com.unity.modules.unitywebrequest)
    com.unity.modules.unitywebrequestassetbundle@1.0.0 (location: C:\Users\sdziu\my_documents\0_repositories\whoops\Library\PackageCache\com.unity.modules.unitywebrequestassetbundle)
    com.unity.modules.unitywebrequestaudio@1.0.0 (location: C:\Users\sdziu\my_documents\0_repositories\whoops\Library\PackageCache\com.unity.modules.unitywebrequestaudio)
    com.unity.modules.unitywebrequesttexture@1.0.0 (location: C:\Users\sdziu\my_documents\0_repositories\whoops\Library\PackageCache\com.unity.modules.unitywebrequesttexture)
    com.unity.modules.unitywebrequestwww@1.0.0 (location: C:\Users\sdziu\my_documents\0_repositories\whoops\Library\PackageCache\com.unity.modules.unitywebrequestwww)
    com.unity.modules.vectorgraphics@1.0.0 (location: C:\Users\sdziu\my_documents\0_repositories\whoops\Library\PackageCache\com.unity.modules.vectorgraphics)
    com.unity.modules.vehicles@1.0.0 (location: C:\Users\sdziu\my_documents\0_repositories\whoops\Library\PackageCache\com.unity.modules.vehicles)
    com.unity.modules.video@1.0.0 (location: C:\Users\sdziu\my_documents\0_repositories\whoops\Library\PackageCache\com.unity.modules.video)
    com.unity.modules.wind@1.0.0 (location: C:\Users\sdziu\my_documents\0_repositories\whoops\Library\PackageCache\com.unity.modules.wind)
    com.unity.modules.xr@1.0.0 (location: C:\Users\sdziu\my_documents\0_repositories\whoops\Library\PackageCache\com.unity.modules.xr)
    com.unity.modules.subsystems@1.0.0 (location: C:\Users\sdziu\my_documents\0_repositories\whoops\Library\PackageCache\com.unity.modules.subsystems)
    com.unity.modules.hierarchycore@1.0.0 (location: C:\Users\sdziu\my_documents\0_repositories\whoops\Library\PackageCache\com.unity.modules.hierarchycore)
    com.unity.ext.nunit@2.1.0 (location: C:\Users\sdziu\my_documents\0_repositories\whoops\Library\PackageCache\com.unity.ext.nunit@44f7d31723bd)
    com.unity.render-pipelines.core@17.5.0 (location: C:\Users\sdziu\my_documents\0_repositories\whoops\Library\PackageCache\com.unity.render-pipelines.core@a4c9a9793789)
    com.unity.shadergraph@17.5.0 (location: C:\Users\sdziu\my_documents\0_repositories\whoops\Library\PackageCache\com.unity.shadergraph@8d7376ec43ee)
    com.unity.render-pipelines.universal-config@17.5.0 (location: C:\Users\sdziu\my_documents\0_repositories\whoops\Library\PackageCache\com.unity.render-pipelines.universal-config@fdda01c80fe3)
    com.unity.2d.sprite@1.0.0 (location: C:\Users\sdziu\my_documents\0_repositories\whoops\Library\PackageCache\com.unity.2d.sprite@053a968eab56)
    com.unity.2d.tilemap@1.0.0 (location: C:\Users\sdziu\my_documents\0_repositories\whoops\Library\PackageCache\com.unity.2d.tilemap@b959501fd678)
    com.unity.collections@6.5.0 (location: C:\Users\sdziu\my_documents\0_repositories\whoops\Library\PackageCache\com.unity.collections@ec2c217e4cb2)
    com.unity.mathematics@1.4.0 (location: C:\Users\sdziu\my_documents\0_repositories\whoops\Library\PackageCache\com.unity.mathematics@981956d94fb6)
[Subsystems] No new subsystems found in resolved package list.
[Package Manager] Done registering packages in 0.02 seconds
[ScriptCompilation] Requested script compilation because: AssetDatabase observed changes in script compilation related files
info: Microsoft.Hosting.Lifetime[14]
      Now listening on: http://localhost:80
info: Microsoft.Hosting.Lifetime[0]
      Application started. Press Ctrl+C to shut down.
info: Microsoft.Hosting.Lifetime[0]
      Hosting environment: Production
info: Microsoft.Hosting.Lifetime[0]
      Content root path: C:\Users\sdziu\my_documents\0_repositories\whoops
info: Microsoft.AspNetCore.Hosting.Diagnostics[1]
      Request starting HTTP/2 POST http://ilpp/UnityILPP.PostProcessing/Ping - application/grpc -
info: Microsoft.AspNetCore.Routing.EndpointMiddleware[0]
      Executing endpoint 'gRPC - /UnityILPP.PostProcessing/Ping'
info: Microsoft.AspNetCore.Routing.EndpointMiddleware[1]
      Executed endpoint 'gRPC - /UnityILPP.PostProcessing/Ping'
info: Microsoft.AspNetCore.Hosting.Diagnostics[2]
      Request finished HTTP/2 POST http://ilpp/UnityILPP.PostProcessing/Ping - 200 - application/grpc 35.2835ms
Starting: C:\Program Files\Unity\Hub\Editor\6000.5.8f1\Editor\Data\Tools\BuildPipeline\bee_backend.exe --ipc --defer-dag-verification --dagfile="Library/Bee/1900b0aE.dag" --continue-on-failure --profile="Library/Bee/backend1.traceevents" ScriptAssemblies
WorkingDir: C:/Users/sdziu/my_documents/0_repositories/whoops
info: Microsoft.AspNetCore.Hosting.Diagnostics[1]
      Request starting HTTP/2 POST http://ilpp/UnityILPP.PostProcessing/ConfigurePostProcessors - application/grpc -
info: Microsoft.AspNetCore.Routing.EndpointMiddleware[0]
      Executing endpoint 'gRPC - /UnityILPP.PostProcessing/ConfigurePostProcessors'
warn: Unity.ILPP.Runner.PostProcessingAssemblyLoadContext[0]
      Assembly system.runtime.interopservices.windowsruntime has duplicate hint path. Ignoring "C:\Program Files\Unity\Hub\Editor\6000.5.8f1\Editor\Data\UnityReferenceAssemblies\unity-4.8-api\Facades\System.Runtime.InteropServices.WindowsRuntime.dll" in favor of "C:\Program Files\Unity\Hub\Editor\6000.5.8f1\Editor\Data\NetStandard\Extensions\2.0.0\System.Runtime.InteropServices.WindowsRuntime.dll"
warn: Unity.ILPP.Runner.PostProcessingAssemblyLoadContext[0]
      Assembly system.componentmodel.composition has duplicate hint path. Ignoring "C:\Program Files\Unity\Hub\Editor\6000.5.8f1\Editor\Data\UnityReferenceAssemblies\unity-4.8-api\System.ComponentModel.Composition.dll" in favor of "C:\Program Files\Unity\Hub\Editor\6000.5.8f1\Editor\Data\NetStandard\compat\2.1.0\shims\netfx\System.ComponentModel.Composition.dll"
info: Unity.ILPP.Runner.PostProcessingAssemblyLoadContext[0]
      Resolved Unity.Burst.Cecil, Version=0.11.6.0, Culture=neutral, PublicKeyToken=50cebf1cceb9d05e with Library\PackageCache\com.unity.burst@2f3d916873ea\Unity.Burst.CodeGen\Unity.Burst.Cecil.dll
info: Unity.ILPP.Runner.PostProcessingAssemblyLoadContext[0]
      Resolved Mono.Cecil, Version=0.11.5.0, Culture=neutral, PublicKeyToken=50cebf1cceb9d05e with Library\PackageCache\com.unity.nuget.mono-cecil@ecb9724e46ff\Mono.Cecil.dll
info: Microsoft.AspNetCore.Routing.EndpointMiddleware[1]
      Executed endpoint 'gRPC - /UnityILPP.PostProcessing/ConfigurePostProcessors'
info: Microsoft.AspNetCore.Hosting.Diagnostics[2]
      Request finished HTTP/2 POST http://ilpp/UnityILPP.PostProcessing/ConfigurePostProcessors - 200 - application/grpc 934.6943ms
info: Microsoft.AspNetCore.Hosting.Diagnostics[1]
      Request starting HTTP/2 POST http://ilpp/UnityILPP.PostProcessing/PostProcessAssembly - application/grpc -
info: Microsoft.AspNetCore.Routing.EndpointMiddleware[0]
      Executing endpoint 'gRPC - /UnityILPP.PostProcessing/PostProcessAssembly'
info: Microsoft.AspNetCore.Hosting.Diagnostics[1]
      Request starting HTTP/2 POST http://ilpp/UnityILPP.PostProcessing/PostProcessAssembly - application/grpc -
info: Microsoft.AspNetCore.Routing.EndpointMiddleware[0]
      Executing endpoint 'gRPC - /UnityILPP.PostProcessing/PostProcessAssembly'
info: Unity.ILPP.Runner.PostProcessingPipeline[0]
      Processing assembly Library/Bee/artifacts/1900b0aE.dag/Assembly-CSharp.dll, with 143 defines and 358 references
info: Unity.ILPP.Runner.PostProcessingPipeline[0]
      Processing assembly Library/Bee/artifacts/1900b0aE.dag/Assembly-CSharp-Editor.dll, with 141 defines and 380 references
info: Unity.ILPP.Runner.PostProcessingPipeline[0]
      processors: Unity.Jobs.CodeGen.JobsILPostProcessor, zzzUnity.Burst.CodeGen.BurstILPostProcessor
info: Unity.ILPP.Runner.PostProcessingPipeline[0]
      processors: Unity.Jobs.CodeGen.JobsILPostProcessor, zzzUnity.Burst.CodeGen.BurstILPostProcessor
info: Unity.ILPP.Runner.PostProcessingPipeline[0]
      running Unity.Jobs.CodeGen.JobsILPostProcessor
info: Unity.ILPP.Runner.PostProcessingAssemblyLoadContext[0]
      Resolved Unity.Collections, Version=0.0.0.0, Culture=neutral, PublicKeyToken=null with Library\Bee\artifacts\1900b0aE.dag\Unity.Collections.dll
info: Unity.ILPP.Runner.PostProcessingPipeline[0]
      running Unity.Jobs.CodeGen.JobsILPostProcessor
info: Unity.ILPP.Runner.PostProcessingAssemblyLoadContext[0]
      Resolved UnityEditor.CoreModule, Version=0.0.0.0, Culture=neutral, PublicKeyToken=null with C:\Program Files\Unity\Hub\Editor\6000.5.8f1\Editor\Data\Managed\UnityEngine\UnityEditor.CoreModule.dll
info: Unity.ILPP.Runner.PostProcessingAssemblyLoadContext[0]
      Resolved UnityEngine.CoreModule, Version=0.0.0.0, Culture=neutral, PublicKeyToken=null with C:\Program Files\Unity\Hub\Editor\6000.5.8f1\Editor\Data\Managed\UnityEngine\UnityEngine.CoreModule.dll
info: Unity.ILPP.Runner.PostProcessingAssemblyLoadContext[0]
      Resolved Unity.Scripting, Version=0.0.0.0, Culture=neutral, PublicKeyToken=null with C:\Program Files\Unity\Hub\Editor\6000.5.8f1\Editor\Data\Managed\UnityEngine\Unity.Scripting.dll
info: Unity.ILPP.Runner.PostProcessingPipeline[0]
      running zzzUnity.Burst.CodeGen.BurstILPostProcessor
info: Unity.ILPP.Runner.PostProcessingAssemblyLoadContext[0]
      Resolved Unity.Burst.Cecil.Rocks, Version=0.11.6.0, Culture=neutral, PublicKeyToken=50cebf1cceb9d05e with Library\PackageCache\com.unity.burst@2f3d916873ea\Unity.Burst.CodeGen\Unity.Burst.Cecil.Rocks.dll
info: Unity.ILPP.Runner.PostProcessingPipeline[0]
      running zzzUnity.Burst.CodeGen.BurstILPostProcessor
info: Microsoft.AspNetCore.Routing.EndpointMiddleware[1]
      Executed endpoint 'gRPC - /UnityILPP.PostProcessing/PostProcessAssembly'
info: Microsoft.AspNetCore.Routing.EndpointMiddleware[1]
      Executed endpoint 'gRPC - /UnityILPP.PostProcessing/PostProcessAssembly'
info: Microsoft.AspNetCore.Hosting.Diagnostics[2]
      Request finished HTTP/2 POST http://ilpp/UnityILPP.PostProcessing/PostProcessAssembly - 200 - application/grpc 1716.3224ms
info: Microsoft.AspNetCore.Hosting.Diagnostics[2]
      Request finished HTTP/2 POST http://ilpp/UnityILPP.PostProcessing/PostProcessAssembly - 200 - application/grpc 1714.8541ms
ExitCode: 0 Duration: 11s
[ 426/1154  0s] WriteResponseFile Library/Bee/artifacts/rsp/4747638433968585886.rsp
[ 626/1154  0s] CopyFiles Library/ScriptAssemblies/UnityEngine.TestRunner.pdb
[ 627/1154  0s] CopyFiles Library/ScriptAssemblies/UnityEngine.TestRunner.dll
[ 648/1154  0s] CopyFiles Library/ScriptAssemblies/UnityEditor.TestRunner.pdb
[ 680/1154  0s] CopyFiles Library/ScriptAssemblies/UnityEditor.TestRunner.dll
[ 779/1154  0s] CopyFiles Library/ScriptAssemblies/Unity.VisualStudio.Editor.pdb
[ 802/1154  0s] CopyFiles Library/ScriptAssemblies/Unity.Collections.CodeGen.pdb
[ 832/1154  0s] CopyFiles Library/ScriptAssemblies/Unity.Collections.CodeGen.dll
[ 838/1154  0s] CopyFiles Library/ScriptAssemblies/Unity.Burst.CodeGen.dll
[ 850/1154  0s] CopyFiles Library/ScriptAssemblies/Unity.VisualStudio.Editor.dll
[ 852/1154  0s] CopyFiles Library/ScriptAssemblies/Unity.Burst.CodeGen.pdb
[ 853/1154  0s] CopyFiles Library/ScriptAssemblies/Unity.Rider.Editor.dll
[ 855/1154  0s] CopyFiles Library/ScriptAssemblies/Unity.Rider.Editor.pdb
[ 893/1154  0s] ILPP-Configuration Library/ilpp-configuration.nevergeneratedoutput
[ 978/1154  0s] CopyFiles Library/ScriptAssemblies/Unity.InputSystem.TestFramework.dll
[ 979/1154  0s] CopyFiles Library/ScriptAssemblies/Unity.2D.SpriteShape.Runtime.dll
[ 980/1154  0s] CopyFiles Library/ScriptAssemblies/Unity.VisualScripting.Core.dll
[ 981/1154  0s] CopyFiles Library/ScriptAssemblies/Unity.Burst.dll
[ 982/1154  0s] CopyFiles Library/ScriptAssemblies/Unity.RenderPipelines.Universal.Shaders.dll
[ 983/1154  0s] CopyFiles Library/ScriptAssemblies/Unity.InternalAPIEngineBridge.004.dll
[ 984/1154  0s] CopyFiles Library/ScriptAssemblies/Unity.UnifiedRayTracing.Runtime.dll
[ 985/1154  0s] CopyFiles Library/ScriptAssemblies/Unity.RenderPipelines.Universal.Config.Runtime.dll
[ 986/1154  0s] CopyFiles Library/ScriptAssemblies/Unity.PerformanceTesting.dll
[ 987/1154  0s] CopyFiles Library/ScriptAssemblies/Unity.RenderPipelines.Universal.Runtime.dll
[ 988/1154  0s] CopyFiles Library/ScriptAssemblies/Unity.SurfaceCache.Runtime.dll
[ 989/1154  0s] CopyFiles Library/ScriptAssemblies/Unity.InternalAPIEngineBridge.RenderPipelines.Core.Runtime.Shared.dll
[ 990/1154  0s] CopyFiles Library/ScriptAssemblies/Unity.VisualScripting.DocCodeExamples.dll
[ 991/1154  0s] CopyFiles Library/ScriptAssemblies/Unity.VisualScripting.Flow.dll
[ 992/1154  0s] CopyFiles Library/ScriptAssemblies/Unity.Timeline.dll
[ 993/1154  0s] CopyFiles Library/ScriptAssemblies/Unity.TextMeshPro.dll
[ 994/1154  0s] CopyFiles Library/ScriptAssemblies/Unity.PathTracing.Runtime.dll
[ 995/1154  0s] CopyFiles Library/ScriptAssemblies/Unity.2D.Tilemap.Extras.dll
[ 996/1154  0s] CopyFiles Library/ScriptAssemblies/Unity.RenderPipelines.Core.Runtime.dll
[ 997/1154  0s] CopyFiles Library/ScriptAssemblies/Unity.2D.Animation.Runtime.dll
[ 998/1154  0s] CopyFiles Library/ScriptAssemblies/Unity.Multiplayer.Center.Common.dll
[ 999/1154  0s] CopyFiles Library/ScriptAssemblies/Unity.2D.IK.Runtime.dll
[1000/1154  0s] CopyFiles Library/ScriptAssemblies/Unity.Collections.dll
[1001/1154  0s] CopyFiles Library/ScriptAssemblies/Unity.2D.Common.Runtime.dll
[1002/1154  0s] CopyFiles Library/ScriptAssemblies/Unity.RenderPipelines.GPUDriven.Runtime.dll
[1003/1154  0s] CopyFiles Library/ScriptAssemblies/Unity.RenderPipelines.ShaderGraph.ShaderGraphLibrary.dll
[1004/1154  0s] CopyFiles Library/ScriptAssemblies/Unity.Mathematics.dll
[1005/1154  0s] CopyFiles Library/ScriptAssemblies/Unity.InternalAPIEngineBridge.001.dll
[1006/1154  0s] CopyFiles Library/ScriptAssemblies/Unity.2D.Common.Path.Editor.pdb
[1007/1154  0s] CopyFiles Library/ScriptAssemblies/UnityEngine.UI.dll
[1008/1154  0s] CopyFiles Library/ScriptAssemblies/Unity.TextMeshPro.Editor.pdb
[1009/1154  0s] CopyFiles Library/ScriptAssemblies/Unity.RenderPipelines.Core.Runtime.Shared.dll
[1010/1154  0s] CopyFiles Library/ScriptAssemblies/Unity.RenderPipelines.Core.ShaderLibrary.dll
[1011/1154  0s] CopyFiles Library/ScriptAssemblies/Unity.RenderPipelines.Universal.2D.Runtime.dll
[1012/1154  0s] CopyFiles Library/ScriptAssemblies/Unity.RenderPipelines.Core.Editor.Shared.dll
[1013/1154  0s] CopyFiles Library/ScriptAssemblies/Unity.InputSystem.dll
[1014/1154  0s] CopyFiles Library/ScriptAssemblies/Unity.2D.PixelPerfect.dll
[1015/1154  0s] CopyFiles Library/ScriptAssemblies/Unity.RenderPipelines.Core.Editor.Shared.pdb
[1016/1154  0s] CopyFiles Library/ScriptAssemblies/Unity.TextMeshPro.Editor.dll
[1017/1154  0s] CopyFiles Library/ScriptAssemblies/Unity.VisualScripting.State.dll
[1018/1154  0s] CopyFiles Library/ScriptAssemblies/Unity.InputSystem.DocCodeSamples.dll
[1019/1154  0s] CopyFiles Library/ScriptAssemblies/Unity.2D.IK.Editor.pdb
[1020/1154  0s] CopyFiles Library/ScriptAssemblies/Unity.2D.Common.Path.Editor.dll
[1021/1154  0s] CopyFiles Library/ScriptAssemblies/Unity.InputSystem.ForUI.dll
[1022/1154  0s] CopyFiles Library/ScriptAssemblies/PsdPlugin.pdb
[1023/1154  0s] CopyFiles Library/ScriptAssemblies/Unity.RenderPipeline.Universal.ShaderLibrary.dll
[1024/1154  0s] CopyFiles Library/ScriptAssemblies/Unity.VisualScripting.SettingsProvider.Editor.dll
[1025/1154  0s] CopyFiles Library/ScriptAssemblies/Unity.2D.IK.Editor.dll
[1026/1154  0s] CopyFiles Library/ScriptAssemblies/PsdPlugin.dll
[1027/1154  0s] CopyFiles Library/ScriptAssemblies/Unity.ShaderGraph.Utilities.pdb
[1028/1154  0s] CopyFiles Library/ScriptAssemblies/Unity.2D.Tilemap.Extras.Editor.dll
[1029/1154  0s] CopyFiles Library/ScriptAssemblies/Unity.ShaderGraph.Utilities.dll
[1030/1154  0s] CopyFiles Library/ScriptAssemblies/UnityEditor.UI.Analytics.dll
[1031/1154  0s] CopyFiles Library/ScriptAssemblies/UnityEditor.UI.Analytics.pdb
[1032/1154  0s] CopyFiles Library/ScriptAssemblies/Unity.InputSystem.DocCodeSamples.pdb
[1033/1154  0s] CopyFiles Library/ScriptAssemblies/Unity.PlasticSCM.Editor.dll
[1034/1154  0s] CopyFiles Library/ScriptAssemblies/Unity.PlasticSCM.Editor.pdb
[1035/1154  0s] CopyFiles Library/ScriptAssemblies/Unity.2D.Aseprite.Common.pdb
[1036/1154  0s] CopyFiles Library/ScriptAssemblies/Unity.InternalAPIEngineBridge.RenderPipelines.Core.Editor.dll
[1037/1154  0s] CopyFiles Library/ScriptAssemblies/Unity.2D.Aseprite.Common.dll
[1038/1154  0s] CopyFiles Library/ScriptAssemblies/Unity.VisualScripting.SettingsProvider.Editor.pdb
[1039/1154  0s] CopyFiles Library/ScriptAssemblies/Unity.2D.Tilemap.Extras.Editor.pdb
[1040/1154  0s] CopyFiles Library/ScriptAssemblies/Unity.InternalAPIEngineBridge.RenderPipelines.Core.Editor.pdb
[1041/1154  0s] CopyFiles Library/ScriptAssemblies/Unity.2D.Common.Editor.dll
[1042/1154  0s] CopyFiles Library/ScriptAssemblies/Unity.2D.Tooling.Editor.pdb
[1043/1154  0s] CopyFiles Library/ScriptAssemblies/Unity.2D.PixelPerfect.Editor.pdb
[1044/1154  0s] CopyFiles Library/ScriptAssemblies/Unity.InternalAPIEditorBridge.001.dll
[1045/1154  0s] CopyFiles Library/ScriptAssemblies/Unity.Rendering.LightTransport.Editor.dll
[1046/1154  0s] CopyFiles Library/ScriptAssemblies/Unity.2D.PixelPerfect.Editor.dll
[1047/1154  0s] CopyFiles Library/ScriptAssemblies/Unity.2D.Tooling.Editor.dll
[1048/1154  0s] CopyFiles Library/ScriptAssemblies/Unity.Rendering.LightTransport.Editor.pdb
[1049/1154  0s] CopyFiles Library/ScriptAssemblies/Unity.2D.Common.Editor.pdb
[1050/1154  0s] CopyFiles Library/ScriptAssemblies/ScriptablePacker.pdb
[1051/1154  0s] CopyFiles Library/ScriptAssemblies/Unity.InputSystem.ForUI.Editor.dll
[1052/1154  0s] CopyFiles Library/ScriptAssemblies/Unity.CollabProxy.Editor.pdb
[1053/1154  0s] CopyFiles Library/ScriptAssemblies/Unity.CollabProxy.Editor.dll
[1054/1154  0s] CopyFiles Library/ScriptAssemblies/Unity.VisualScripting.Core.Editor.dll
[1055/1154  0s] CopyFiles Library/ScriptAssemblies/Unity.PlasticSCM.Editor.Entities.pdb
[1056/1154  0s] CopyFiles Library/ScriptAssemblies/Unity.InternalAPIEditorBridge.001.pdb
[1057/1154  0s] CopyFiles Library/ScriptAssemblies/ScriptablePacker.dll
[1058/1154  0s] CopyFiles Library/ScriptAssemblies/Unity.VisualScripting.Flow.Editor.pdb
[1059/1154  0s] CopyFiles Library/ScriptAssemblies/Unity.RenderPipelines.Universal.Editor.dll
[1060/1154  0s] CopyFiles Library/ScriptAssemblies/Unity.VisualScripting.Core.Editor.pdb
[1061/1154  0s] CopyFiles Library/ScriptAssemblies/Unity.PlasticSCM.Editor.Entities.dll
[1062/1154  0s] CopyFiles Library/ScriptAssemblies/Unity.RenderPipelines.Universal.Editor.pdb
[1063/1154  0s] CopyFiles Library/ScriptAssemblies/Unity.VisualScripting.State.Editor.pdb
[1064/1154  0s] CopyFiles Library/ScriptAssemblies/Unity.VisualScripting.Shared.Editor.pdb
[1065/1154  0s] CopyFiles Library/ScriptAssemblies/Unity.VisualScripting.Flow.Editor.dll
[1066/1154  0s] CopyFiles Library/ScriptAssemblies/Unity.InputSystem.ForUI.Editor.pdb
[1067/1154  0s] CopyFiles Library/ScriptAssemblies/Unity.PlasticSCM.Editor.Assistant.pdb
[1068/1154  0s] CopyFiles Library/ScriptAssemblies/Unity.VisualScripting.Shared.Editor.dll
[1069/1154  0s] CopyFiles Library/ScriptAssemblies/Unity.2D.Animation.Editor.dll
[1070/1154  0s] CopyFiles Library/ScriptAssemblies/Unity.PlasticSCM.Editor.Assistant.dll
[1071/1154  0s] CopyFiles Library/ScriptAssemblies/Unity.RenderPipelines.Universal.2D.Editor.Overrides.dll
[1072/1154  0s] CopyFiles Library/ScriptAssemblies/Unity.2D.Tilemap.Editor.pdb
[1073/1154  0s] CopyFiles Library/ScriptAssemblies/Unity.InternalAPIEditorBridge.ShaderGraph.Editor.pdb
[1074/1154  0s] CopyFiles Library/ScriptAssemblies/Unity.InternalAPIEditorBridge.ShaderGraph.Editor.dll
[1075/1154  0s] CopyFiles Library/ScriptAssemblies/Unity.2D.Tilemap.Editor.dll
[1076/1154  0s] CopyFiles Library/ScriptAssemblies/Unity.RenderPipelines.Universal.2D.Editor.Overrides.pdb
[1077/1154  0s] CopyFiles Library/ScriptAssemblies/Unity.2D.Psdimporter.Editor.pdb
[1078/1154  0s] CopyFiles Library/ScriptAssemblies/Unity.VisualScripting.State.Editor.dll
[1079/1154  0s] CopyFiles Library/ScriptAssemblies/Unity.2D.Animation.Editor.pdb
[1080/1154  0s] CopyFiles Library/ScriptAssemblies/Unity.2D.Psdimporter.Editor.dll
[1081/1154  0s] CopyFiles Library/ScriptAssemblies/Unity.Collections.Editor.pdb
[1082/1154  0s] CopyFiles Library/ScriptAssemblies/Unity.Multiplayer.Center.Editor.dll
[1083/1154  0s] CopyFiles Library/ScriptAssemblies/Unity.PathTracing.Editor.pdb
[1084/1154  0s] CopyFiles Library/ScriptAssemblies/Unity.Multiplayer.Center.Editor.pdb
[1085/1154  0s] CopyFiles Library/ScriptAssemblies/UnityEditor.UI.pdb
[1086/1154  0s] CopyFiles Library/ScriptAssemblies/Unity.ShaderGraph.Editor.pdb
[1087/1154  0s] CopyFiles Library/ScriptAssemblies/Unity.Searcher.Editor.dll
[1088/1154  0s] CopyFiles Library/ScriptAssemblies/Unity.Searcher.Editor.pdb
[1089/1154  0s] CopyFiles Library/ScriptAssemblies/Unity.PathTracing.Editor.dll
[1090/1154  0s] CopyFiles Library/ScriptAssemblies/UnityEditor.UI.dll
[1091/1154  0s] CopyFiles Library/ScriptAssemblies/Unity.Collections.Editor.dll
[1092/1154  0s] CopyFiles Library/ScriptAssemblies/Unity.Burst.Editor.dll
[1093/1154  0s] CopyFiles Library/ScriptAssemblies/Unity.ShaderGraph.Editor.dll
[1094/1154  0s] CopyFiles Library/ScriptAssemblies/Unity.Burst.Editor.pdb
[1095/1154  0s] CopyFiles Library/ScriptAssemblies/Unity.2D.Triangulation.Runtime.pdb
[1096/1154  0s] CopyFiles Library/ScriptAssemblies/Unity.PerformanceTesting.Editor.dll
[1097/1154  0s] CopyFiles Library/ScriptAssemblies/Unity.2D.Triangulation.Runtime.dll
[1098/1154  0s] CopyFiles Library/ScriptAssemblies/Unity.RenderPipelines.Core.Editor.dll
[1099/1154  0s] CopyFiles Library/ScriptAssemblies/Unity.Timeline.Editor.pdb
[1100/1154  0s] CopyFiles Library/ScriptAssemblies/Unity.PerformanceTesting.Editor.pdb
[1101/1154  0s] CopyFiles Library/ScriptAssemblies/Unity.RenderPipelines.Core.Editor.pdb
[1102/1154  0s] CopyFiles Library/ScriptAssemblies/Unity.PathTracing.Runtime.pdb
[1103/1154  0s] CopyFiles Library/ScriptAssemblies/Unity.Timeline.Editor.dll
[1104/1154  0s] CopyFiles Library/ScriptAssemblies/Unity.2D.Sprite.Editor.dll
[1105/1154  0s] CopyFiles Library/ScriptAssemblies/Unity.2D.Aseprite.Editor.pdb
[1106/1154  0s] CopyFiles Library/ScriptAssemblies/Unity.2D.SpriteShape.Editor.pdb
[1107/1154  0s] CopyFiles Library/ScriptAssemblies/Unity.2D.Common.Runtime.pdb
[1108/1154  0s] CopyFiles Library/ScriptAssemblies/Unity.RenderPipelines.Core.Runtime.pdb
[1109/1154  0s] CopyFiles Library/ScriptAssemblies/Unity.2D.Aseprite.Editor.dll
[1110/1154  0s] CopyFiles Library/ScriptAssemblies/Unity.2D.SpriteShape.Editor.dll
[1111/1154  0s] CopyFiles Library/ScriptAssemblies/Unity.2D.Animation.Runtime.pdb
[1112/1154  0s] CopyFiles Library/ScriptAssemblies/Unity.2D.Sprite.Editor.pdb
[1113/1154  0s] CopyFiles Library/ScriptAssemblies/Unity.InternalAPIEngineBridge.RenderPipelines.Core.Runtime.Shared.pdb
[1114/1154  0s] CopyFiles Library/ScriptAssemblies/Unity.RenderPipelines.ShaderGraph.ShaderGraphLibrary.pdb
[1115/1154  0s] CopyFiles Library/ScriptAssemblies/Unity.UnifiedRayTracing.Runtime.pdb
[1116/1154  0s] CopyFiles Library/ScriptAssemblies/Unity.Mathematics.pdb
[1117/1154  0s] CopyFiles Library/ScriptAssemblies/Unity.SurfaceCache.Runtime.pdb
[1118/1154  0s] CopyFiles Library/ScriptAssemblies/UnityEngine.UI.pdb
[1119/1154  0s] CopyFiles Library/ScriptAssemblies/Unity.Collections.pdb
[1120/1154  0s] CopyFiles Library/ScriptAssemblies/Unity.RenderPipelines.Core.Runtime.Shared.pdb
[1121/1154  0s] CopyFiles Library/ScriptAssemblies/Unity.RenderPipelines.Universal.Config.Runtime.pdb
[1122/1154  0s] CopyFiles Library/ScriptAssemblies/Unity.InputSystem.pdb
[1123/1154  0s] CopyFiles Library/ScriptAssemblies/Unity.RenderPipelines.Core.ShaderLibrary.pdb
[1124/1154  0s] CopyFiles Library/ScriptAssemblies/Unity.InputSystem.TestFramework.pdb
[1125/1154  0s] CopyFiles Library/ScriptAssemblies/Unity.RenderPipelines.GPUDriven.Runtime.pdb
[1126/1154  0s] CopyFiles Library/ScriptAssemblies/Unity.2D.SpriteShape.Runtime.pdb
[1127/1154  0s] CopyFiles Library/ScriptAssemblies/Unity.RenderPipelines.Universal.Runtime.pdb
[1128/1154  0s] CopyFiles Library/ScriptAssemblies/Unity.2D.IK.Runtime.pdb
[1129/1154  0s] CopyFiles Library/ScriptAssemblies/Unity.TextMeshPro.pdb
[1130/1154  0s] CopyFiles Library/ScriptAssemblies/Unity.InternalAPIEngineBridge.001.pdb
[1131/1154  0s] CopyFiles Library/ScriptAssemblies/Unity.InputSystem.ForUI.pdb
[1132/1154  0s] CopyFiles Library/ScriptAssemblies/Unity.Multiplayer.Center.Common.pdb
[1133/1154  0s] CopyFiles Library/ScriptAssemblies/Unity.InternalAPIEngineBridge.004.pdb
[1134/1154  0s] CopyFiles Library/ScriptAssemblies/Unity.RenderPipelines.Universal.2D.Runtime.pdb
[1135/1154  0s] CopyFiles Library/ScriptAssemblies/Unity.Timeline.pdb
[1136/1154  0s] CopyFiles Library/ScriptAssemblies/Unity.Burst.pdb
[1137/1154  0s] CopyFiles Library/ScriptAssemblies/Unity.VisualScripting.Core.pdb
[1138/1154  0s] CopyFiles Library/ScriptAssemblies/Unity.RenderPipeline.Universal.ShaderLibrary.pdb
[1139/1154  0s] CopyFiles Library/ScriptAssemblies/Unity.PerformanceTesting.pdb
[1140/1154  0s] CopyFiles Library/ScriptAssemblies/Unity.2D.PixelPerfect.pdb
[1141/1154  0s] CopyFiles Library/ScriptAssemblies/Unity.VisualScripting.State.pdb
[1142/1154  0s] CopyFiles Library/ScriptAssemblies/Unity.VisualScripting.Flow.pdb
[1143/1154  0s] CopyFiles Library/ScriptAssemblies/Unity.VisualScripting.DocCodeExamples.pdb
[1144/1154  0s] CopyFiles Library/ScriptAssemblies/Unity.2D.Tilemap.Extras.pdb
[1145/1154  0s] CopyFiles Library/ScriptAssemblies/Unity.RenderPipelines.Universal.Shaders.pdb
[BUSY       7s] Csc Library/Bee/artifacts/1900b0aE.dag/Assembly-CSharp.dll (+2 others)
[1146/1154  9s] Csc Library/Bee/artifacts/1900b0aE.dag/Assembly-CSharp.dll (+2 others)
Assets\PickupItem.cs(13,21): warning CS0618: 'Object.FindFirstObjectByType<T>()' is obsolete: 'FindFirstObjectByType has been deprecated because it relies on instance ID ordering. Use FindAnyObjectByType instead, which does not depend on ordering.'

Assets\Portal.cs(34,60): warning CS0618: 'FindObjectsSortMode' is obsolete: 'FindObjectsSortMode has been deprecated. Use the FindObjectsByType overloads that do not take a FindObjectsSortMode parameter.'

Assets\Portal.cs(34,32): warning CS0618: 'Object.FindObjectsByType<T>(FindObjectsSortMode)' is obsolete: 'FindObjectsByType with FindObjectsSortMode parameter has been deprecated. Use FindObjectsByType<T>() or FindObjectsByType<T>(FindObjectsInactive) instead. InstanceID will be replaced in the future with EntityId and previous sort order cannot be maintained.'

Assets\SaveSystem.cs(59,70): warning CS0618: 'FindObjectsSortMode' is obsolete: 'FindObjectsSortMode has been deprecated. Use the FindObjectsByType overloads that do not take a FindObjectsSortMode parameter.'

Assets\SaveSystem.cs(59,33): warning CS0618: 'Object.FindObjectsByType<T>(FindObjectsSortMode)' is obsolete: 'FindObjectsByType with FindObjectsSortMode parameter has been deprecated. Use FindObjectsByType<T>() or FindObjectsByType<T>(FindObjectsInactive) instead. InstanceID will be replaced in the future with EntityId and previous sort order cannot be maintained.'

Assets\YandexGame\ScriptsYG\Leaderboards\LBPlayerDataYG.cs(45,21): warning UAC1001: Field 'data' type 'YG.LBPlayerDataYG.Data' is skipped by serialization (missing the [Serializable] attribute). Refer to the Serialization rules analyzer reference. (https://docs.unity3d.com/6000.5/Documentation/Manual/script-serialization-analyzer.html#uac1001)

Assets\SaveSystem.cs(16,36): warning UAC1009: Field 'levelDictinonary' uses an unsupported type 'System.Collections.Generic.Dictionary<int, string>'. Refer to the Serialization rules analyzer reference. (https://docs.unity3d.com/6000.5/Documentation/Manual/script-serialization-analyzer.html#uac1009)
[1148/1154  1s] ILPostProcess Library/Bee/artifacts/1900b0aE.dag/post-processed/Assembly-CSharp-Editor.dll (+pdb)
Processing assembly Library/Bee/artifacts/1900b0aE.dag/Assembly-CSharp-Editor.dll, with 141 defines and 380 references

processors: Unity.Jobs.CodeGen.JobsILPostProcessor, zzzUnity.Burst.CodeGen.BurstILPostProcessor

running Unity.Jobs.CodeGen.JobsILPostProcessor

running zzzUnity.Burst.CodeGen.BurstILPostProcessor
[1149/1154  1s] ILPostProcess Library/Bee/artifacts/1900b0aE.dag/post-processed/Assembly-CSharp.dll (+pdb)
Processing assembly Library/Bee/artifacts/1900b0aE.dag/Assembly-CSharp.dll, with 143 defines and 358 references

processors: Unity.Jobs.CodeGen.JobsILPostProcessor, zzzUnity.Burst.CodeGen.BurstILPostProcessor

running Unity.Jobs.CodeGen.JobsILPostProcessor

running zzzUnity.Burst.CodeGen.BurstILPostProcessor
[1150/1154  0s] CopyFiles Library/ScriptAssemblies/Assembly-CSharp.pdb
[1151/1154  0s] CopyFiles Library/ScriptAssemblies/Assembly-CSharp-Editor.pdb
[1152/1154  0s] CopyFiles Library/ScriptAssemblies/Assembly-CSharp.dll
[1153/1154  0s] CopyFiles Library/ScriptAssemblies/Assembly-CSharp-Editor.dll
*** Tundra build success (11.85 seconds), 189 items updated, 1154 evaluated
Assets\PickupItem.cs(13,21): warning CS0618: 'Object.FindFirstObjectByType<T>()' is obsolete: 'FindFirstObjectByType has been deprecated because it relies on instance ID ordering. Use FindAnyObjectByType instead, which does not depend on ordering.'
Assets\Portal.cs(34,60): warning CS0618: 'FindObjectsSortMode' is obsolete: 'FindObjectsSortMode has been deprecated. Use the FindObjectsByType overloads that do not take a FindObjectsSortMode parameter.'
Assets\Portal.cs(34,32): warning CS0618: 'Object.FindObjectsByType<T>(FindObjectsSortMode)' is obsolete: 'FindObjectsByType with FindObjectsSortMode parameter has been deprecated. Use FindObjectsByType<T>() or FindObjectsByType<T>(FindObjectsInactive) instead. InstanceID will be replaced in the future with EntityId and previous sort order cannot be maintained.'
Assets\SaveSystem.cs(59,70): warning CS0618: 'FindObjectsSortMode' is obsolete: 'FindObjectsSortMode has been deprecated. Use the FindObjectsByType overloads that do not take a FindObjectsSortMode parameter.'
Assets\SaveSystem.cs(59,33): warning CS0618: 'Object.FindObjectsByType<T>(FindObjectsSortMode)' is obsolete: 'FindObjectsByType with FindObjectsSortMode parameter has been deprecated. Use FindObjectsByType<T>() or FindObjectsByType<T>(FindObjectsInactive) instead. InstanceID will be replaced in the future with EntityId and previous sort order cannot be maintained.'
Assets\YandexGame\ScriptsYG\Leaderboards\LBPlayerDataYG.cs(45,21): warning UAC1001: Field 'data' type 'YG.LBPlayerDataYG.Data' is skipped by serialization (missing the [Serializable] attribute). Refer to the Serialization rules analyzer reference. (https://docs.unity3d.com/6000.5/Documentation/Manual/script-serialization-analyzer.html#uac1001)
Assets\SaveSystem.cs(16,36): warning UAC1009: Field 'levelDictinonary' uses an unsupported type 'System.Collections.Generic.Dictionary<int, string>'. Refer to the Serialization rules analyzer reference. (https://docs.unity3d.com/6000.5/Documentation/Manual/script-serialization-analyzer.html#uac1009)
Total cache size 268408592
Total cache size after purge 268408592, took 00:00:00.4482652
AssetDatabase: script compilation time: 21.045202s
Begin MonoManager ReloadAssembly
Symbol file LoadedFromMemory is not a mono symbol file
Refreshing native plugins compatible for Editor in 146.37 ms, found 5 plugins.
Native extension for WindowsStandalone target not found
Refreshing native plugins compatible for Editor in 3.09 ms, found 5 plugins.
ScheduleIndexationOnStartup MainProcess:True IndexOnStartup:True
Mono: successfully reloaded assembly
- Finished resetting the current domain, in  4.411 seconds
Domain Reload Profiling: 8504ms
	BeginReloadAssembly (195ms)
		DisableScriptedObjects (23ms)
		CreateAndSetChildDomain (44ms)
	RebuildCommonClasses (7ms)
	RebuildNativeTypeToScriptingClass (12ms)
	initialDomainReloadingComplete (51ms)
	LoadAllAssembliesAndSetupDomain (3827ms)
		LoadAssemblies (3439ms)
		AnalyzeDomain (364ms)
			TypeCache.Refresh (285ms)
				TypeCache.ScanAssembly (270ms)
			BuildScriptInfoCaches (69ms)
			ResolveRequiredComponents (7ms)
	FinalizeReload (4412ms)
		SetupLoadedEditorAssemblies (0ms)
			BeforeProcessingInitializeOnLoad (77ms)
			ProcessInitializeOnLoadAttributes (2917ms)
			ProcessInitializeOnLoadMethodAttributes (899ms)
			AfterProcessingInitializeOnLoad (6ms)
		AwakeInstancesAfterBackupRestoration (26ms)
Starting new worker id: 0 with log in C:/Users/sdziu/my_documents/0_repositories/whoops/Logs/AssetImportWorkerHW0.log
Refreshing native plugins compatible for Editor in 3.52 ms, found 5 plugins.

Asset Pipeline Refresh (id=016dce2e7ba33e644b67274902594e51): Total: 38.714 seconds - Initiated by InitialRefreshV2(ForceSynchronousImport)
	(Values over 0.05ms)
	Summary:
		Imports: total=0 (actual=0, local cache=0, cache server=0)
		Asset DB Process Time: managed=0 ms, native=13044 ms
		Asset DB Callback time: managed=368 ms, native=65 ms
		Scripting: domain reloads=1, domain reload time=4142 ms, compile time=21047 ms, other=47 ms
		Project Asset Count: scripts=1714, non-scripts=3385
		Asset File Changes: new=0, changed=1, moved=0, deleted=0
		Scan Filter Count: 0
	InvokePackagesCallback: 53.925ms
	ApplyChangesToAssetFolders: 0.560ms
	Scan: 216.531ms
	Collect global state as custom dependencies: 19.167ms
	OnSourceAssetsModified: 0.704ms
	CategorizeScriptCompilationAssets: 6078.691ms
	ProcessAssetsWithTransientArtifactChanges: 78.748ms
	CategorizeAssets: 48.512ms
	CompileScripts: 21047.158ms
	ImportOutOfDateAssets: 4658.997ms (4596.286ms without children)
		UnloadImportedAssets: 0.742ms
		EnsureUptoDateAssetsAreRegisteredWithGuidPM: 0.692ms
		ImportSchedulerStart: 61.229ms
	PostProcessAllAssets: 374.838ms
		VCAutoAddAssetPostprocess 3.903ms
		XRBuildSystem.XRAssetImported 0.930ms
		ShaderAssetModifiedCallback 0.359ms
		PostProcessCallbackCreateDeferredMaterials 0.357ms
		SpriteAtlasDatabase.OnAssetPostprocessCallback 0.134ms
		WindowTitlePostprocess 0.121ms
		MonoPostProcessAllAssets: 367.900ms
			AssetPostprocessor.OnPostprocessAllAssets 174.856ms
			StyleCatalogPostProcessor.OnPostprocessAllAssets 82.656ms
			BuilderAssetPostprocessor.OnPostprocessAllAssets 32.444ms
			UniversalRenderPipelineGlobalSettingsPostprocessor.OnPostprocessAllAssets 12.047ms
			AssetChangedListener.OnPostprocessAllAssets 4.562ms
			SyncVS.PostprocessSyncProject 3.620ms
			WindowAssetPostprocessingWatcher.OnPostprocessAllAssets 2.698ms
			SpriteSlicePostprocessor.OnPostprocessAllAssets 2.101ms
			SpeedTree9Postprocessor.OnPostprocessAllAssets 1.758ms
			ShaderGraphAssetPostProcessor.OnPostprocessAllAssets 1.654ms
			EditModeScopePostprocessor.OnPostprocessAllAssets 1.396ms
			RetainedModeAssetPostprocessor.OnPostprocessAllAssets 1.088ms
			RenderPipelineGlobalSettingsPostprocessor.OnPostprocessAllAssets 0.984ms
			ArtifactBrowserPostProcessor.OnPostprocessAllAssets 0.710ms
			MaterialPostprocessor.OnPostprocessAllAssets 0.635ms
			ReferencedClipsPostProcessor.OnPostprocessAllAssets 0.547ms
			SpriteShapeAssetPostProcessor.OnPostprocessAllAssets 0.533ms
			SpriteEditorTexturePostprocessor.OnPostprocessAllAssets 0.495ms
			UVCSAssetPostprocessor.OnPostprocessAllAssets 0.474ms
			AudioMixerPostprocessor.OnPostprocessAllAssets 0.456ms
			SampleDependencyImporterPostProcessor.OnPostprocessAllAssets 0.387ms
			AssetProcessor.OnPostprocessAllAssets 0.353ms
			ShaderReflectionAssetPostProcessor.OnPostprocessAllAssets 0.350ms
			InputActionAssetPostprocessor.OnPostprocessAllAssets 0.340ms
			TextAssetPostProcessor.OnPostprocessAllAssets 0.322ms
			PostProcessor.OnPostprocessAllAssets 0.321ms
			InputActionJsonNameModifierAssetProcessor.OnPostprocessAllAssets 0.310ms
			TMPro_TexturePostProcessor.OnPostprocessAllAssets 0.297ms
			AssetEvents.OnPostprocessAllAssets 0.261ms
			SpriteLibraryAssetPostprocessor.OnPostprocessAllAssets 0.236ms
			AssetDatabaseCallbacks.OnPostprocessAllAssets 0.176ms
			AudioContainerPostProcessor.OnPostprocessAllAssets 0.168ms
			TerrainToolbarOverlayPostProcessor.OnPostprocessAllAssets 0.168ms
			ProjectSettingsPostprocessor.OnPostprocessAllAssets 0.164ms
			ConfigAssetsTracker.OnPostprocessAllAssets 0.145ms
			SamplePostprocessor.OnPostprocessAllAssets 0.142ms
			SpeedTreePostProcessor.OnPostprocessAllAssets 0.133ms
			PSDImportPostProcessor.OnPostprocessAllAssets 0.125ms
			ScenarioDriftAssetsTracker.OnPostprocessAllAssets 0.123ms
			AssetReloadNotifier.OnPostprocessAllAssets 0.116ms
			PSDImporterAssetPostProcessor.OnPostprocessAllAssets 0.073ms
	PostAssetChangesProfiler: 5.839ms
	UnloadStreamsBegin: 2.392ms
	PersistCurrentRevisions: 0.194ms
	GenerateScriptTypeHashes: 2.741ms
	GenerateScriptTypeSerializationHashes: 4.894ms
	Untracked: 6120.588ms

Application.AssetDatabase Initial Refresh End
Launched and connected shader compiler UnityShaderCompiler.exe after 0.04 seconds
Worker ready: AssetImportWorkerHW0 0
Scanning for USB devices : 5.100ms
Initializing Unity extensions:
[MODES] ModeService[none].Initialize
[MODES] ModeService[none].LoadModes
[MODES] Loading mode Default (0) for mode-current-id-Whoops! A Detective Story
GetVirtualKey: Could not map char: z (122) to any virtual key
GetVirtualKey: Could not map char: y (121) to any virtual key
GetVirtualKey: Could not map char: x (120) to any virtual key
GetVirtualKey: Could not map char: c (99) to any virtual key
GetVirtualKey: Could not map char: v (118) to any virtual key
GetVirtualKey: Could not map char: V (86) to any virtual key
GetVirtualKey: Could not map char: d (100) to any virtual key
GetVirtualKey: Could not map char: f (102) to any virtual key
GetVirtualKey: Could not map char: f (102) to any virtual key
GetVirtualKey: Could not map char: a (97) to any virtual key
GetVirtualKey: Could not map char: d (100) to any virtual key
GetVirtualKey: Could not map char: c (99) to any virtual key
GetVirtualKey: Could not map char: r (114) to any virtual key
GetVirtualKey: Could not map char: i (105) to any virtual key
GetVirtualKey: Could not map char: l (108) to any virtual key
GetVirtualKey: Could not map char: f (102) to any virtual key
GetVirtualKey: Could not map char: k (107) to any virtual key
GetVirtualKey: Could not map char: p (112) to any virtual key
GetVirtualKey: Could not map char: p (112) to any virtual key
GetVirtualKey: Could not map char: p (112) to any virtual key
GetVirtualKey: Could not map char: c (99) to any virtual key
GetVirtualKey: Could not map char: r (114) to any virtual key
GetVirtualKey: Could not map char: P (80) to any virtual key
GetVirtualKey: Could not map char: n (110) to any virtual key
GetVirtualKey: Could not map char: n (110) to any virtual key
GetVirtualKey: Could not map char: g (103) to any virtual key
GetVirtualKey: Could not map char: f (102) to any virtual key
GetVirtualKey: Could not map char: f (102) to any virtual key
GetVirtualKey: Could not map char: a (97) to any virtual key
GetVirtualKey: Could not map char: a (97) to any virtual key
GetVirtualKey: Could not map char: n (110) to any virtual key
GetVirtualKey: Could not map char: o (111) to any virtual key
GetVirtualKey: Could not map char: s (115) to any virtual key
GetVirtualKey: Could not map char: s (115) to any virtual key
GetVirtualKey: Could not map char: b (98) to any virtual key
GetVirtualKey: Could not map char: b (98) to any virtual key
GetVirtualKey: Could not map char: c (99) to any virtual key
GetVirtualKey: Could not map char: u (117) to any virtual key
Unloading 50 Unused Serialized files (Serialized files now loaded: 0)
Loaded scene 'Assets/Scenes/SampleScene.unity'
	Deserialize:            253.333 ms
	Integration:            717.877 ms
	Integration of assets:  5.540 ms
	Thread Wait Time:       0.068 ms
	Total Operation Time:   976.818 ms
[Licensing::Client] Successfully resolved entitlement details
Unloading 7520 unused Assets / (6.3 MB). Loaded Objects now: 9256.
Memory consumption went from 472.7 MB to 466.4 MB.
Total: 18.297200 ms (FindLiveObjects: 1.068100 ms CreateObjectMapping: 3.263000 ms MarkObjects: 8.478700 ms  DeleteObjects: 5.197900 ms)

[LAYOUT] About to load UserSettings\Layouts\default-6000.dwlt, keepMainWindow=False
[LAYOUT] About to save layout C:\Users\sdziu\my_documents\0_repositories\whoops\UserSettings\Layouts\default-6000.dwlt
[LAYOUT] About to save layout C:/Users/sdziu/AppData/Roaming/Unity/Editor-5.x/Preferences\Layouts\current\default-6000.dwlt
[MODES] ModeService[default].InitializeCurrentMode
[MODES] ModeService[default].RaiseModeChanged(default, default)
This project uses Input Manager, which is marked for deprecation. To manage input in your project, use the <a href="https://docs.unity3d.com/Packages/com.unity.inputsystem@latest">Input System package</a> instead.
GetVirtualKey: Could not map char: z (122) to any virtual key
GetVirtualKey: Could not map char: y (121) to any virtual key
GetVirtualKey: Could not map char: x (120) to any virtual key
GetVirtualKey: Could not map char: c (99) to any virtual key
GetVirtualKey: Could not map char: v (118) to any virtual key
GetVirtualKey: Could not map char: V (86) to any virtual key
GetVirtualKey: Could not map char: d (100) to any virtual key
GetVirtualKey: Could not map char: f (102) to any virtual key
GetVirtualKey: Could not map char: f (102) to any virtual key
GetVirtualKey: Could not map char: a (97) to any virtual key
GetVirtualKey: Could not map char: d (100) to any virtual key
GetVirtualKey: Could not map char: c (99) to any virtual key
GetVirtualKey: Could not map char: r (114) to any virtual key
GetVirtualKey: Could not map char: i (105) to any virtual key
GetVirtualKey: Could not map char: l (108) to any virtual key
GetVirtualKey: Could not map char: f (102) to any virtual key
GetVirtualKey: Could not map char: k (107) to any virtual key
GetVirtualKey: Could not map char: p (112) to any virtual key
GetVirtualKey: Could not map char: p (112) to any virtual key
GetVirtualKey: Could not map char: p (112) to any virtual key
GetVirtualKey: Could not map char: c (99) to any virtual key
GetVirtualKey: Could not map char: r (114) to any virtual key
GetVirtualKey: Could not map char: P (80) to any virtual key
GetVirtualKey: Could not map char: n (110) to any virtual key
GetVirtualKey: Could not map char: n (110) to any virtual key
GetVirtualKey: Could not map char: g (103) to any virtual key
GetVirtualKey: Could not map char: f (102) to any virtual key
GetVirtualKey: Could not map char: f (102) to any virtual key
GetVirtualKey: Could not map char: a (97) to any virtual key
GetVirtualKey: Could not map char: a (97) to any virtual key
GetVirtualKey: Could not map char: n (110) to any virtual key
GetVirtualKey: Could not map char: o (111) to any virtual key
GetVirtualKey: Could not map char: s (115) to any virtual key
GetVirtualKey: Could not map char: s (115) to any virtual key
GetVirtualKey: Could not map char: b (98) to any virtual key
GetVirtualKey: Could not map char: b (98) to any virtual key
GetVirtualKey: Could not map char: c (99) to any virtual key
GetVirtualKey: Could not map char: u (117) to any virtual key
<RI> Initializing input.
Using Windows.Gaming.Input
<RI> Input initialized.
[Project] Loading completed in 89.904 seconds
	Project init time: 				84.425 seconds
		Template init time: 		0.000 seconds
		Package Manager init time: 		6.411 seconds
		Asset Database init time: 		0.665 seconds
		Global illumination init time: 	0.023 seconds
		Assemblies load time: 			32.911 seconds
		Unity extensions init time: 	0.017 seconds
		Asset Database refresh time: 	38.715 seconds
	Scene opening time: 			5.195 seconds
##utp:{"type":"ProjectInfo","version":2,"phase":"Immediate","time":1787064476375,"processId":27232,"projectLoad":89.90403739999999,"projectInit":84.424534,"templateInit":0.0,"packageManagerInit":6.4109925,"assetDatabaseInit":0.6653778,"globalIlluminationInit":0.0230117,"assembliesLoad":32.9108049,"unityExtensionsInit":0.0174325,"assetDatabaseRefresh":38.7148359,"sceneOpening":5.1952995}
##utp:{"type":"EditorInfo","version":2,"phase":"Immediate","time":1787064476376,"processId":27232,"editorVersion":"6000.5.8f1 (5cb7df797b7d)","branch":"6000.5/staging","buildType":"Release","platform":"Windows"}
[Licensing::Client] Successfully resolved entitlement details
Asset Pipeline Refresh (id=134c59a78e8acc9459d94ef3e2685f12): Total: 0.126 seconds - Initiated by RefreshV2(AllowForceSynchronousImport)
Created GICache directory at C:/Users/sdziu/AppData/LocalLow/Unity/Caches/GiCache. Took: 0.032s, timestamps: [92.311 - 92.344]
[Licensing::Client] Successfully resolved entitlement details
[Licensing::Client] Successfully resolved entitlement details
[Licensing::Client] Successfully resolved entitlement details
[Licensing::Client] Successfully updated the access token
[Licensing::Module] Successfully updated access token: "MxS7rfPu"... (expires: 2026-08-18T16:42:43Z)
Asset Pipeline Refresh (id=fd01c7b1d880681468413e424f5e504b): Total: 0.013 seconds - Initiated by RefreshV2(AllowForceSynchronousImport)
Start Indexing on Editor startup
[Indexing] Starting Initial Indexing for Assets
Starting new worker id: 1 with log in C:/Users/sdziu/my_documents/0_repositories/whoops/Logs/AssetImportWorkerHW1.log
[Worker0] Imported GUID: 3f3239816e837094f92778b6d667d49d - Path: Assets/Resources/InventoryItems/InventoryOil.prefab - Importer: ScriptedImporter/UnityEditor.QuickSearchModule:UnityEditor.Search:ASIAI0B -> (ImportResultId: 'e54f87705e4f0d17dda89aee88396bb3') in 0.4675603 seconds
Starting new worker id: 2 with log in C:/Users/sdziu/my_documents/0_repositories/whoops/Logs/AssetImportWorkerHW2.log
[Worker0] Imported GUID: b4c7908cf0a24a24a86ba9316221bef6 - Path: Assets/Resources/InventoryItems/InventoryRag.prefab - Importer: ScriptedImporter/UnityEditor.QuickSearchModule:UnityEditor.Search:ASIAI0B -> (ImportResultId: '8b947afed80e34795cc930bf5ba93499') in 0.0993169 seconds
[Worker0] Imported GUID: 8c9cfa26abfee488c85f1582747f6a02 - Path: Assets/Scenes/SampleScene.unity - Importer: ScriptedImporter/UnityEditor.QuickSearchModule:UnityEditor.Search:ASIAI0B -> (ImportResultId: 'f43814bbab7ea2c4609abb3bcf43971b') in 0.0583455 seconds
[Worker0] Imported GUID: 81483aca1630010438afac79c96dbcae - Path: Assets/DropManager.cs - Importer: ScriptedImporter/UnityEditor.QuickSearchModule:UnityEditor.Search:ASIAI0B -> (ImportResultId: 'eae0ef323eb6d6f339cb06d701822c65') in 0.0355287 seconds
[Licensing::Client] Successfully resolved entitlement details
[Worker0] Imported GUID: 2f4cf4c8b41396d4783fbb27f0674b01 - Path: Assets/Resources/InventoryItems/InventoryWax.prefab - Importer: ScriptedImporter/UnityEditor.QuickSearchModule:UnityEditor.Search:ASIAI0B -> (ImportResultId: '5a8b7f2e7889deeb7450f0a23e16ad2c') in 0.0850184 seconds
[Worker0] Imported GUID: 9fef6b72893d1b24980a6da72b62dae2 - Path: Assets/InventoryItem.cs - Importer: ScriptedImporter/UnityEditor.QuickSearchModule:UnityEditor.Search:ASIAI0B -> (ImportResultId: '9693e53ffd45fa48b9b99b6030b7cdff') in 0.0439161 seconds
Worker ready: AssetImportWorkerHW2 2
Worker ready: AssetImportWorkerHW1 1
Asset Pipeline Refresh (id=1eed4716ae89d7c4dab426feee5ddfe4): Total: 0.026 seconds - Initiated by RefreshV2(AllowForceSynchronousImport)
TrimDiskCacheJob: Current cache size 4mb
Asset Pipeline Refresh (id=a9e3fc14feb8d4544bf3170f56c2cef5): Total: 0.024 seconds - Initiated by RefreshV2(AllowForceSynchronousImport)
[Licensing::Client] Successfully resolved entitlement details
Asset Pipeline Refresh (id=273dc8c98269ac94b96dcf5b234d986a): Total: 0.006 seconds - Initiated by RefreshV2(AllowForceSynchronousImport)
MonoPathRemapper: Attempts to remap: 44874; Successful remaps: 2
Serialized file version minimum: 23, current 23
[LAYOUT] About to save layout C:\Users\sdziu\my_documents\0_repositories\whoops\UserSettings\Layouts\default-6000.dwlt
[LAYOUT] About to save layout C:/Users/sdziu/AppData/Roaming/Unity/Editor-5.x/Preferences\Layouts\current\default-6000.dwlt
Font Asset [Oswald Bold SDF] Units Per EM set to 2048. Please commit the newly serialized value.
UnityEngine.Debug:ExtractStackTraceNoAlloc (byte*,int,string)
UnityEngine.StackTraceUtility:ExtractStackTrace ()
UnityEngine.DebugLogHandler:Internal_Log (UnityEngine.LogType,UnityEngine.LogOption,string,UnityEngine.Object)
UnityEngine.DebugLogHandler:LogFormat (UnityEngine.LogType,UnityEngine.Object,string,object[])
UnityEngine.Logger:Log (UnityEngine.LogType,object)
UnityEngine.Debug:Log (object)
TMPro.TMP_FontAsset:ReadFontAssetDefinition () (at ./Library/PackageCache/com.unity.ugui@1c4864518158/Runtime/TMP/TMP_FontAsset.cs:821)
TMPro.TMP_FontAsset:OnValidate () (at ./Library/PackageCache/com.unity.ugui@1c4864518158/Runtime/TMP/TMP_FontAsset.cs:759)
UnityEditor.AssetDatabase:LoadAssetAtPath (string,System.Type)
UnityEditor.AssetDatabase:LoadAssetAtPath<TMPro.TMP_FontAsset> (string)
TMPro.EditorEventCallbacks/<>c:<InitializeFontAssetResourceChangeCallBacks>b__0_0 () (at ./Library/PackageCache/com.unity.ugui@1c4864518158/Editor/TMP/TMP_EditorResourceManager.cs:32)
UnityEditor.EditorApplication:Internal_EditorApplicationQuit ()

(Filename: ./Library/PackageCache/com.unity.ugui@1c4864518158/Runtime/TMP/TMP_FontAsset.cs Line: 821)

Input System module state changed to: ShutdownInProgress.
Input Polling Thread exited.
Input System module state changed to: Shutdown.
[Physics::Module] Cleanup current backend.
[Physics::Module] Id: 0xf2b8ea05
[Licensing::IpcConnector] LicenseClient-sdziu-6000.5.8-notifications channel disconnected successfully.
[Licensing::IpcConnector] LicenseClient-sdziu-6000.5.8 channel disconnected successfully.
Lingering sessions upon destruction of worker manager
AcceleratorClientConnectionCallback - disconnected - :0
Cleanup mono
CodeReloadManager destroyed
abort_threads: Failed aborting id: 0000000000002B50, mono_thread_manage will ignore it

abort_threads: Failed aborting id: 00000000000048C4, mono_thread_manage will ignore it

abort_threads: Failed aborting id: 0000000000002B50, mono_thread_manage will ignore it

abort_threads: Failed aborting id: 00000000000048C4, mono_thread_manage will ignore it

debugger-agent: Unable to listen on 3732
Checking for leaked weakptr:
  Found no leaked weakptrs.
[Package Manager] Server process was shutdown
##utp:{"type":"MemoryLeaks","version":2,"phase":"Immediate","time":1787064652249,"processId":27232,"allocatedMemory":54880278,"memoryLabels":[{"Default":217927},{"Permanent":15516},{"NewDelete":67365},{"Thread":4197560},{"Manager":2345445},{"VertexData":8},{"Geometry":816},{"Texture":24},{"Shader":857520},{"Material":24},{"GfxDevice":55328},{"Animation":5816},{"Audio":1544},{"FreeType":8},{"FontEngine":736},{"Physics":2146},{"Physics2D":16},{"Serialization":2352},{"Input":45280},{"JobScheduler":256},{"TextLib":23254},{"Mono":48},{"MonoCode":128},{"ScriptingNativeRuntime":2447664},{"BaseObject":1621960},{"Resource":1208},{"Renderer":3080},{"Transform":4685},{"File":4005},{"WebCam":616},{"Culling":32},{"Terrain":11442},{"Wind":24},{"STL":40},{"String":9755},{"StaticString":3808},{"Utility":2673970},{"PoolAlloc":2696},{"AI":80},{"TypeTree":14869},{"CodeReload":448},{"RuntimeInitializeOnLoadManager":64},{"Sprites":102},{"SpriteAtlas":120},{"GI":7816},{"Director":3432},{"CloudService":7208},{"WebRequest":5629},{"VR":47114},{"SceneManager":608},{"Video":208},{"LazyScriptCache":32},{"NativeArray":33052268},{"Camera":17},{"Secure":265},{"SerializationCache":1576},{"APIUpdating":10320},{"Subsystems":336},{"VirtualTexturing":57888},{"StaticSafetyDebugInfo":278528},{"Analytics":728},{"Hierarchy":1176},{"UIElements":1135048},{"CoreStats":13688},{"Identifiers":6768},{"Gui":267992},{"EditorUtility":261540},{"VersionControl":8},{"Undo":931},{"AssetDatabase":5029589},{"AssetImporter":40},{"EditorGi":328},{"UnityConnect":35346},{"Upm":1988},{"UpmDiagnostics":8},{"AssetCompliance":64},{"DrivenProperties":72},{"LocalIPC":220},{"ProfilerEditor":9746},{"CoreBusinessMetrics":3480},{"Windowing":456},{"Licensing":1344},{"AssetReference":32},{"IPCStream":32}]}
