[2026-09-06T06:01:15.740Z][INFO] Command-line: 'C:\\Program Files\\Unity\\Hub\\Editor\\6000.5.8f1\\Editor\\Data\\Resources\\PackageManager\\Server\\UnityPackageManager.exe' server -s 24272 --ipc-path Unity-Upm-24272 -l 2 --log-file C:\\Users\\sdziu\\my_documents\\0_repositories\\whoops/Logs/upm.log
[2026-09-06T06:01:15.858Z][INFO] IPC server started (IPC path=Unity-Upm-24272).
[2026-09-06T06:01:15.858Z][INFO] Hint: To connect to this UPM instance, launch Unity with the command-line parameter -upmIpcPath Upm-24272.
[2026-09-06T06:01:27.644Z][INFO] project:list-packages <-- Request received
params: {}
[2026-09-06T06:01:27.895Z][INFO] config:project:get-registries <-- Request received
params: {}
[2026-09-06T06:01:27.907Z][INFO] project:list-packages <-- Request received
params: {}
[2026-09-06T06:01:27.924Z][INFO] config:project:get-registries --> 200 (29 ms)
[2026-09-06T06:01:28.098Z][INFO] project:list-packages --> 200 (454 ms)
[2026-09-06T06:01:28.435Z][INFO] project:list-packages --> 200 (528 ms)
[2026-09-06T06:01:37.273Z][INFO] project:list-packages <-- Request received
params: {}
[2026-09-06T06:01:37.313Z][INFO] project:list-packages <-- Request received
params: {}
[2026-09-06T06:01:37.776Z][INFO] project:list-packages --> 200 (503 ms)
[2026-09-06T06:01:37.805Z][INFO] project:list-packages --> 200 (492 ms)
[2026-09-06T06:01:41.606Z][INFO] project:list-packages <-- Request received
params: {}
[2026-09-06T06:01:41.883Z][INFO] project:list-packages --> 200 (277 ms)
[2026-09-06T06:01:42.813Z][INFO] config:project:get-registries <-- Request received
params: {}
[2026-09-06T06:01:42.820Z][INFO] config:project:get-registries --> 200 (8 ms)
[2026-09-06T06:01:47.596Z][INFO] project:list-packages <-- Request received
params: {}
[2026-09-06T06:01:47.817Z][INFO] project:list-packages --> 200 (221 ms)
[2026-09-06T06:01:50.656Z][INFO] project:list-packages <-- Request received
params: {}
[2026-09-06T06:02:11.123Z][ERROR] Error: Cannot connect to 'packages.unity.com' (error code: ECONNRESET). Check your internet connection and verify that your environment firewall policies allow connection to this host name. If your system is behind a proxy, verify your proxy environment variables (HTTP_PROXY and HTTPS_PROXY) are properly set.
[2026-09-06T06:02:12.741Z][INFO] project:list-packages --> 200 (22085 ms)
